******************************************************************************
                  TI ARM Linker PC v15.12.3                    
******************************************************************************
>> Linked Tue Dec 06 23:19:43 2016

OUTPUT FILE NAME:   <Test.out>
ENTRY POINT SYMBOL: "_c_int00"  address: 00005559


MEMORY CONFIGURATION

         name            origin    length      used     unused   attr    fill
----------------------  --------  ---------  --------  --------  ----  --------
  FLASH                 00000000   00040000  0000968a  00036976  R  X
  SRAM                  20000000   00008000  000025c2  00005a3e  RW X


SEGMENT ALLOCATION MAP

run origin  load origin   length   init length attrs members
----------  ----------- ---------- ----------- ----- -------
00000000    00000000    00009694   00009694    r-x
  00000000    00000000    0000003c   0000003c    r-- .resetVecs
  00000040    00000040    00006f6a   00006f6a    r-x .text
  00006fac    00006fac    00002300   00002300    r-- .const
  000092b0    000092b0    000003e4   000003e4    r-- .cinit
20000000    20000000    00000360   00000000    rw-
  20000000    20000000    00000360   00000000    rw- .vecs
20000380    20000380    00002264   00000000    rw-
  20000380    20000380    000018b0   00000000    rw- .bss
  20001c30    20001c30    000005b2   00000000    rw- .data
  200021e4    200021e4    00000400   00000000    rw- .stack


SECTION ALLOCATION MAP

 output                                  attributes/
section   page    origin      length       input sections
--------  ----  ----------  ----------   ----------------
.text      0    00000040    00006f6a     
                  00000040    00000430     sysbios.aem4f : BIOS.obj (.text:ti_sysbios_family_arm_m3_Hwi_excDumpRegs__I)
                  00000470    0000034c     ti.targets.arm.rtsarm.aem4f : System.oem4f (.text:xdc_runtime_System_doPrint__I)
                  000007bc    00000324     rtsv7M4_T_le_v4SPD16_eabi.lib : trgdrv.obj (.text)
                  00000ae0    000002dc     sysbios.aem4f : BIOS.obj (.text:ti_sysbios_knl_Semaphore_pend__E)
                  00000dbc    00000004     driverlib.lib : timer.obj (.text:TimerIntClear)
                  00000dc0    000001fc     sysbios.aem4f : BIOS.obj (.text:ti_sysbios_family_arm_m3_Hwi_excHandlerMax__I)
                  00000fbc    000001f4     rtsv7M4_T_le_v4SPD16_eabi.lib : ull_div_t2.obj (.text)
                  000011b0    000001ec     empty_pem4f.oem4f (.text:xdc_runtime_System_printfExtend__I)
                  0000139c    000001b6     rtsv7M4_T_le_v4SPD16_eabi.lib : fd_add_t2.obj (.text)
                  00001552    00000006     driverlib.lib : gpio.obj (.text:GPIOPinRead)
                  00001558    0000017c     sysbios.aem4f : BIOS.obj (.text:ti_sysbios_family_arm_lm4_TimestampProvider_get64__E)
                  000016d4    00000004     empty_pem4f.oem4f (.text:malloc)
                  000016d8    00000174     sysbios.aem4f : BIOS.obj (.text:ti_sysbios_family_arm_m3_Hwi_excBusFault__I)
                  0000184c    0000016c     main.obj (.text:uSensor)
                  000019b8    00000164     sysbios.aem4f : BIOS.obj (.text:ti_sysbios_family_arm_m3_Hwi_excUsageFault__I)
                  00001b1c    0000015c     main.obj (.text:hardware_init)
                  00001c78    00000158     main.obj (.text:command_line)
                  00001dd0    00000148     sysbios.aem4f : BIOS.obj (.text:ti_sysbios_family_arm_m3_Hwi_excMemFault__I)
                  00001f18    00000144                   : BIOS.obj (.text:ti_sysbios_family_arm_m3_Hwi_dispatchC__I)
                  0000205c    00000144     ti.targets.arm.rtsarm.aem4f : HeapStd.oem4f (.text:xdc_runtime_HeapStd_alloc__E)
                  000021a0    00000140     sysbios.aem4f : BIOS.obj (.text:ti_sysbios_knl_Semaphore_post__E)
                  000022e0    00000138     empty_pem4f.oem4f (.text:ti_uia_loggers_LoggerStopMode_writeMemoryRange__E)
                  00002418    00000136     rtsv7M4_T_le_v4SPD16_eabi.lib : fd_div_t2.obj (.text)
                  0000254e    00000130     driverlib.lib : gpio.obj (.text:GPIOPadConfigSet)
                  0000267e    00000002     empty_pem4f.oem4f (.text:free)
                  00002680    00000120     sysbios.aem4f : BIOS.obj (.text:ti_sysbios_family_arm_lm4_Timer_start__E)
                  000027a0    0000011c                   : BIOS.obj (.text:ti_sysbios_knl_Swi_run__I)
                  000028bc    00000118     ti.targets.arm.rtsarm.aem4f : Error.oem4f (.text:xdc_runtime_Error_policyDefault__E)
                  000029d4    0000010c     driverlib.lib : sysctl.obj (.text:SysCtlClockGet)
                  00002ae0    0000010c     empty_pem4f.oem4f (.text:ti_uia_loggers_LoggerStopMode_write8__E)
                  00002bec    00000100     Boot.aem4f : Boot_sysctl.oem4f (.text:ti_catalog_arm_cortexm4_tiva_ce_Boot_sysCtlClockSetI__I)
                  00002cec    00000100     ti.targets.arm.rtsarm.aem4f : Core-mem.oem4f (.text:xdc_runtime_Core_createObject__I)
                  00002dec    000000fc     rtsv7M4_T_le_v4SPD16_eabi.lib : fd_mul_t2.obj (.text)
                  00002ee8    000000f8     ti.targets.arm.rtsarm.aem4f : Startup.oem4f (.text:xdc_runtime_Startup_startMods__I)
                  00002fe0    000000f4     sysbios.aem4f : m3_Hwi_asm.obj (.text:ti_sysbios_family_arm_m3_Hwi_dispatch__I)
                  000030d4    000000f4     empty_pem4f.oem4f (.text:ti_uia_loggers_LoggerStopMode_write4__E)
                  000031c8    000000f0     driverlib.lib : sysctl.obj (.text:SysCtlClockSet)
                  000032b8    000000e8     empty_pem4f.oem4f (.text:ti_uia_loggers_LoggerStopMode_write2__E)
                  000033a0    000000e4     empty_pem4f.oem4f (.text:ti_uia_loggers_LoggerStopMode_write1__E)
                  00003484    00000004     empty_pem4f.oem4f (.text:ti_sysbios_BIOS_RtsGateProxy_enter__E)
                  00003488    000000e0     sysbios.aem4f : BIOS.obj (.text:ti_sysbios_knl_Clock_walkQueueDynamic__E)
                  00003568    000000d8     main.obj (.text:ir_sensor)
                  00003640    000000d8     sysbios.aem4f : BIOS.obj (.text:ti_sysbios_family_arm_lm4_TimestampProvider_get32__E)
                  00003718    000000d8     empty_pem4f.oem4f (.text:ti_uia_loggers_LoggerStopMode_write0__E)
                  000037f0    000000cc     sysbios.aem4f : BIOS.obj (.text:ti_sysbios_knl_Task_schedule__I)
                  000038bc    000000cc     ti.targets.arm.rtsarm.aem4f : Core-smem.oem4f (.text:xdc_runtime_Core_constructObject__I)
                  00003988    000000cc                                 : HeapStd.oem4f (.text:xdc_runtime_HeapStd_Instance_init__E)
                  00003a54    00000004     empty_pem4f.oem4f (.text:ti_sysbios_BIOS_RtsGateProxy_leave__E)
                  00003a58    000000bc     sysbios.aem4f : BIOS.obj (.text:ti_sysbios_family_arm_m3_Hwi_excDebugMon__I)
                  00003b14    00000004                   : BIOS.obj (.text:ti_sysbios_family_arm_lm4_Timer_masterEnable__I)
                  00003b18    000000bc                   : BIOS.obj (.text:ti_sysbios_family_arm_m3_Hwi_excHardFault__I)
                  00003bd4    00000004     empty_pem4f.oem4f (.text:ti_sysbios_family_arm_m3_TaskSupport_Module__startupDone__S)
                  00003bd8    000000bc     sysbios.aem4f : BIOS.obj (.text:ti_sysbios_knl_Task_startCore__E)
                  00003c94    00000004     empty_pem4f.oem4f (.text:ti_sysbios_knl_Clock_TimerProxy_getCurrentTick__E)
                  00003c98    000000bc     sysbios.aem4f : BIOS.obj (.text:ti_sysbios_utils_Load_updateLoads__E)
                  00003d54    00000004     empty_pem4f.oem4f (.text:ti_sysbios_knl_Clock_TimerProxy_getMaxTicks__E)
                  00003d58    000000b4     sysbios.aem4f : BIOS.obj (.text:ti_sysbios_gates_GateMutex_enter__E)
                  00003e0c    00000004     empty_pem4f.oem4f (.text:ti_sysbios_knl_Clock_TimerProxy_getPeriod__E)
                  00003e10    000000b4     sysbios.aem4f : BIOS.obj (.text:ti_sysbios_knl_Task_checkStacks__E)
                  00003ec4    00000004     empty_pem4f.oem4f (.text:ti_sysbios_knl_Clock_TimerProxy_setNextTick__E)
                  00003ec8    000000b0     sysbios.aem4f : BIOS.obj (.text:ti_sysbios_knl_Clock_workFuncDynamic__E)
                  00003f78    000000b0                   : BIOS.obj (.text:ti_sysbios_utils_Load_idleFxn__E)
                  00004028    000000ac                   : BIOS.obj (.text:ti_sysbios_family_arm_lm4_Timer_enableTiva__I)
                  000040d4    00000004     empty_pem4f.oem4f (.text:ti_sysbios_knl_Queue_destruct)
                  000040d8    000000ac     sysbios.aem4f : BIOS.obj (.text:ti_sysbios_knl_Swi_post__E)
                  00004184    00000004     empty_pem4f.oem4f (.text:ti_sysbios_knl_Semaphore_destruct)
                  00004188    000000a8     sysbios.aem4f : BIOS.obj (.text:ti_sysbios_family_arm_lm4_Timer_enableTimers__I)
                  00004230    000000a8                   : BIOS.obj (.text:ti_sysbios_knl_Task_blockI__E)
                  000042d8    000000a8     ti.targets.arm.rtsarm.aem4f : HeapStd.oem4f (.text:xdc_runtime_HeapStd_free__E)
                  00004380    000000a0     auto_init.aem4f : auto_init.oem4f (.text)
                  00004420    000000a0     ti.targets.arm.rtsarm.aem4f : Text.oem4f (.text:xdc_runtime_Text_putMod__E)
                  000044c0    0000009c     rtsv7M4_T_le_v4SPD16_eabi.lib : memcpy_t2.obj (.text)
                  0000455c    00000004     ti.uia.loggers.aem4f : LoggerStopMode.oem4f (.text:ti_uia_loggers_LoggerStopMode_getContents__E)
                  00004560    0000009c     sysbios.aem4f : BIOS.obj (.text:ti_sysbios_knl_Semaphore_Instance_init__E)
                  000045fc    00000004     empty_pem4f.oem4f (.text:ti_uia_loggers_LoggerStopMode_getFilterLevel__E)
                  00004600    0000009c     sysbios.aem4f : BIOS.obj (.text:ti_sysbios_knl_Task_postInit__I)
                  0000469c    0000009a     ti.targets.arm.rtsarm.aem4f : Text.oem4f (.text:xdc_runtime_Text_putSite__E)
                  00004736    00000002     rtsv7M4_T_le_v4SPD16_eabi.lib : i_div0.obj (.text)
                  00004738    00000098     Boot.aem4f : Boot.oem4f (.text:ti_catalog_arm_cortexm4_tiva_ce_Boot_sysCtlClockSet__E)
                  000047d0    00000094     sysbios.aem4f : BIOS.obj (.text:ti_sysbios_family_arm_m3_Hwi_initNVIC__E)
                  00004864    00000004     ti.uia.loggers.aem4f : LoggerStopMode.oem4f (.text:ti_uia_loggers_LoggerStopMode_getInstanceId__E)
                  00004868    00000094     sysbios.aem4f : BIOS.obj (.text:ti_sysbios_knl_Task_exit__E)
                  000048fc    00000004     ti.uia.loggers.aem4f : LoggerStopMode.oem4f (.text:ti_uia_loggers_LoggerStopMode_getMaxLength__E)
                  00004900    00000090     sysbios.aem4f : BIOS.obj (.text:ti_sysbios_knl_Task_unblockI__E)
                  00004990    00000090     ti.uia.loggers.aem4f : LoggerStopMode.oem4f (.text:ti_uia_loggers_LoggerStopMode_initQueueDescriptor__E)
                  00004a20    0000008c     sysbios.aem4f : BIOS.obj (.text:ti_sysbios_family_arm_lm4_Timer_setNextTick__E)
                  00004aac    0000008c                   : m3_TaskSupport_asm.obj (.text:ti_sysbios_family_arm_m3_TaskSupport_buildTaskStack)
                  00004b38    00000086     rtsv7M4_T_le_v4SPD16_eabi.lib : fd_cmp_t2.obj (.text:__aeabi_cdcmple)
                  00004bbe    00000086                                   : fd_cmp_t2.obj (.text:__aeabi_cdrcmple)
                  00004c44    00000004     ti.uia.loggers.aem4f : LoggerStopMode.oem4f (.text:ti_uia_loggers_LoggerStopMode_getPriority__E)
                  00004c48    00000084     sysbios.aem4f : BIOS.obj (.text:ti_sysbios_family_arm_m3_Hwi_postInit__I)
                  00004ccc    0000007a     driverlib.lib : adc.obj (.text:ADCSequenceStepConfigure)
                  00004d46    0000007a     rtsv7M4_T_le_v4SPD16_eabi.lib : memset_t2.obj (.text)
                  00004dc0    00000074     ti.uia.runtime.aem4f : QueueDescriptor.oem4f (.text:ti_uia_runtime_QueueDescriptor_addToList__E)
                  00004e34    0000006d     ti.targets.arm.rtsarm.aem4f : System.oem4f (.text:xdc_runtime_System_formatNum__I)
                  00004ea1    00000001     --HOLE-- [fill = 0]
                  00004ea2    00000006     driverlib.lib : gpio.obj (.text:GPIOPinWrite)
                  00004ea8    0000006c     sysbios.aem4f : BIOS.obj (.text:ti_sysbios_knl_Swi_restoreHwi__E)
                  00004f14    0000006c     ti.targets.arm.rtsarm.aem4f : Error.oem4f (.text:xdc_runtime_Error_print__E)
                  00004f80    0000006c                                 : Memory.oem4f (.text:xdc_runtime_Memory_alloc__E)
                  00004fec    0000006a     rtsv7M4_T_le_v4SPD16_eabi.lib : copy_decompress_rle.obj (.text)
                  00005056    00000002     empty_pem4f.oem4f (.text:ti_sysbios_BIOS_nullFunc__I)
                  00005058    00000068     rtsv7M4_T_le_v4SPD16_eabi.lib : trgmsg.obj (.text)
                  000050c0    00000068     sysbios.aem4f : BIOS.obj (.text:ti_sysbios_knl_Clock_startI__E)
                  00005128    00000066     ti.uia.loggers.aem4f : LoggerStopMode.oem4f (.text:ti_uia_loggers_LoggerStopMode_flush__E)
                  0000518e    00000066     ti.targets.arm.rtsarm.aem4f : Core-mem.oem4f (.text:xdc_runtime_Core_deleteObject__I)
                  000051f4    00000004     ti.uia.loggers.aem4f : LoggerStopMode.oem4f (.text:ti_uia_loggers_LoggerStopMode_getTransferType__E)
                  000051f8    00000064     sysbios.aem4f : BIOS.obj (.text:ti_sysbios_family_arm_lm4_Timer_Module_startup__E)
                  0000525c    00000060     driverlib.lib : timer.obj (.text:TimerConfigure)
                  000052bc    00000060     main.obj (.text:motor_moveForward)
                  0000531c    00000004     ti.targets.arm.rtsarm.aem4f : Error.oem4f (.text:xdc_runtime_Error_getSite__E)
                  00005320    00000060     sysbios.aem4f : BIOS.obj (.text:ti_sysbios_family_arm_lm4_Timer_isrStub__E)
                  00005380    00000060                   : BIOS.obj (.text:ti_sysbios_knl_Clock_logTick__E)
                  000053e0    00000060                   : BIOS.obj (.text:ti_sysbios_utils_Load_logCPULoad__I)
                  00005440    0000005c                   : BIOS.obj (.text:ti_sysbios_knl_Swi_schedule__I)
                  0000549c    00000004     ti.targets.arm.rtsarm.aem4f : HeapStd.oem4f (.text:xdc_runtime_HeapStd_isBlocking__E)
                  000054a0    0000005c     sysbios.aem4f : BIOS.obj (.text:ti_sysbios_knl_Task_Module_startup__E)
                  000054fc    0000005b     ti.targets.arm.rtsarm.aem4f : Text.oem4f (.text:xdc_runtime_Text_putLab__E)
                  00005557    00000001     --HOLE-- [fill = 0]
                  00005558    00000058     boot.aem4f : boot.oem4f (.text)
                  000055b0    00000058     sysbios.aem4f : m3_Hwi_asm_switch.obj (.text:ti_sysbios_family_arm_m3_Hwi_initStacks__E)
                  00005608    00000058     empty_pem4f.oem4f (.text:xdc_runtime_HeapStd_Object__create__S)
                  00005660    00000054     rtsv7M4_T_le_v4SPD16_eabi.lib : exit.obj (.text)
                  000056b4    00000054     ti.targets.arm.rtsarm.aem4f : Assert.oem4f (.text:xdc_runtime_Assert_raise__I)
                  00005708    00000050     sysbios.aem4f : BIOS.obj (.text:ti_sysbios_family_arm_m3_Hwi_Module_startup__E)
                  00005758    00000050     ti.targets.arm.rtsarm.aem4f : Startup.oem4f (.text:xdc_runtime_Startup_exec__E)
                  000057a8    00000050                                 : Text.oem4f (.text:xdc_runtime_Text_visitRope2__I)
                  000057f8    0000004c     rtsv7M4_T_le_v4SPD16_eabi.lib : cpy_tbl.obj (.text)
                  00005844    00000004     empty_pem4f.oem4f (.text:xdc_runtime_System_Module_GateProxy_enter__E)
                  00005848    0000004c     sysbios.aem4f : BIOS.obj (.text:ti_sysbios_knl_Swi_runLoop__I)
                  00005894    00000004     empty_pem4f.oem4f (.text:xdc_runtime_System_Module_GateProxy_leave__E)
                  00005898    0000004c     sysbios.aem4f : BIOS.obj (.text:ti_sysbios_knl_Task_allBlockedFunction__I)
                  000058e4    0000004c     ti.uia.loggers.aem4f : LoggerStopMode.oem4f (.text:ti_uia_loggers_LoggerStopMode_Module_startup__E)
                  00005930    00000048     rtsv7M4_T_le_v4SPD16_eabi.lib : fd_toi_t2.obj (.text)
                  00005978    00000048     sysbios.aem4f : BIOS.obj (.text:ti_sysbios_family_arm_lm4_Timer_getCurrentTick__E)
                  000059c0    00000048                   : BIOS.obj (.text:ti_sysbios_family_arm_m3_Hwi_disableInterrupt__E)
                  00005a08    00000048                   : BIOS.obj (.text:ti_sysbios_family_arm_m3_Hwi_enableInterrupt__E)
                  00005a50    00000048                   : BIOS.obj (.text:ti_sysbios_family_arm_m3_Hwi_excReserved__I)
                  00005a98    00000046     ti.targets.arm.rtsarm.aem4f : Core-params.oem4f (.text:xdc_runtime_Core_assignParams__I)
                  00005ade    00000002     empty_pem4f.oem4f (.text:ti_uia_loggers_LoggerStopMode_setFilterLevel__E)
                  00005ae0    00000044     main.obj (.text:motor_rotateLeft_90)
                  00005b24    00000044     main.obj (.text:motor_rotateRight_90)
                  00005b68    00000044     rtsv7M4_T_le_v4SPD16_eabi.lib : fd_tou_t2.obj (.text)
                  00005bac    00000004     ti.targets.arm.rtsarm.aem4f : System.oem4f (.text:xdc_runtime_System_aprintf_va__F)
                  00005bb0    00000044     sysbios.aem4f : BIOS.obj (.text:ti_sysbios_family_arm_m3_Hwi_getStackInfo__E)
                  00005bf4    00000044     ti.uia.loggers.aem4f : LoggerStopMode.oem4f (.text:ti_uia_loggers_LoggerStopMode_initBuffer__I)
                  00005c38    00000044     ti.targets.arm.rtsarm.aem4f : Error.oem4f (.text:xdc_runtime_Error_setX__E)
                  00005c7c    00000044                                 : SysMin.oem4f (.text:xdc_runtime_SysMin_flush__E)
                  00005cc0    00000044                                 : Text.oem4f (.text:xdc_runtime_Text_xprintf__I)
                  00005d04    00000042     driverlib.lib : uart.obj (.text:UARTConfigSetExpClk)
                  00005d46    00000040     rtsv7M4_T_le_v4SPD16_eabi.lib : u_divt2.obj (.text)
                  00005d86    00000002     ti.uia.loggers.aem4f : LoggerStopMode.oem4f (.text:ti_uia_loggers_LoggerStopMode_setPriority__E)
                  00005d88    00000040     sysbios.aem4f : BIOS.obj (.text:ti_sysbios_family_arm_lm4_Timer_startup__E)
                  00005dc8    0000003e     driverlib.lib : adc.obj (.text:ADCSequenceConfigure)
                  00005e06    00000002     empty_pem4f.oem4f (.text:xdc_runtime_Startup_reset__I)
                  00005e08    0000003c     sysbios.aem4f : BIOS.obj (.text:ti_sysbios_family_arm_m3_Hwi_excSvCall__I)
                  00005e44    00000004     ti.targets.arm.rtsarm.aem4f : System.oem4f (.text:xdc_runtime_System_printf_va__F)
                  00005e48    0000003c     sysbios.aem4f : BIOS.obj (.text:ti_sysbios_knl_Swi_restore__E)
                  00005e84    00000038     rtsv7M4_T_le_v4SPD16_eabi.lib : fs_tod_t2.obj (.text)
                  00005ebc    00000004     --HOLE-- [fill = 0]
                  00005ec0    00000038     sysbios.aem4f : BIOS.obj (.text:ti_sysbios_family_arm_m3_Hwi_excNoIsr__I)
                  00005ef8    00000038                   : BIOS.obj (.text:ti_sysbios_knl_Task_processVitalTaskFlag__I)
                  00005f30    00000038     ti.targets.arm.rtsarm.aem4f : SysMin.oem4f (.text:xdc_runtime_SysMin_putch__E)
                  00005f68    00000038                                 : System.oem4f (.text:xdc_runtime_System_atexit__E)
                  00005fa0    00000034     driverlib.lib : sysctl.obj (.text:SysCtlPeripheralEnable)
                  00005fd4    00000034     main.obj (.text:led_control)
                  00006008    00000034     sysbios.aem4f : BIOS.obj (.text:ti_sysbios_family_arm_m3_Hwi_excNmi__I)
                  0000603c    00000004     --HOLE-- [fill = 0]
                  00006040    00000034                   : BIOS.obj (.text:ti_sysbios_hal_Hwi_checkStack)
                  00006074    00000034     ti.uia.loggers.aem4f : LoggerStopMode.oem4f (.text:ti_uia_loggers_LoggerStopMode_reset__E)
                  000060a8    00000034     ti.targets.arm.rtsarm.aem4f : Core-label.oem4f (.text:xdc_runtime_Core_assignLabel__I)
                  000060dc    00000033                                 : Text.oem4f (.text:xdc_runtime_Text_printVisFxn__I)
                  0000610f    00000001     --HOLE-- [fill = 0]
                  00006110    00000032     sysbios.aem4f : BIOS.obj (.text:ti_sysbios_hal_Hwi_initStack)
                  00006142    00000006     driverlib.lib : sysctl.obj (.text:SysCtlDelay)
                  00006148    00000032     sysbios.aem4f : BIOS.obj (.text:ti_sysbios_knl_Semaphore_pendTimeout__I)
                  0000617a    00000002     --HOLE-- [fill = 0]
                  0000617c    00000030     empty_pem4f.oem4f (.text:ti_sysbios_BIOS_atExitFunc__I)
                  000061ac    00000004     --HOLE-- [fill = 0]
                  000061b0    00000030     sysbios.aem4f : BIOS.obj (.text:ti_sysbios_family_arm_lm4_Timer_stop__E)
                  000061e0    00000030                   : BIOS.obj (.text:ti_sysbios_family_arm_m3_TaskSupport_start__E)
                  00006210    00000030     empty_pem4f.oem4f (.text:ti_sysbios_gates_GateHwi_Object__create__S)
                  00006240    00000030     empty_pem4f.oem4f (.text:ti_sysbios_gates_GateMutex_Object__create__S)
                  00006270    00000030     empty_pem4f.oem4f (.text:ti_sysbios_knl_Semaphore_construct)
                  000062a0    00000030     sysbios.aem4f : BIOS.obj (.text:ti_sysbios_utils_Load_updateCurrentThreadTime__E)
                  000062d0    00000030     empty_pem4f.oem4f (.text:ti_uia_loggers_LoggerStopMode_Object__create__S)
                  00006300    00000030     ti.targets.arm.rtsarm.aem4f : SysMin.oem4f (.text:xdc_runtime_SysMin_abort__E)
                  00006330    00000030                                 : System.oem4f (.text:xdc_runtime_System_processAtExit__E)
                  00006360    0000002e     driverlib.lib : adc.obj (.text:ADCIntStatus)
                  0000638e    0000002e     rtsv7M4_T_le_v4SPD16_eabi.lib : i_tofd_t2.obj (.text)
                  000063bc    0000002c     empty_pem4f.oem4f (.text:ti_sysbios_knl_Queue_construct)
                  000063e8    0000002c     sysbios.aem4f : BIOS.obj (.text:ti_sysbios_knl_Task_restore__E)
                  00006414    0000002c     ti.targets.arm.rtsarm.aem4f : Text.oem4f (.text:xdc_runtime_Text_cordText__E)
                  00006440    0000002a     driverlib.lib : gpio.obj (.text:GPIODirModeSet)
                  0000646a    0000002a     ti.targets.arm.rtsarm.aem4f : System.oem4f (.text:xdc_runtime_System_putchar__I)
                  00006494    00000004     --HOLE-- [fill = 0]
                  00006498    00000028     sysbios.aem4f : BIOS.obj (.text:ti_sysbios_knl_Swi_Module_startup__E)
                  000064c0    00000026                   : m3_Hwi_asm.obj (.text:ti_sysbios_family_arm_m3_Hwi_pendSV__I)
                  000064e6    00000026     ti.targets.arm.rtsarm.aem4f : System.oem4f (.text:xdc_runtime_System_avprintf__E)
                  0000650c    00000024     empty_pem4f.oem4f (.text:ti_sysbios_BIOS_errorRaiseHook__I)
                  00006530    00000024     empty_pem4f.oem4f (.text:ti_sysbios_BIOS_registerRTSLock__I)
                  00006554    00000024     empty_pem4f.oem4f (.text:ti_sysbios_BIOS_removeRTSLock__I)
                  00006578    00000024     empty_pem4f.oem4f (.text:ti_sysbios_BIOS_startFunc__I)
                  0000659c    00000024     empty_pem4f.oem4f (.text:ti_sysbios_gates_GateMutex_Object__delete__S)
                  000065c0    00000024     sysbios.aem4f : BIOS.obj (.text:ti_sysbios_knl_Clock_Module_startup__E)
                  000065e4    00000004     --HOLE-- [fill = 0]
                  000065e8    00000024                   : BIOS.obj (.text:ti_sysbios_knl_Task_restoreHwi__E)
                  0000660c    00000024     ti.targets.arm.rtsarm.aem4f : System.oem4f (.text:xdc_runtime_System_vprintf__E)
                  00006630    00000022     sysbios.aem4f : BIOS.obj (.text:ti_sysbios_family_arm_lm4_Timer_write__I)
                  00006652    00000022     empty_pem4f.oem4f (.text:xdc_runtime_SysMin_output__I)
                  00006674    00000020     rtsv7M4_T_le_v4SPD16_eabi.lib : u_tofd_t2.obj (.text)
                  00006694    00000020     empty_pem4f.oem4f (.text:ti_sysbios_BIOS_rtsLock__I)
                  000066b4    00000020     sysbios.aem4f : m3_Hwi_asm.obj (.text:ti_sysbios_family_arm_m3_Hwi_excHandlerAsm__I)
                  000066d4    00000004     --HOLE-- [fill = 0]
                  000066d8    00000020                   : BIOS.obj (.text:ti_sysbios_family_arm_m3_Hwi_excHandler__I)
                  000066f8    00000020     empty_pem4f.oem4f (.text:ti_sysbios_gates_GateHwi_Object__delete__S)
                  00006718    00000020     sysbios.aem4f : BIOS.obj (.text:ti_sysbios_knl_Clock_getTicks__E)
                  00006738    00000020                   : BIOS.obj (.text:ti_sysbios_knl_Idle_run__E)
                  00006758    00000020     empty_pem4f.oem4f (.text:ti_sysbios_knl_Semaphore_Object__destruct__S)
                  00006778    00000020     empty_pem4f.oem4f (.text:ti_uia_loggers_LoggerStopMode_Object__delete__S)
                  00006798    00000020     ti.targets.arm.rtsarm.aem4f : Registry.oem4f (.text:xdc_runtime_Registry_findById__E)
                  000067b8    00000020                                 : SysMin.oem4f (.text:xdc_runtime_SysMin_Module_startup__E)
                  000067d8    0000001e     driverlib.lib : adc.obj (.text:ADCSequenceDataGet)
                  000067f6    0000001e     sysbios.aem4f : m3_Hwi_asm_switch.obj (.text:ti_sysbios_family_xxx_Hwi_switchAndRunFunc)
                  00006814    0000001c     driverlib.lib : uart.obj (.text:UARTDisable)
                  00006830    0000001c     sysbios.aem4f : BIOS.obj (.text:ti_sysbios_gates_GateMutex_Instance_init__E)
                  0000684c    00000004     --HOLE-- [fill = 0]
                  00006850    0000001c                   : BIOS.obj (.text:ti_sysbios_knl_Clock_scheduleNextTick__E)
                  0000686c    0000001c     empty_pem4f.oem4f (.text:ti_sysbios_knl_Queue_Object__destruct__S)
                  00006888    0000001c     sysbios.aem4f : BIOS.obj (.text:ti_sysbios_knl_Queue_put__E)
                  000068a4    00000004     --HOLE-- [fill = 0]
                  000068a8    0000001c                   : BIOS.obj (.text:ti_sysbios_knl_Task_enter__I)
                  000068c4    0000001c     ti.uia.loggers.aem4f : LoggerStopMode.oem4f (.text:ti_uia_loggers_LoggerStopMode_Instance_init__E)
                  000068e0    0000001c     ti.targets.arm.rtsarm.aem4f : Error.oem4f (.text:xdc_runtime_Error_raiseX__E)
                  000068fc    0000001c     empty_pem4f.oem4f (.text:xdc_runtime_HeapStd_Object__delete__S)
                  00006918    0000001c     ti.targets.arm.rtsarm.aem4f : Memory.oem4f (.text:xdc_runtime_Memory_valloc__E)
                  00006934    0000001c                                 : SysMin.oem4f (.text:xdc_runtime_SysMin_exit__E)
                  00006950    0000001c                                 : System.oem4f (.text:xdc_runtime_System_abort__E)
                  0000696c    0000001a     empty_pem4f.oem4f (.text:ti_sysbios_family_arm_m3_Hwi_Handle__label__S)
                  00006986    0000001a     empty_pem4f.oem4f (.text:ti_sysbios_gates_GateHwi_Handle__label__S)
                  000069a0    0000001a     empty_pem4f.oem4f (.text:ti_sysbios_gates_GateMutex_Handle__label__S)
                  000069ba    0000001a     empty_pem4f.oem4f (.text:ti_sysbios_knl_Swi_Handle__label__S)
                  000069d4    0000001a     empty_pem4f.oem4f (.text:ti_sysbios_knl_Task_Handle__label__S)
                  000069ee    0000001a     empty_pem4f.oem4f (.text:ti_uia_loggers_LoggerStopMode_Handle__label__S)
                  00006a08    0000001a     empty_pem4f.oem4f (.text:xdc_runtime_HeapStd_Handle__label__S)
                  00006a22    0000001a     empty_pem4f.oem4f (.text:xdc_runtime_System_aprintf__E)
                  00006a3c    0000001a     empty_pem4f.oem4f (.text:xdc_runtime_System_printf__E)
                  00006a56    00000018     driverlib.lib : adc.obj (.text:ADCProcessorTrigger)
                  00006a6e    00000018                   : gpio.obj (.text:GPIOPinTypeGPIOOutput)
                  00006a86    00000002     --HOLE-- [fill = 0]
                  00006a88    00000018     main.obj (.text:UARTNextLine)
                  00006aa0    00000018     rtsv7M4_T_le_v4SPD16_eabi.lib : args_main.obj (.text)
                  00006ab8    00000018     empty_pem4f.oem4f (.text:ti_sysbios_BIOS_rtsUnlock__I)
                  00006ad0    00000018     empty_pem4f.oem4f (.text:ti_sysbios_family_arm_lm4_Timer_Module__startupDone__F)
                  00006ae8    00000018     empty_pem4f.oem4f (.text:ti_sysbios_family_arm_m3_Hwi_Module__startupDone__F)
                  00006b00    00000018     sysbios.aem4f : m3_TaskSupport_asm.obj (.text:ti_sysbios_family_arm_m3_TaskSupport_swap__E)
                  00006b18    00000018                   : BIOS.obj (.text:ti_sysbios_gates_GateMutex_leave__E)
                  00006b30    00000018     ti.targets.arm.rtsarm.aem4f : Error.oem4f (.text:xdc_runtime_Error_check__E)
                  00006b48    00000018                                 : System.oem4f (.text:xdc_runtime_System_exit__E)
                  00006b60    00000018                                 : Text.oem4f (.text:xdc_runtime_Text_ropeText__E)
                  00006b78    00000016     empty_pem4f.oem4f (.text:ti_sysbios_BIOS_exitFunc__I)
                  00006b8e    00000016     ti.uia.loggers.aem4f : LoggerStopMode.oem4f (.text:ti_uia_loggers_LoggerStopMode_disable__E)
                  00006ba4    00000016                          : LoggerStopMode.oem4f (.text:ti_uia_loggers_LoggerStopMode_enable__E)
                  00006bba    00000014     driverlib.lib : uart.obj (.text:UARTEnable)
                  00006bce    00000002     --HOLE-- [fill = 0]
                  00006bd0    00000014     rtsv7M4_T_le_v4SPD16_eabi.lib : _lock.obj (.text)
                  00006be4    00000014                                   : strcpy.obj (.text)
                  00006bf8    00000014                                   : strlen.obj (.text)
                  00006c0c    00000014     empty_pem4f.oem4f (.text:ti_sysbios_family_arm_m3_Hwi_Object__get__S)
                  00006c20    00000014     sysbios.aem4f : BIOS.obj (.text:ti_sysbios_family_arm_m3_Hwi_switchFromBootStack__E)
                  00006c34    00000014     empty_pem4f.oem4f (.text:ti_sysbios_knl_Clock_doTick__I)
                  00006c48    00000014     empty_pem4f.oem4f (.text:ti_sysbios_knl_Swi_Object__get__S)
                  00006c5c    00000012     driverlib.lib : gpio.obj (.text:GPIOPinTypeADC)
                  00006c6e    00000012                   : gpio.obj (.text:GPIOPinTypeGPIOInput)
                  00006c80    00000012                   : gpio.obj (.text:GPIOPinTypeUART)
                  00006c92    00000012                   : timer.obj (.text:TimerLoadSet)
                  00006ca4    00000004     --HOLE-- [fill = 0]
                  00006ca8    00000012     sysbios.aem4f : BIOS.obj (.text:ti_sysbios_hal_Hwi_Module_startup__E)
                  00006cba    00000012     empty_pem4f.oem4f (.text:xdc_runtime_Startup_exec__I)
                  00006ccc    00000010     main.obj (.text:move_forward_1ft)
                  00006cdc    00000004     --HOLE-- [fill = 0]
                  00006ce0    00000010     sysbios.aem4f : BIOS.obj (.text:ti_sysbios_BIOS_getCpuFreq__E)
                  00006cf0    00000010                   : BIOS.obj (.text:ti_sysbios_BIOS_setThreadType__E)
                  00006d00    00000010                   : BIOS.obj (.text:ti_sysbios_BIOS_start__E)
                  00006d10    00000010                   : BIOS.obj (.text:ti_sysbios_family_arm_lm4_TimestampProvider_rolloverFunc__E)
                  00006d20    00000010                   : m3_TaskSupport_asm.obj (.text:ti_sysbios_family_arm_m3_TaskSupport_glue)
                  00006d30    00000010                   : BIOS.obj (.text:ti_sysbios_gates_GateMutex_Instance_finalize__E)
                  00006d40    00000010                   : BIOS.obj (.text:ti_sysbios_knl_Semaphore_Instance_finalize__E)
                  00006d50    00000010                   : BIOS.obj (.text:ti_sysbios_knl_Swi_disable__E)
                  00006d60    00000010     empty_pem4f.oem4f (.text:ti_sysbios_knl_Task_Object__get__S)
                  00006d70    00000010     sysbios.aem4f : BIOS.obj (.text:ti_sysbios_knl_Task_disable__E)
                  00006d80    00000010     empty_pem4f.oem4f (.text:ti_uia_loggers_LoggerStopMode_Object__get__S)
                  00006d90    00000010     ti.uia.loggers.aem4f : LoggerStopMode.oem4f (.text:ti_uia_loggers_LoggerStopMode_isEmpty__E)
                  00006da0    00000010     ti.targets.arm.rtsarm.aem4f : Gate.oem4f (.text:xdc_runtime_Gate_leaveSystem__E)
                  00006db0    00000010                                 : Memory.oem4f (.text:xdc_runtime_Memory_free__E)
                  00006dc0    00000010                                 : SysMin.oem4f (.text:xdc_runtime_SysMin_ready__E)
                  00006dd0    00000010                                 : System.oem4f (.text:xdc_runtime_System_vsnprintf__E)
                  00006de0    00000010     empty_pem4f.oem4f (.text:xdc_runtime_Text_visitRope__I)
                  00006df0    0000000e     driverlib.lib : adc.obj (.text:ADCSequenceEnable)
                  00006dfe    0000000e                   : timer.obj (.text:TimerEnable)
                  00006e0c    0000000e     rtsv7M4_T_le_v4SPD16_eabi.lib : copy_decompress_none.obj (.text:decompress:none)
                  00006e1a    00000006                                   : copy_decompress_rle.obj (.text:decompress:rle24)
                  00006e20    0000000e     sysbios.aem4f : BIOS.obj (.text:ti_sysbios_knl_Idle_loop__E)
                  00006e2e    0000000e     ti.targets.arm.rtsarm.aem4f : HeapStd.oem4f (.text:xdc_runtime_HeapStd_getStats__E)
                  00006e3c    0000000c     empty_pem4f.oem4f (.text:.bootCodeSection:ti_catalog_arm_cortexm4_tiva_ce_Boot_init__I)
                  00006e48    0000000c     main.obj (.text:delay)
                  00006e54    0000000c     main.obj (.text:main)
                  00006e60    0000000c     sysbios.aem4f : BIOS.obj (.text:ti_sysbios_family_arm_lm4_Timer_getMaxTicks__E)
                  00006e6c    00000004     --HOLE-- [fill = 0]
                  00006e70    0000000c                   : BIOS.obj (.text:ti_sysbios_family_arm_lm4_TimestampProvider_startTimer__E)
                  00006e7c    00000004     --HOLE-- [fill = 0]
                  00006e80    0000000c                   : BIOS.obj (.text:ti_sysbios_family_arm_m3_Hwi_disableFxn__E)
                  00006e8c    00000004     --HOLE-- [fill = 0]
                  00006e90    0000000c                   : BIOS.obj (.text:ti_sysbios_family_arm_m3_TaskSupport_checkStack__E)
                  00006e9c    00000004     --HOLE-- [fill = 0]
                  00006ea0    0000000c                   : BIOS.obj (.text:ti_sysbios_gates_GateHwi_enter__E)
                  00006eac    0000000c     empty_pem4f.oem4f (.text:ti_sysbios_knl_Queue_Object__get__S)
                  00006eb8    0000000c     ti.targets.arm.rtsarm.aem4f : Error.oem4f (.text:xdc_runtime_Error_init__E)
                  00006ec4    0000000c                                 : Gate.oem4f (.text:xdc_runtime_Gate_enterSystem__E)
                  00006ed0    0000000c                                 : Memory.oem4f (.text:xdc_runtime_Memory_calloc__E)
                  00006edc    0000000c                                 : Memory.oem4f (.text:xdc_runtime_Memory_getMaxDefaultTypeAlign__E)
                  00006ee8    0000000a     driverlib.lib : adc.obj (.text:ADCIntClear)
                  00006ef2    0000000a                   : timer.obj (.text:TimerValueGet)
                  00006efc    0000000a                   : uart.obj (.text:UARTCharGet)
                  00006f06    0000000a                   : uart.obj (.text:UARTCharPut)
                  00006f10    0000000a     empty_pem4f.oem4f (.text:xdc_runtime_IHeap_alloc)
                  00006f1a    0000000a     empty_pem4f.oem4f (.text:xdc_runtime_IHeap_free)
                  00006f24    00000008     driverlib.lib : timer.obj (.text:TimerIntEnable)
                  00006f2c    00000008     sysbios.aem4f : BIOS.obj (.text:ti_sysbios_family_arm_lm4_Timer_masterDisable__I)
                  00006f34    00000004     --HOLE-- [fill = 0]
                  00006f38    00000008                   : BIOS.obj (.text:ti_sysbios_family_arm_m3_Hwi_doSwiRestore__I)
                  00006f40    00000008                   : BIOS.obj (.text:ti_sysbios_family_arm_m3_Hwi_startup__E)
                  00006f48    00000006     Boot.aem4f : Boot_sysctl.oem4f (.text:ti_catalog_arm_cortexm4_tiva_ce_Boot_sysCtlDelayI__I)
                  00006f4e    00000002     --HOLE-- [fill = 0]
                  00006f50    00000006     sysbios.aem4f : BIOS.obj (.text:ti_sysbios_family_arm_lm4_TimestampProvider_Module_startup__E)
                  00006f56    00000002     --HOLE-- [fill = 0]
                  00006f58    00000006                   : BIOS.obj (.text:ti_sysbios_family_arm_m3_Hwi_doTaskRestore__I)
                  00006f5e    00000002     --HOLE-- [fill = 0]
                  00006f60    00000006                   : BIOS.obj (.text:ti_sysbios_family_arm_m3_Hwi_restoreFxn__E)
                  00006f66    00000002     --HOLE-- [fill = 0]
                  00006f68    00000006                   : BIOS.obj (.text:ti_sysbios_gates_GateHwi_leave__E)
                  00006f6e    00000002     --HOLE-- [fill = 0]
                  00006f70    00000006                   : BIOS.obj (.text:ti_sysbios_knl_Queue_Instance_init__E)
                  00006f76    00000002     --HOLE-- [fill = 0]
                  00006f78    00000006                   : BIOS.obj (.text:ti_sysbios_knl_Swi_startup__E)
                  00006f7e    00000006     ti.targets.arm.rtsarm.aem4f : System.oem4f (.text:xdc_runtime_System_Module_startup__E)
                  00006f84    00000004     --HOLE-- [fill = 0]
                  00006f88    00000004     sysbios.aem4f : BIOS.obj (.text:ti_sysbios_family_arm_lm4_Timer_getPeriod__E)
                  00006f8c    00000004     --HOLE-- [fill = 0]
                  00006f90    00000004                   : BIOS.obj (.text:ti_sysbios_gates_GateHwi_query__E)
                  00006f94    00000004     --HOLE-- [fill = 0]
                  00006f98    00000004                   : BIOS.obj (.text:ti_sysbios_gates_GateMutex_query__E)
                  00006f9c    00000004     --HOLE-- [fill = 0]
                  00006fa0    00000004                   : BIOS.obj (.text:ti_sysbios_knl_Task_startup__E)
                  00006fa4    00000004     --HOLE-- [fill = 0]
                  00006fa8    00000002                   : BIOS.obj (.text:ti_sysbios_gates_GateHwi_Instance_init__E)

.const     0    00006fac    00002300     
                  00006fac    00001c01     empty_pem4f.oem4f (.const:xdc_runtime_Text_charTab__A)
                  00008bad    00000001     empty_pem4f.oem4f (.const:xdc_runtime_Error_policy__C)
                  00008bae    000000fc     empty_pem4f.oem4f (.const:xdc_runtime_Text_nodeTab__A)
                  00008caa    00000002     empty_pem4f.oem4f (.const:ti_catalog_arm_cortexm4_tiva_ce_Boot_Module__id__C)
                  00008cac    0000006c     driverlib.lib : sysctl.obj (.const:g_pui32Xtals)
                  00008d18    00000060     empty_pem4f.oem4f (.const:ti_uia_loggers_LoggerStopMode_Module__FXNS__C)
                  00008d78    00000048     empty_pem4f.oem4f (.const:.string)
                  00008dc0    00000028     empty_pem4f.oem4f (.const:ti_uia_loggers_LoggerStopMode_Object__PARAMS__C)
                  00008de8    00000028     empty_pem4f.oem4f (.const:xdc_runtime_HeapStd_Module__FXNS__C)
                  00008e10    00000028     empty_pem4f.oem4f (.const:xdc_runtime_Startup_sfxnTab__A)
                  00008e38    00000024     empty_pem4f.oem4f (.const:ti_sysbios_gates_GateHwi_Module__FXNS__C)
                  00008e5c    00000024     empty_pem4f.oem4f (.const:ti_sysbios_gates_GateMutex_Module__FXNS__C)
                  00008e80    00000024     empty_pem4f.oem4f (.const:ti_sysbios_knl_Semaphore_Object__PARAMS__C)
                  00008ea4    00000020     empty_pem4f.oem4f (.const:ti_sysbios_gates_GateHwi_Object__DESC__C)
                  00008ec4    00000020     empty_pem4f.oem4f (.const:ti_sysbios_gates_GateMutex_Object__DESC__C)
                  00008ee4    00000020     empty_pem4f.oem4f (.const:ti_sysbios_knl_Queue_Object__DESC__C)
                  00008f04    00000020     empty_pem4f.oem4f (.const:ti_sysbios_knl_Semaphore_Object__DESC__C)
                  00008f24    00000020     empty_pem4f.oem4f (.const:ti_uia_loggers_LoggerStopMode_Object__DESC__C)
                  00008f44    00000020     empty_pem4f.oem4f (.const:xdc_runtime_HeapStd_Object__DESC__C)
                  00008f64    0000001c     empty_pem4f.oem4f (.const:xdc_runtime_HeapStd_Object__PARAMS__C)
                  00008f80    00000018     empty_pem4f.oem4f (.const:ti_sysbios_gates_GateHwi_Object__PARAMS__C)
                  00008f98    00000018     empty_pem4f.oem4f (.const:ti_sysbios_gates_GateMutex_Object__PARAMS__C)
                  00008fb0    00000018     empty_pem4f.oem4f (.const:ti_sysbios_knl_Queue_Object__PARAMS__C)
                  00008fc8    00000014     empty_pem4f.oem4f (.const:xdc_runtime_Startup_sfxnRts__A)
                  00008fdc    00000010     empty_pem4f.oem4f (.const:xdc_runtime_Startup_firstFxns__A)
                  00008fec    0000000c     empty_pem4f.oem4f (.const:ti_sysbios_knl_Idle_funcList__A)
                  00008ff8    00000008     empty_pem4f.oem4f (.const:ti_sysbios_family_arm_m3_Hwi_excHookFuncs__A)
                  00009000    00000008     empty_pem4f.oem4f (.const:ti_sysbios_knl_Idle_funcList__C)
                  00009008    00000008     empty_pem4f.oem4f (.const:xdc_runtime_Startup_firstFxns__C)
                  00009010    00000008     empty_pem4f.oem4f (.const:xdc_runtime_Startup_lastFxns__C)
                  00009018    00000004     empty_pem4f.oem4f (.const:ti_catalog_arm_cortexm4_tiva_ce_Boot_A_mustUseEnhancedClockMode__C)
                  0000901c    00000004     empty_pem4f.oem4f (.const:ti_catalog_arm_cortexm4_tiva_ce_Boot_Module__diagsEnabled__C)
                  00009020    00000004     empty_pem4f.oem4f (.const:ti_catalog_arm_cortexm4_tiva_ce_Boot_Module__diagsIncluded__C)
                  00009024    00000004     empty_pem4f.oem4f (.const:ti_catalog_arm_cortexm4_tiva_ce_Boot_Module__diagsMask__C)
                  00009028    00000004     empty_pem4f.oem4f (.const:ti_sysbios_family_arm_lm4_Timer_enableFunc__C)
                  0000902c    00000004     empty_pem4f.oem4f (.const:ti_sysbios_family_arm_lm4_Timer_numTimerDevices__C)
                  00009030    00000004     empty_pem4f.oem4f (.const:ti_sysbios_family_arm_lm4_Timer_startupNeeded__C)
                  00009034    00000004     empty_pem4f.oem4f (.const:ti_sysbios_family_arm_m3_Hwi_E_NMI__C)
                  00009038    00000004     empty_pem4f.oem4f (.const:ti_sysbios_family_arm_m3_Hwi_E_busFault__C)
                  0000903c    00000004     empty_pem4f.oem4f (.const:ti_sysbios_family_arm_m3_Hwi_E_debugMon__C)
                  00009040    00000004     empty_pem4f.oem4f (.const:ti_sysbios_family_arm_m3_Hwi_E_hardFault__C)
                  00009044    00000004     empty_pem4f.oem4f (.const:ti_sysbios_family_arm_m3_Hwi_E_memFault__C)
                  00009048    00000004     empty_pem4f.oem4f (.const:ti_sysbios_family_arm_m3_Hwi_E_noIsr__C)
                  0000904c    00000004     empty_pem4f.oem4f (.const:ti_sysbios_family_arm_m3_Hwi_E_reserved__C)
                  00009050    00000004     empty_pem4f.oem4f (.const:ti_sysbios_family_arm_m3_Hwi_E_svCall__C)
                  00009054    00000004     empty_pem4f.oem4f (.const:ti_sysbios_family_arm_m3_Hwi_E_usageFault__C)
                  00009058    00000004     empty_pem4f.oem4f (.const:ti_sysbios_family_arm_m3_Hwi_LD_end__C)
                  0000905c    00000004     empty_pem4f.oem4f (.const:ti_sysbios_family_arm_m3_Hwi_LM_begin__C)
                  00009060    00000004     empty_pem4f.oem4f (.const:ti_sysbios_family_arm_m3_Hwi_Module__diagsEnabled__C)
                  00009064    00000004     empty_pem4f.oem4f (.const:ti_sysbios_family_arm_m3_Hwi_Module__diagsIncluded__C)
                  00009068    00000004     empty_pem4f.oem4f (.const:ti_sysbios_family_arm_m3_Hwi_Module__diagsMask__C)
                  0000906c    00000004     empty_pem4f.oem4f (.const:ti_sysbios_family_arm_m3_Hwi_Module__loggerFxn1__C)
                  00009070    00000004     empty_pem4f.oem4f (.const:ti_sysbios_family_arm_m3_Hwi_Module__loggerFxn8__C)
                  00009074    00000004     empty_pem4f.oem4f (.const:ti_sysbios_family_arm_m3_Hwi_Module__loggerObj__C)
                  00009078    00000004     empty_pem4f.oem4f (.const:ti_sysbios_family_arm_m3_Hwi_NUM_INTERRUPTS__C)
                  0000907c    00000004     empty_pem4f.oem4f (.const:ti_sysbios_family_arm_m3_Hwi_Object__count__C)
                  00009080    00000004     empty_pem4f.oem4f (.const:ti_sysbios_family_arm_m3_Hwi_ccr__C)
                  00009084    00000004     empty_pem4f.oem4f (.const:ti_sysbios_family_arm_m3_Hwi_excHandlerFunc__C)
                  00009088    00000004     empty_pem4f.oem4f (.const:ti_sysbios_family_arm_m3_Hwi_excHookFuncs__C)
                  0000908c    00000004     empty_pem4f.oem4f (.const:ti_sysbios_family_arm_m3_Hwi_nullIsrFunc__C)
                  00009090    00000004     empty_pem4f.oem4f (.const:ti_sysbios_family_arm_m3_Hwi_priGroup__C)
                  00009094    00000004     empty_pem4f.oem4f (.const:ti_sysbios_gates_GateMutex_A_badContext__C)
                  00009098    00000004     empty_pem4f.oem4f (.const:ti_sysbios_gates_GateMutex_Instance_State_sem__O)
                  0000909c    00000004     empty_pem4f.oem4f (.const:ti_sysbios_gates_GateMutex_Module__diagsEnabled__C)
                  000090a0    00000004     empty_pem4f.oem4f (.const:ti_sysbios_gates_GateMutex_Module__diagsIncluded__C)
                  000090a4    00000004     empty_pem4f.oem4f (.const:ti_sysbios_gates_GateMutex_Module__diagsMask__C)
                  000090a8    00000004     empty_pem4f.oem4f (.const:ti_sysbios_hal_Hwi_E_stackOverflow__C)
                  000090ac    00000004     empty_pem4f.oem4f (.const:ti_sysbios_knl_Clock_LM_begin__C)
                  000090b0    00000004     empty_pem4f.oem4f (.const:ti_sysbios_knl_Clock_LM_tick__C)
                  000090b4    00000004     empty_pem4f.oem4f (.const:ti_sysbios_knl_Clock_Module_State_clockQ__O)
                  000090b8    00000004     empty_pem4f.oem4f (.const:ti_sysbios_knl_Clock_Module__diagsEnabled__C)
                  000090bc    00000004     empty_pem4f.oem4f (.const:ti_sysbios_knl_Clock_Module__diagsIncluded__C)
                  000090c0    00000004     empty_pem4f.oem4f (.const:ti_sysbios_knl_Clock_Module__diagsMask__C)
                  000090c4    00000004     empty_pem4f.oem4f (.const:ti_sysbios_knl_Clock_Module__loggerFxn1__C)
                  000090c8    00000004     empty_pem4f.oem4f (.const:ti_sysbios_knl_Clock_Module__loggerFxn2__C)
                  000090cc    00000004     empty_pem4f.oem4f (.const:ti_sysbios_knl_Clock_Module__loggerObj__C)
                  000090d0    00000004     empty_pem4f.oem4f (.const:ti_sysbios_knl_Semaphore_A_badContext__C)
                  000090d4    00000004     empty_pem4f.oem4f (.const:ti_sysbios_knl_Semaphore_A_noEvents__C)
                  000090d8    00000004     empty_pem4f.oem4f (.const:ti_sysbios_knl_Semaphore_A_overflow__C)
                  000090dc    00000004     empty_pem4f.oem4f (.const:ti_sysbios_knl_Semaphore_A_pendTaskDisabled__C)
                  000090e0    00000004     empty_pem4f.oem4f (.const:ti_sysbios_knl_Semaphore_Instance_State_pendQ__O)
                  000090e4    00000004     empty_pem4f.oem4f (.const:ti_sysbios_knl_Semaphore_LM_pend__C)
                  000090e8    00000004     empty_pem4f.oem4f (.const:ti_sysbios_knl_Semaphore_LM_post__C)
                  000090ec    00000004     empty_pem4f.oem4f (.const:ti_sysbios_knl_Semaphore_Module__diagsEnabled__C)
                  000090f0    00000004     empty_pem4f.oem4f (.const:ti_sysbios_knl_Semaphore_Module__diagsIncluded__C)
                  000090f4    00000004     empty_pem4f.oem4f (.const:ti_sysbios_knl_Semaphore_Module__diagsMask__C)
                  000090f8    00000004     empty_pem4f.oem4f (.const:ti_sysbios_knl_Semaphore_Module__loggerFxn2__C)
                  000090fc    00000004     empty_pem4f.oem4f (.const:ti_sysbios_knl_Semaphore_Module__loggerFxn4__C)
                  00009100    00000004     empty_pem4f.oem4f (.const:ti_sysbios_knl_Semaphore_Module__loggerObj__C)
                  00009104    00000004     empty_pem4f.oem4f (.const:ti_sysbios_knl_Swi_LD_end__C)
                  00009108    00000004     empty_pem4f.oem4f (.const:ti_sysbios_knl_Swi_LM_begin__C)
                  0000910c    00000004     empty_pem4f.oem4f (.const:ti_sysbios_knl_Swi_LM_post__C)
                  00009110    00000004     empty_pem4f.oem4f (.const:ti_sysbios_knl_Swi_Module__diagsEnabled__C)
                  00009114    00000004     empty_pem4f.oem4f (.const:ti_sysbios_knl_Swi_Module__diagsIncluded__C)
                  00009118    00000004     empty_pem4f.oem4f (.const:ti_sysbios_knl_Swi_Module__diagsMask__C)
                  0000911c    00000004     empty_pem4f.oem4f (.const:ti_sysbios_knl_Swi_Module__loggerFxn1__C)
                  00009120    00000004     empty_pem4f.oem4f (.const:ti_sysbios_knl_Swi_Module__loggerFxn4__C)
                  00009124    00000004     empty_pem4f.oem4f (.const:ti_sysbios_knl_Swi_Module__loggerObj__C)
                  00009128    00000004     empty_pem4f.oem4f (.const:ti_sysbios_knl_Swi_Object__count__C)
                  0000912c    00000004     empty_pem4f.oem4f (.const:ti_sysbios_knl_Task_E_spOutOfBounds__C)
                  00009130    00000004     empty_pem4f.oem4f (.const:ti_sysbios_knl_Task_E_stackOverflow__C)
                  00009134    00000004     empty_pem4f.oem4f (.const:ti_sysbios_knl_Task_LD_block__C)
                  00009138    00000004     empty_pem4f.oem4f (.const:ti_sysbios_knl_Task_LD_exit__C)
                  0000913c    00000004     empty_pem4f.oem4f (.const:ti_sysbios_knl_Task_LD_ready__C)
                  00009140    00000004     empty_pem4f.oem4f (.const:ti_sysbios_knl_Task_LM_switch__C)
                  00009144    00000004     empty_pem4f.oem4f (.const:ti_sysbios_knl_Task_Module_State_inactiveQ__O)
                  00009148    00000004     empty_pem4f.oem4f (.const:ti_sysbios_knl_Task_Module__diagsEnabled__C)
                  0000914c    00000004     empty_pem4f.oem4f (.const:ti_sysbios_knl_Task_Module__diagsIncluded__C)
                  00009150    00000004     empty_pem4f.oem4f (.const:ti_sysbios_knl_Task_Module__diagsMask__C)
                  00009154    00000004     empty_pem4f.oem4f (.const:ti_sysbios_knl_Task_Module__loggerFxn2__C)
                  00009158    00000004     empty_pem4f.oem4f (.const:ti_sysbios_knl_Task_Module__loggerFxn4__C)
                  0000915c    00000004     empty_pem4f.oem4f (.const:ti_sysbios_knl_Task_Module__loggerObj__C)
                  00009160    00000004     empty_pem4f.oem4f (.const:ti_sysbios_knl_Task_Object__count__C)
                  00009164    00000004     empty_pem4f.oem4f (.const:ti_sysbios_knl_Task_allBlockedFunc__C)
                  00009168    00000004     empty_pem4f.oem4f (.const:ti_sysbios_knl_Task_numConstructedTasks__C)
                  0000916c    00000004     empty_pem4f.oem4f (.const:ti_sysbios_utils_Load_LS_cpuLoad__C)
                  00009170    00000004     empty_pem4f.oem4f (.const:ti_sysbios_utils_Load_Module__diagsEnabled__C)
                  00009174    00000004     empty_pem4f.oem4f (.const:ti_sysbios_utils_Load_Module__diagsIncluded__C)
                  00009178    00000004     empty_pem4f.oem4f (.const:ti_sysbios_utils_Load_Module__diagsMask__C)
                  0000917c    00000004     empty_pem4f.oem4f (.const:ti_sysbios_utils_Load_Module__loggerFxn1__C)
                  00009180    00000004     empty_pem4f.oem4f (.const:ti_sysbios_utils_Load_Module__loggerObj__C)
                  00009184    00000004     empty_pem4f.oem4f (.const:ti_sysbios_utils_Load_postUpdate__C)
                  00009188    00000004     empty_pem4f.oem4f (.const:ti_sysbios_utils_Load_windowInMs__C)
                  0000918c    00000004     empty_pem4f.oem4f (.const:ti_uia_loggers_LoggerStopMode_Module__diagsEnabled__C)
                  00009190    00000004     empty_pem4f.oem4f (.const:ti_uia_loggers_LoggerStopMode_Module__diagsIncluded__C)
                  00009194    00000004     empty_pem4f.oem4f (.const:ti_uia_loggers_LoggerStopMode_Module__diagsMask__C)
                  00009198    00000004     empty_pem4f.oem4f (.const:ti_uia_loggers_LoggerStopMode_Object__count__C)
                  0000919c    00000004     empty_pem4f.oem4f (.const:ti_uia_runtime_ILoggerSnapshot_Interface__BASE__C)
                  000091a0    00000004     empty_pem4f.oem4f (.const:ti_uia_runtime_IUIATransfer_Interface__BASE__C)
                  000091a4    00000004     empty_pem4f.oem4f (.const:xdc_runtime_Assert_E_assertFailed__C)
                  000091a8    00000004     empty_pem4f.oem4f (.const:xdc_runtime_Core_A_initializedParams__C)
                  000091ac    00000004     empty_pem4f.oem4f (.const:xdc_runtime_Core_Module__diagsEnabled__C)
                  000091b0    00000004     empty_pem4f.oem4f (.const:xdc_runtime_Core_Module__diagsIncluded__C)
                  000091b4    00000004     empty_pem4f.oem4f (.const:xdc_runtime_Core_Module__diagsMask__C)
                  000091b8    00000004     empty_pem4f.oem4f (.const:xdc_runtime_Error_E_memory__C)
                  000091bc    00000004     empty_pem4f.oem4f (.const:xdc_runtime_Error_Module__diagsEnabled__C)
                  000091c0    00000004     empty_pem4f.oem4f (.const:xdc_runtime_Error_Module__diagsIncluded__C)
                  000091c4    00000004     empty_pem4f.oem4f (.const:xdc_runtime_Error_Module__diagsMask__C)
                  000091c8    00000004     empty_pem4f.oem4f (.const:xdc_runtime_Error_Module__loggerFxn8__C)
                  000091cc    00000004     empty_pem4f.oem4f (.const:xdc_runtime_Error_Module__loggerObj__C)
                  000091d0    00000004     empty_pem4f.oem4f (.const:xdc_runtime_Error_policyFxn__C)
                  000091d4    00000004     empty_pem4f.oem4f (.const:xdc_runtime_Error_raiseHook__C)
                  000091d8    00000004     empty_pem4f.oem4f (.const:xdc_runtime_HeapStd_A_align__C)
                  000091dc    00000004     empty_pem4f.oem4f (.const:xdc_runtime_HeapStd_A_invalidTotalFreeSize__C)
                  000091e0    00000004     empty_pem4f.oem4f (.const:xdc_runtime_HeapStd_A_zeroSize__C)
                  000091e4    00000004     empty_pem4f.oem4f (.const:xdc_runtime_HeapStd_E_noRTSMemory__C)
                  000091e8    00000004     empty_pem4f.oem4f (.const:xdc_runtime_HeapStd_Module__diagsEnabled__C)
                  000091ec    00000004     empty_pem4f.oem4f (.const:xdc_runtime_HeapStd_Module__diagsIncluded__C)
                  000091f0    00000004     empty_pem4f.oem4f (.const:xdc_runtime_HeapStd_Module__diagsMask__C)
                  000091f4    00000004     empty_pem4f.oem4f (.const:xdc_runtime_IFilterLogger_Interface__BASE__C)
                  000091f8    00000004     empty_pem4f.oem4f (.const:xdc_runtime_IGateProvider_Interface__BASE__C)
                  000091fc    00000004     empty_pem4f.oem4f (.const:xdc_runtime_IHeap_Interface__BASE__C)
                  00009200    00000004     empty_pem4f.oem4f (.const:xdc_runtime_ILogger_Interface__BASE__C)
                  00009204    00000004     empty_pem4f.oem4f (.const:xdc_runtime_IModule_Interface__BASE__C)
                  00009208    00000004     empty_pem4f.oem4f (.const:xdc_runtime_Log_L_error__C)
                  0000920c    00000004     empty_pem4f.oem4f (.const:xdc_runtime_Log_L_info__C)
                  00009210    00000004     empty_pem4f.oem4f (.const:xdc_runtime_Main_Module__diagsEnabled__C)
                  00009214    00000004     empty_pem4f.oem4f (.const:xdc_runtime_Main_Module__diagsIncluded__C)
                  00009218    00000004     empty_pem4f.oem4f (.const:xdc_runtime_Main_Module__diagsMask__C)
                  0000921c    00000004     empty_pem4f.oem4f (.const:xdc_runtime_Main_Module__loggerFxn4__C)
                  00009220    00000004     empty_pem4f.oem4f (.const:xdc_runtime_Main_Module__loggerObj__C)
                  00009224    00000004     empty_pem4f.oem4f (.const:xdc_runtime_Memory_defaultHeapInstance__C)
                  00009228    00000004     empty_pem4f.oem4f (.const:xdc_runtime_Startup_execImpl__C)
                  0000922c    00000004     empty_pem4f.oem4f (.const:xdc_runtime_Startup_lastFxns__A)
                  00009230    00000004     empty_pem4f.oem4f (.const:xdc_runtime_Startup_maxPasses__C)
                  00009234    00000004     empty_pem4f.oem4f (.const:xdc_runtime_Startup_sfxnRts__C)
                  00009238    00000004     empty_pem4f.oem4f (.const:xdc_runtime_Startup_sfxnTab__C)
                  0000923c    00000004     empty_pem4f.oem4f (.const:xdc_runtime_SysMin_bufSize__C)
                  00009240    00000004     empty_pem4f.oem4f (.const:xdc_runtime_SysMin_outputFunc__C)
                  00009244    00000004     empty_pem4f.oem4f (.const:xdc_runtime_System_Module__gateObj__C)
                  00009248    00000004     empty_pem4f.oem4f (.const:xdc_runtime_System_abortFxn__C)
                  0000924c    00000004     empty_pem4f.oem4f (.const:xdc_runtime_System_exitFxn__C)
                  00009250    00000004     empty_pem4f.oem4f (.const:xdc_runtime_System_extendFxn__C)
                  00009254    00000004     empty_pem4f.oem4f (.const:xdc_runtime_System_maxAtexitHandlers__C)
                  00009258    00000004     empty_pem4f.oem4f (.const:xdc_runtime_Text_charTab__C)
                  0000925c    00000004     empty_pem4f.oem4f (.const:xdc_runtime_Text_nameEmpty__C)
                  00009260    00000004     empty_pem4f.oem4f (.const:xdc_runtime_Text_nameStatic__C)
                  00009264    00000004     empty_pem4f.oem4f (.const:xdc_runtime_Text_nameUnknown__C)
                  00009268    00000004     empty_pem4f.oem4f (.const:xdc_runtime_Text_nodeTab__C)
                  0000926c    00000004     empty_pem4f.oem4f (.const:xdc_runtime_Text_visitRopeFxn__C)
                  00009270    00000002     empty_pem4f.oem4f (.const:ti_sysbios_family_arm_lm4_TimestampProvider_useClockTimer__C)
                  00009272    00000002     empty_pem4f.oem4f (.const:ti_sysbios_family_arm_m3_Hwi_Module__id__C)
                  00009274    00000002     empty_pem4f.oem4f (.const:ti_sysbios_family_arm_m3_Hwi_Module__loggerDefined__C)
                  00009276    00000002     empty_pem4f.oem4f (.const:ti_sysbios_gates_GateMutex_Module__id__C)
                  00009278    00000002     empty_pem4f.oem4f (.const:ti_sysbios_hal_Hwi_Module__id__C)
                  0000927a    00000002     empty_pem4f.oem4f (.const:ti_sysbios_knl_Clock_Module__id__C)
                  0000927c    00000002     empty_pem4f.oem4f (.const:ti_sysbios_knl_Clock_Module__loggerDefined__C)
                  0000927e    00000002     empty_pem4f.oem4f (.const:ti_sysbios_knl_Semaphore_Module__id__C)
                  00009280    00000002     empty_pem4f.oem4f (.const:ti_sysbios_knl_Semaphore_Module__loggerDefined__C)
                  00009282    00000002     empty_pem4f.oem4f (.const:ti_sysbios_knl_Swi_Module__id__C)
                  00009284    00000002     empty_pem4f.oem4f (.const:ti_sysbios_knl_Swi_Module__loggerDefined__C)
                  00009286    00000002     empty_pem4f.oem4f (.const:ti_sysbios_knl_Task_Module__id__C)
                  00009288    00000002     empty_pem4f.oem4f (.const:ti_sysbios_knl_Task_Module__loggerDefined__C)
                  0000928a    00000002     empty_pem4f.oem4f (.const:ti_sysbios_utils_Load_Module__id__C)
                  0000928c    00000002     empty_pem4f.oem4f (.const:ti_sysbios_utils_Load_Module__loggerDefined__C)
                  0000928e    00000002     empty_pem4f.oem4f (.const:ti_sysbios_utils_Load_updateInIdle__C)
                  00009290    00000002     empty_pem4f.oem4f (.const:ti_uia_loggers_LoggerStopMode_Module__id__C)
                  00009292    00000002     empty_pem4f.oem4f (.const:ti_uia_loggers_LoggerStopMode_isTimestampEnabled__C)
                  00009294    00000002     empty_pem4f.oem4f (.const:xdc_runtime_Core_Module__id__C)
                  00009296    00000002     empty_pem4f.oem4f (.const:xdc_runtime_Error_Module__loggerDefined__C)
                  00009298    00000002     empty_pem4f.oem4f (.const:xdc_runtime_Error_maxDepth__C)
                  0000929a    00000002     empty_pem4f.oem4f (.const:xdc_runtime_HeapStd_Module__id__C)
                  0000929c    00000002     empty_pem4f.oem4f (.const:xdc_runtime_Main_Module__id__C)
                  0000929e    00000002     empty_pem4f.oem4f (.const:xdc_runtime_Main_Module__loggerDefined__C)
                  000092a0    00000002     empty_pem4f.oem4f (.const:xdc_runtime_Memory_Module__id__C)
                  000092a2    00000002     empty_pem4f.oem4f (.const:xdc_runtime_SysMin_flushAtExit__C)
                  000092a4    00000002     empty_pem4f.oem4f (.const:xdc_runtime_Text_charCnt__C)
                  000092a6    00000002     empty_pem4f.oem4f (.const:xdc_runtime_Text_isLoaded__C)
                  000092a8    00000002     empty_pem4f.oem4f (.const:xdc_runtime_Text_registryModsLastId__C)
                  000092aa    00000002     empty_pem4f.oem4f (.const:xdc_runtime_Text_unnamedModsLastId__C)

.cinit     0    000092b0    000003e4     
                  000092b0    000003a3     (.cinit..data.load) [load image, compression = rle]
                  00009653    00000005     --HOLE-- [fill = 0]
                  00009658    0000000b     (.cinit..bss.load) [load image, compression = rle]
                  00009663    00000005     --HOLE-- [fill = 0]
                  00009668    0000000b     (.cinit..vecs.load) [load image, compression = rle]
                  00009673    00000001     --HOLE-- [fill = 0]
                  00009674    00000008     (__TI_handler_table)
                  0000967c    00000018     (__TI_cinit_table)

.init_array 
*          0    00000000    00000000     UNINITIALIZED

.resetVecs 
*          0    00000000    0000003c     
                  00000000    0000003c     empty_pem4f.oem4f (.resetVecs)

.vecs      0    20000000    00000360     UNINITIALIZED
                  20000000    00000360     empty_pem4f.oem4f (.vecs)

.bss       0    20000380    000018b0     UNINITIALIZED
                  20000380    00000800     empty_pem4f.oem4f (.bss:taskStackSection)
                  20000b80    00000400     (.common:ti_uia_loggers_LoggerStopMode_Instance_State_1_packetArray__A)
                  20000f80    00000400     (.common:ti_uia_loggers_LoggerStopMode_Instance_State_2_packetArray__A)
                  20001380    00000360     (.common:ti_sysbios_family_arm_m3_Hwi_dispatchTable)
                  200016e0    00000008     rtsv7M4_T_le_v4SPD16_eabi.lib : trgdrv.obj (.bss:parmbuf)
                  200016e8    00000018     --HOLE--
                  20001700    00000200     (.common:ti_uia_loggers_LoggerStopMode_Instance_State_0_packetArray__A)
                  20001900    00000120                                   : trgmsg.obj (.bss:_CIOBUF_)
                  20001a20    00000080     (.common:xdc_runtime_SysMin_Module_State_0_outbuf__A)
                  20001aa0    00000060     --HOLE--
                  20001b00    00000030     (.common:ti_uia_loggers_LoggerStopMode_Instance_State_0_hdr__A)
                  20001b30    00000050     --HOLE--
                  20001b80    00000030     (.common:ti_uia_loggers_LoggerStopMode_Instance_State_1_hdr__A)
                  20001bb0    00000050     --HOLE--
                  20001c00    00000030     (.common:ti_uia_loggers_LoggerStopMode_Instance_State_2_hdr__A)

.data      0    20001c30    000005b2     UNINITIALIZED
                  20001c30    0000009c     empty_pem4f.oem4f (.data:ti_uia_loggers_LoggerStopMode_Object__table__V)
                  20001ccc    00000098     empty_pem4f.oem4f (.data:ti_sysbios_utils_Load_Module__state__V)
                  20001d64    00000080     empty_pem4f.oem4f (.data:ti_sysbios_family_arm_lm4_Timer_Object__table__V)
                  20001de4    00000080     empty_pem4f.oem4f (.data:ti_sysbios_knl_Swi_Module_State_0_readyQ__A)
                  20001e64    00000080     empty_pem4f.oem4f (.data:ti_sysbios_knl_Task_Module_State_0_readyQ__A)
                  20001ee4    00000060     empty_pem4f.oem4f (.data:ti_sysbios_knl_Swi_Object__table__V)
                  20001f44    0000004c     empty_pem4f.oem4f (.data:ti_sysbios_knl_Task_Object__table__V)
                  20001f90    00000044     empty_pem4f.oem4f (.data:ti_sysbios_knl_Task_Module__state__V)
                  20001fd4    00000034     empty_pem4f.oem4f (.data:ti_sysbios_family_arm_m3_Hwi_Module__state__V)
                  20002008    00000030     empty_pem4f.oem4f (.data:ti_sysbios_family_arm_lm4_Timer_Module_State_0_device__A)
                  20002038    00000030     empty_pem4f.oem4f (.data:ti_sysbios_family_arm_m3_Hwi_Object__table__V)
                  20002068    0000002c     empty_pem4f.oem4f (.data:ti_sysbios_knl_Clock_Module__state__V)
                  20002094    00000024     empty_pem4f.oem4f (.data:ti_sysbios_BIOS_Module__state__V)
                  200020b8    0000001c     empty_pem4f.oem4f (.data:ti_sysbios_gates_GateMutex_Object__table__V)
                  200020d4    0000001c     empty_pem4f.oem4f (.data:ti_sysbios_knl_Swi_Module__state__V)
                  200020f0    00000018     empty_pem4f.oem4f (.data:ti_sysbios_family_arm_lm4_Timer_Module_State_0_handles__A)
                  20002108    0000000c     rtsv7M4_T_le_v4SPD16_eabi.lib : exit.obj (.data:$O1$$)
                  20002114    0000000c     empty_pem4f.oem4f (.data:ti_sysbios_family_arm_lm4_Timer_Module__state__V)
                  20002120    0000000c     empty_pem4f.oem4f (.data:ti_sysbios_knl_Task_Module__root__V)
                  2000212c    0000000c     empty_pem4f.oem4f (.data:ti_uia_runtime_QueueDescriptor_Module__state__V)
                  20002138    0000000c     empty_pem4f.oem4f (.data:xdc_runtime_HeapStd_Object__table__V)
                  20002144    0000000c     empty_pem4f.oem4f (.data:xdc_runtime_SysMin_Module__state__V)
                  20002150    00000008     rtsv7M4_T_le_v4SPD16_eabi.lib : _lock.obj (.data:$O1$$)
                  20002158    00000008     ti.uia.runtime.aem4f : QueueDescriptor.oem4f (.data)
                  20002160    00000008     empty_pem4f.oem4f (.data:ti_sysbios_family_arm_lm4_TimestampProvider_Module__state__V)
                  20002168    00000008     empty_pem4f.oem4f (.data:ti_sysbios_gates_GateHwi_Module__root__V)
                  20002170    00000008     empty_pem4f.oem4f (.data:ti_sysbios_gates_GateMutex_Module__root__V)
                  20002178    00000008     empty_pem4f.oem4f (.data:ti_sysbios_knl_Queue_Module__root__V)
                  20002180    00000008     empty_pem4f.oem4f (.data:ti_sysbios_knl_Semaphore_Module__root__V)
                  20002188    00000008     empty_pem4f.oem4f (.data:ti_uia_loggers_LoggerStopMode_Module__root__V)
                  20002190    00000008     empty_pem4f.oem4f (.data:xdc_runtime_HeapStd_Module__root__V)
                  20002198    00000008     empty_pem4f.oem4f (.data:xdc_runtime_Registry_Module__state__V)
                  200021a0    00000008     empty_pem4f.oem4f (.data:xdc_runtime_Startup_Module__state__V)
                  200021a8    00000008     empty_pem4f.oem4f (.data:xdc_runtime_System_Module_State_0_atexitHandlers__A)
                  200021b0    00000008     empty_pem4f.oem4f (.data:xdc_runtime_System_Module__state__V)
                  200021b8    00000004     rtsv7M4_T_le_v4SPD16_eabi.lib : stkdepth_vars.obj (.data)
                  200021bc    00000004     empty_pem4f.oem4f (.data:ti_sysbios_family_arm_m3_Hwi_Module_State_0_excContext__A)
                  200021c0    00000004     empty_pem4f.oem4f (.data:ti_sysbios_family_arm_m3_Hwi_Module_State_0_excStack__A)
                  200021c4    00000004     empty_pem4f.oem4f (.data:ti_sysbios_gates_GateHwi_Object__table__V)
                  200021c8    00000004     empty_pem4f.oem4f (.data:ti_sysbios_knl_Task_Module_State_0_idleTask__A)
                  200021cc    00000004     empty_pem4f.oem4f (.data:ti_sysbios_utils_Load_Module_State_0_runningTask__A)
                  200021d0    00000004     empty_pem4f.oem4f (.data:ti_sysbios_utils_Load_Module_State_0_taskStartTime__A)
                  200021d4    00000004     empty_pem4f.oem4f (.data:xdc_runtime_HeapStd_Module__state__V)
                  200021d8    00000004     empty_pem4f.oem4f (.data:xdc_runtime_Memory_Module__state__V)
                  200021dc    00000002     empty_pem4f.oem4f (.data:ti_sysbios_family_arm_m3_Hwi_Module_State_0_excActive__A)
                  200021de    00000002     empty_pem4f.oem4f (.data:xdc_runtime_Error_Module__state__V)
                  200021e0    00000002     empty_pem4f.oem4f (.data:xdc_runtime_Main_Module__root__V)

.stack     0    200021e4    00000400     UNINITIALIZED
                  200021e4    00000400     --HOLE--

.bootVecs 
*          0    00000000    00000008     DSECT
                  00000000    00000008     boot.aem4f : boot.oem4f (.bootVecs)

xdc.meta   0    00000000    000000d2     COPY SECTION
                  00000000    000000d2     empty_pem4f.oem4f (xdc.meta)

MODULE SUMMARY

       Module                     code    ro data   rw data
       ------                     ----    -------   -------
    .\
       main.obj                   1620    0         0      
    +--+--------------------------+-------+---------+---------+
       Total:                     1620    0         0      
                                                           
    C:\TI_RTOS\Workspace\Test\Debug\configPkg\package\cfg\
       empty_pem4f.oem4f          3320    8912      8034   
    +--+--------------------------+-------+---------+---------+
       Total:                     3320    8912      8034   
                                                           
    C:/ti/tirtos_tivac_2_16_01_14/products/TivaWare_C_Series-2.1.1.71b/driverlib/ccs/Debug/driverlib.lib
       sysctl.obj                 566     108       0      
       gpio.obj                   436     0         0      
       adc.obj                    308     0         0      
       timer.obj                  150     0         0      
       uart.obj                   134     0         0      
    +--+--------------------------+-------+---------+---------+
       Total:                     1594    108       0      
                                                           
    C:\TI_RTOS\Workspace\Test\src\sysbios\sysbios.aem4f
       BIOS.obj                   11536   0         0      
       m3_Hwi_asm.obj             314     0         0      
       m3_TaskSupport_asm.obj     180     0         0      
       m3_Hwi_asm_switch.obj      118     0         0      
    +--+--------------------------+-------+---------+---------+
       Total:                     12148   0         0      
                                                           
    C:\ti\ccsv6\tools\compiler\arm_15.12.3.LTS\lib\rtsv7M4_T_le_v4SPD16_eabi.lib
       trgdrv.obj                 804     0         8      
       ull_div_t2.obj             500     0         0      
       fd_add_t2.obj              438     0         0      
       trgmsg.obj                 104     0         288    
       fd_div_t2.obj              310     0         0      
       fd_cmp_t2.obj              268     0         0      
       fd_mul_t2.obj              252     0         0      
       memcpy_t2.obj              156     0         0      
       memset_t2.obj              122     0         0      
       copy_decompress_rle.obj    112     0         0      
       exit.obj                   84      0         12     
       cpy_tbl.obj                76      0         0      
       fd_toi_t2.obj              72      0         0      
       fd_tou_t2.obj              68      0         0      
       u_divt2.obj                64      0         0      
       fs_tod_t2.obj              56      0         0      
       i_tofd_t2.obj              46      0         0      
       u_tofd_t2.obj              32      0         0      
       _lock.obj                  20      0         8      
       args_main.obj              24      0         0      
       strcpy.obj                 20      0         0      
       strlen.obj                 20      0         0      
       copy_decompress_none.obj   14      0         0      
       stkdepth_vars.obj          0       0         4      
       i_div0.obj                 2       0         0      
    +--+--------------------------+-------+---------+---------+
       Total:                     3664    0         320    
                                                           
    C:\ti\tirtos_tivac_2_16_01_14\products\bios_6_45_02_31\packages\ti\catalog\arm\cortexm4\tiva\ce\lib\Boot.aem4f
       Boot_sysctl.oem4f          262     0         0      
       Boot.oem4f                 152     0         0      
    +--+--------------------------+-------+---------+---------+
       Total:                     414     0         0      
                                                           
    C:\ti\tirtos_tivac_2_16_01_14\products\bios_6_45_02_31\packages\ti\targets\arm\rtsarm\lib\auto_init.aem4f
       auto_init.oem4f            160     0         0      
    +--+--------------------------+-------+---------+---------+
       Total:                     160     0         0      
                                                           
    C:\ti\tirtos_tivac_2_16_01_14\products\bios_6_45_02_31\packages\ti\targets\arm\rtsarm\lib\boot.aem4f
       boot.oem4f                 88      0         0      
    +--+--------------------------+-------+---------+---------+
       Total:                     88      0         0      
                                                           
    C:\ti\tirtos_tivac_2_16_01_14\products\bios_6_45_02_31\packages\ti\targets\arm\rtsarm\lib\ti.targets.arm.rtsarm.aem4f
       System.oem4f               1255    0         0      
       HeapStd.oem4f              714     0         0      
       Text.oem4f                 672     0         0      
       Error.oem4f                524     0         0      
       Core-mem.oem4f             358     0         0      
       Startup.oem4f              328     0         0      
       SysMin.oem4f               248     0         0      
       Core-smem.oem4f            204     0         0      
       Memory.oem4f               176     0         0      
       Assert.oem4f               84      0         0      
       Core-params.oem4f          70      0         0      
       Core-label.oem4f           52      0         0      
       Registry.oem4f             32      0         0      
       Gate.oem4f                 28      0         0      
    +--+--------------------------+-------+---------+---------+
       Total:                     4745    0         0      
                                                           
    C:\ti\tirtos_tivac_2_16_01_14\products\uia_2_00_05_50\packages\ti\uia\loggers\lib\release\ti.uia.loggers.aem4f
       LoggerStopMode.oem4f       552     0         0      
    +--+--------------------------+-------+---------+---------+
       Total:                     552     0         0      
                                                           
    C:\ti\tirtos_tivac_2_16_01_14\products\uia_2_00_05_50\packages\ti\uia\runtime\lib\release\ti.uia.runtime.aem4f
       QueueDescriptor.oem4f      116     0         8      
    +--+--------------------------+-------+---------+---------+
       Total:                     116     0         8      
                                                           
       Stack:                     0       0         1024   
       Linker Generated:          0       985       0      
    +--+--------------------------+-------+---------+---------+
       Grand Total:               28421   10005     9386   


LINKER GENERATED COPY TABLES

__TI_cinit_table @ 0000967c records: 3, size/record: 8, table size: 24
	.data: load addr=000092b0, load size=000003a3 bytes, run addr=20001c30, run size=000005b2 bytes, compression=rle
	.bss: load addr=00009658, load size=0000000b bytes, run addr=20000380, run size=000018b0 bytes, compression=rle
	.vecs: load addr=00009668, load size=0000000b bytes, run addr=20000000, run size=00000360 bytes, compression=rle


LINKER GENERATED HANDLER TABLE

__TI_handler_table @ 00009674 records: 2, size/record: 4, table size: 8
	index: 0, handler: __TI_decompress_rle24
	index: 1, handler: __TI_decompress_none


GLOBAL SYMBOLS: SORTED ALPHABETICALLY BY Name 

address   name                                                              
-------   ----                                                              
00006ee9  ADCIntClear                                                       
00006361  ADCIntStatus                                                      
00006a57  ADCProcessorTrigger                                               
00005dc9  ADCSequenceConfigure                                              
000067d9  ADCSequenceDataGet                                                
[...]
00009020  ti_catalog_arm_cortexm4_tiva_ce_Boot_Module__diagsIncluded__C     
00009024  ti_catalog_arm_cortexm4_tiva_ce_Boot_Module__diagsMask__C         
00009028  ti_sysbios_family_arm_lm4_Timer_enableFunc__C                     
0000902c  ti_sysbios_family_arm_lm4_Timer_numTimerDevices__C                
00009030  ti_sysbios_family_arm_lm4_Timer_startupNeeded__C                  
00009034  ti_sysbios_family_arm_m3_Hwi_E_NMI__C                             
00009038  ti_sysbios_family_arm_m3_Hwi_E_busFault__C                        
0000903c  ti_sysbios_family_arm_m3_Hwi_E_debugMon__C                        
00009040  ti_sysbios_family_arm_m3_Hwi_E_hardFault__C                       
00009044  ti_sysbios_family_arm_m3_Hwi_E_memFault__C                        
00009048  ti_sysbios_family_arm_m3_Hwi_E_noIsr__C                           
0000904c  ti_sysbios_family_arm_m3_Hwi_E_reserved__C                        
00009050  ti_sysbios_family_arm_m3_Hwi_E_svCall__C                          
00009054  ti_sysbios_family_arm_m3_Hwi_E_usageFault__C                      
00009058  ti_sysbios_family_arm_m3_Hwi_LD_end__C                            
0000905c  ti_sysbios_family_arm_m3_Hwi_LM_begin__C                          
00009060  ti_sysbios_family_arm_m3_Hwi_Module__diagsEnabled__C              
00009064  ti_sysbios_family_arm_m3_Hwi_Module__diagsIncluded__C             
00009068  ti_sysbios_family_arm_m3_Hwi_Module__diagsMask__C                 
0000906c  ti_sysbios_family_arm_m3_Hwi_Module__loggerFxn1__C                
00009070  ti_sysbios_family_arm_m3_Hwi_Module__loggerFxn8__C                
00009074  ti_sysbios_family_arm_m3_Hwi_Module__loggerObj__C                 
00009078  ti_sysbios_family_arm_m3_Hwi_NUM_INTERRUPTS__C                    
0000907c  ti_sysbios_family_arm_m3_Hwi_Object__count__C                     
00009080  ti_sysbios_family_arm_m3_Hwi_ccr__C                               
00009084  ti_sysbios_family_arm_m3_Hwi_excHandlerFunc__C                    
00009088  ti_sysbios_family_arm_m3_Hwi_excHookFuncs__C                      
0000908c  ti_sysbios_family_arm_m3_Hwi_nullIsrFunc__C                       
00009090  ti_sysbios_family_arm_m3_Hwi_priGroup__C                          
00009094  ti_sysbios_gates_GateMutex_A_badContext__C                        
00009098  ti_sysbios_gates_GateMutex_Instance_State_sem__O                  
0000909c  ti_sysbios_gates_GateMutex_Module__diagsEnabled__C                
000090a0  ti_sysbios_gates_GateMutex_Module__diagsIncluded__C               
000090a4  ti_sysbios_gates_GateMutex_Module__diagsMask__C                   
000090a8  ti_sysbios_hal_Hwi_E_stackOverflow__C                             
000090ac  ti_sysbios_knl_Clock_LM_begin__C                                  
000090b0  ti_sysbios_knl_Clock_LM_tick__C                                   
000090b4  ti_sysbios_knl_Clock_Module_State_clockQ__O                       
000090b8  ti_sysbios_knl_Clock_Module__diagsEnabled__C                      
000090bc  ti_sysbios_knl_Clock_Module__diagsIncluded__C                     
000090c0  ti_sysbios_knl_Clock_Module__diagsMask__C                         
000090c4  ti_sysbios_knl_Clock_Module__loggerFxn1__C                        
000090c8  ti_sysbios_knl_Clock_Module__loggerFxn2__C                        
000090cc  ti_sysbios_knl_Clock_Module__loggerObj__C                         
000090d0  ti_sysbios_knl_Semaphore_A_badContext__C                          
000090d4  ti_sysbios_knl_Semaphore_A_noEvents__C                            
000090d8  ti_sysbios_knl_Semaphore_A_overflow__C                            
000090dc  ti_sysbios_knl_Semaphore_A_pendTaskDisabled__C                    
000090e0  ti_sysbios_knl_Semaphore_Instance_State_pendQ__O                  
000090e4  ti_sysbios_knl_Semaphore_LM_pend__C                               
000090e8  ti_sysbios_knl_Semaphore_LM_post__C                               
000090ec  ti_sysbios_knl_Semaphore_Module__diagsEnabled__C                  
000090f0  ti_sysbios_knl_Semaphore_Module__diagsIncluded__C                 
000090f4  ti_sysbios_knl_Semaphore_Module__diagsMask__C                     
000090f8  ti_sysbios_knl_Semaphore_Module__loggerFxn2__C                    
000090fc  ti_sysbios_knl_Semaphore_Module__loggerFxn4__C                    
00009100  ti_sysbios_knl_Semaphore_Module__loggerObj__C                     
00009104  ti_sysbios_knl_Swi_LD_end__C                                      
00009108  ti_sysbios_knl_Swi_LM_begin__C                                    
0000910c  ti_sysbios_knl_Swi_LM_post__C                                     
00009110  ti_sysbios_knl_Swi_Module__diagsEnabled__C                        
00009114  ti_sysbios_knl_Swi_Module__diagsIncluded__C                       
00009118  ti_sysbios_knl_Swi_Module__diagsMask__C                           
0000911c  ti_sysbios_knl_Swi_Module__loggerFxn1__C                          
00009120  ti_sysbios_knl_Swi_Module__loggerFxn4__C                          
00009124  ti_sysbios_knl_Swi_Module__loggerObj__C                           
00009128  ti_sysbios_knl_Swi_Object__count__C                               
0000912c  ti_sysbios_knl_Task_E_spOutOfBounds__C                            
00009130  ti_sysbios_knl_Task_E_stackOverflow__C                            
00009134  ti_sysbios_knl_Task_LD_block__C                                   
00009138  ti_sysbios_knl_Task_LD_exit__C                                    
0000913c  ti_sysbios_knl_Task_LD_ready__C                                   
00009140  ti_sysbios_knl_Task_LM_switch__C                                  
00009144  ti_sysbios_knl_Task_Module_State_inactiveQ__O                     
00009148  ti_sysbios_knl_Task_Module__diagsEnabled__C                       
0000914c  ti_sysbios_knl_Task_Module__diagsIncluded__C                      
00009150  ti_sysbios_knl_Task_Module__diagsMask__C                          
00009154  ti_sysbios_knl_Task_Module__loggerFxn2__C                         
00009158  ti_sysbios_knl_Task_Module__loggerFxn4__C                         
0000915c  ti_sysbios_knl_Task_Module__loggerObj__C                          
00009160  ti_sysbios_knl_Task_Object__count__C                              
00009164  ti_sysbios_knl_Task_allBlockedFunc__C                             
00009168  ti_sysbios_knl_Task_numConstructedTasks__C                        
0000916c  ti_sysbios_utils_Load_LS_cpuLoad__C                               
00009170  ti_sysbios_utils_Load_Module__diagsEnabled__C                     
00009174  ti_sysbios_utils_Load_Module__diagsIncluded__C                    
00009178  ti_sysbios_utils_Load_Module__diagsMask__C                        
0000917c  ti_sysbios_utils_Load_Module__loggerFxn1__C                       
00009180  ti_sysbios_utils_Load_Module__loggerObj__C                        
00009184  ti_sysbios_utils_Load_postUpdate__C                               
00009188  ti_sysbios_utils_Load_windowInMs__C                               
0000918c  ti_uia_loggers_LoggerStopMode_Module__diagsEnabled__C             
00009190  ti_uia_loggers_LoggerStopMode_Module__diagsIncluded__C            
00009194  ti_uia_loggers_LoggerStopMode_Module__diagsMask__C                
00009198  ti_uia_loggers_LoggerStopMode_Object__count__C                    
0000919c  ti_uia_runtime_ILoggerSnapshot_Interface__BASE__C                 
000091a0  ti_uia_runtime_IUIATransfer_Interface__BASE__C                    
000091a4  xdc_runtime_Assert_E_assertFailed__C                              
000091a8  xdc_runtime_Core_A_initializedParams__C                           
000091ac  xdc_runtime_Core_Module__diagsEnabled__C                          
000091b0  xdc_runtime_Core_Module__diagsIncluded__C                         
000091b4  xdc_runtime_Core_Module__diagsMask__C                             
000091b8  xdc_runtime_Error_E_memory__C                                     
000091bc  xdc_runtime_Error_Module__diagsEnabled__C                         
000091c0  xdc_runtime_Error_Module__diagsIncluded__C                        
000091c4  xdc_runtime_Error_Module__diagsMask__C                            
000091c8  xdc_runtime_Error_Module__loggerFxn8__C                           
000091cc  xdc_runtime_Error_Module__loggerObj__C                            
000091d0  xdc_runtime_Error_policyFxn__C                                    
000091d4  xdc_runtime_Error_raiseHook__C                                    
000091d8  xdc_runtime_HeapStd_A_align__C                                    
000091dc  xdc_runtime_HeapStd_A_invalidTotalFreeSize__C                     
000091e0  xdc_runtime_HeapStd_A_zeroSize__C                                 
000091e4  xdc_runtime_HeapStd_E_noRTSMemory__C                              
000091e8  xdc_runtime_HeapStd_Module__diagsEnabled__C                       
000091ec  xdc_runtime_HeapStd_Module__diagsIncluded__C                      
000091f0  xdc_runtime_HeapStd_Module__diagsMask__C                          
000091f4  xdc_runtime_IFilterLogger_Interface__BASE__C                      
000091f8  xdc_runtime_IGateProvider_Interface__BASE__C                      
000091fc  xdc_runtime_IHeap_Interface__BASE__C                              
00009200  xdc_runtime_ILogger_Interface__BASE__C                            
00009204  xdc_runtime_IModule_Interface__BASE__C                            
00009208  xdc_runtime_Log_L_error__C                                        
0000920c  xdc_runtime_Log_L_info__C                                         
00009210  xdc_runtime_Main_Module__diagsEnabled__C                          
00009214  xdc_runtime_Main_Module__diagsIncluded__C                         
00009218  xdc_runtime_Main_Module__diagsMask__C                             
0000921c  xdc_runtime_Main_Module__loggerFxn4__C                            
00009220  xdc_runtime_Main_Module__loggerObj__C                             
00009224  xdc_runtime_Memory_defaultHeapInstance__C                         
00009228  xdc_runtime_Startup_execImpl__C                                   
0000922c  xdc_runtime_Startup_lastFxns__A                                   
00009230  xdc_runtime_Startup_maxPasses__C                                  
00009234  xdc_runtime_Startup_sfxnRts__C                                    
00009238  xdc_runtime_Startup_sfxnTab__C                                    
0000923c  xdc_runtime_SysMin_bufSize__C                                     
00009240  xdc_runtime_SysMin_outputFunc__C                                  
00009244  xdc_runtime_System_Module__gateObj__C                             
00009248  xdc_runtime_System_abortFxn__C                                    
0000924c  xdc_runtime_System_exitFxn__C                                     
00009250  xdc_runtime_System_extendFxn__C                                   
00009254  xdc_runtime_System_maxAtexitHandlers__C                           
00009258  xdc_runtime_Text_charTab__C                                       
0000925c  xdc_runtime_Text_nameEmpty__C                                     
00009260  xdc_runtime_Text_nameStatic__C                                    
00009264  xdc_runtime_Text_nameUnknown__C                                   
00009268  xdc_runtime_Text_nodeTab__C                                       
0000926c  xdc_runtime_Text_visitRopeFxn__C                                  
00009270  ti_sysbios_family_arm_lm4_TimestampProvider_useClockTimer__C      
00009272  ti_sysbios_family_arm_m3_Hwi_Module__id__C                        
00009274  ti_sysbios_family_arm_m3_Hwi_Module__loggerDefined__C             
00009276  ti_sysbios_gates_GateMutex_Module__id__C                          
00009278  ti_sysbios_hal_Hwi_Module__id__C                                  
0000927a  ti_sysbios_knl_Clock_Module__id__C                                
0000927c  ti_sysbios_knl_Clock_Module__loggerDefined__C                     
0000927e  ti_sysbios_knl_Semaphore_Module__id__C                            
00009280  ti_sysbios_knl_Semaphore_Module__loggerDefined__C                 
00009282  ti_sysbios_knl_Swi_Module__id__C                                  
00009284  ti_sysbios_knl_Swi_Module__loggerDefined__C                       
00009286  ti_sysbios_knl_Task_Module__id__C                                 
00009288  ti_sysbios_knl_Task_Module__loggerDefined__C                      
0000928a  ti_sysbios_utils_Load_Module__id__C                               
0000928c  ti_sysbios_utils_Load_Module__loggerDefined__C                    
0000928e  ti_sysbios_utils_Load_updateInIdle__C                             
00009290  ti_uia_loggers_LoggerStopMode_Module__id__C                       
00009292  ti_uia_loggers_LoggerStopMode_isTimestampEnabled__C               
00009294  xdc_runtime_Core_Module__id__C                                    
00009296  xdc_runtime_Error_Module__loggerDefined__C                        
00009298  xdc_runtime_Error_maxDepth__C                                     
0000929a  xdc_runtime_HeapStd_Module__id__C                                 
0000929c  xdc_runtime_Main_Module__id__C                                    
0000929e  xdc_runtime_Main_Module__loggerDefined__C                         
000092a0  xdc_runtime_Memory_Module__id__C                                  
000092a2  xdc_runtime_SysMin_flushAtExit__C                                 
000092a4  xdc_runtime_Text_charCnt__C                                       
000092a6  xdc_runtime_Text_isLoaded__C                                      
000092a8  xdc_runtime_Text_registryModsLastId__C                            
000092aa  xdc_runtime_Text_unnamedModsLastId__C                             
000092b0  __TI_static_base__                                                
00009674  __TI_Handler_Table_Base                                           
0000967c  __TI_CINIT_Base                                                   
0000967c  __TI_Handler_Table_Limit                                          
00009694  __TI_CINIT_Limit                                                  
20000000  ti_sysbios_family_arm_m3_Hwi_ramVectors                           
20000380  ti_sysbios_knl_Task_Instance_State_0_stack__A                     
20000b80  ti_uia_loggers_LoggerStopMode_Instance_State_1_packetArray__A     
20000f80  ti_uia_loggers_LoggerStopMode_Instance_State_2_packetArray__A     
20001380  ti_sysbios_family_arm_m3_Hwi_dispatchTable                        
20001700  ti_uia_loggers_LoggerStopMode_Instance_State_0_packetArray__A     
20001900  __CIOBUF_                                                         
20001a20  xdc_runtime_SysMin_Module_State_0_outbuf__A                       
20001b00  ti_uia_loggers_LoggerStopMode_Instance_State_0_hdr__A             
20001b80  ti_uia_loggers_LoggerStopMode_Instance_State_1_hdr__A             
20001c00  ti_uia_loggers_LoggerStopMode_Instance_State_2_hdr__A             
20001c30  ti_uia_loggers_LoggerStopMode_Object__table__V                    
20001ccc  ti_sysbios_utils_Load_Module__state__V                            
20001d64  ti_sysbios_family_arm_lm4_Timer_Object__table__V                  
20001de4  ti_sysbios_knl_Swi_Module_State_0_readyQ__A                       
20001e64  ti_sysbios_knl_Task_Module_State_0_readyQ__A                      
20001ee4  ti_sysbios_knl_Swi_Object__table__V                               
20001f44  ti_sysbios_knl_Task_Object__table__V                              
20001f90  ti_sysbios_knl_Task_Module__state__V                              
20001fd4  ti_sysbios_family_arm_m3_Hwi_Module__state__V                     
20002008  ti_sysbios_family_arm_lm4_Timer_Module_State_0_device__A          
20002038  ti_sysbios_family_arm_m3_Hwi_Object__table__V                     
20002068  ti_sysbios_knl_Clock_Module__state__V                             
20002094  ti_sysbios_BIOS_Module__state__V                                  
200020b8  ti_sysbios_gates_GateMutex_Object__table__V                       
200020d4  ti_sysbios_knl_Swi_Module__state__V                               
200020f0  ti_sysbios_family_arm_lm4_Timer_Module_State_0_handles__A         
20002108  __TI_cleanup_ptr                                                  
2000210c  __TI_dtors_ptr                                                    
20002110  __TI_enable_exit_profile_output                                   
20002114  ti_sysbios_family_arm_lm4_Timer_Module__state__V                  
20002120  ti_sysbios_knl_Task_Module__root__V                               
2000212c  ti_uia_runtime_QueueDescriptor_Module__state__V                   
20002138  xdc_runtime_HeapStd_Object__table__V                              
20002144  xdc_runtime_SysMin_Module__state__V                               
20002150  _lock                                                             
20002154  _unlock                                                           
20002158  ti_uia_runtime_QueueDescriptor_gPtrToFirstDescriptor              
2000215c  ti_uia_runtime_QueueDescriptor_gUpdateCount                       
20002160  ti_sysbios_family_arm_lm4_TimestampProvider_Module__state__V      
20002168  ti_sysbios_gates_GateHwi_Module__root__V                          
20002170  ti_sysbios_gates_GateMutex_Module__root__V                        
20002178  ti_sysbios_knl_Queue_Module__root__V                              
20002180  ti_sysbios_knl_Semaphore_Module__root__V                          
20002188  ti_uia_loggers_LoggerStopMode_Module__root__V                     
20002190  xdc_runtime_HeapStd_Module__root__V                               
20002198  xdc_runtime_Registry_Module__state__V                             
200021a0  xdc_runtime_Startup_Module__state__V                              
200021a8  xdc_runtime_System_Module_State_0_atexitHandlers__A               
200021b0  xdc_runtime_System_Module__state__V                               
200021b8  main_func_sp                                                      
200021bc  ti_sysbios_family_arm_m3_Hwi_Module_State_0_excContext__A         
200021c0  ti_sysbios_family_arm_m3_Hwi_Module_State_0_excStack__A           
200021c4  ti_sysbios_gates_GateHwi_Object__table__V                         
200021c8  ti_sysbios_knl_Task_Module_State_0_idleTask__A                    
200021cc  ti_sysbios_utils_Load_Module_State_0_runningTask__A               
200021d0  ti_sysbios_utils_Load_Module_State_0_taskStartTime__A             
200021d4  xdc_runtime_HeapStd_Module__state__V                              
200021d8  xdc_runtime_Memory_Module__state__V                               
200021dc  ti_sysbios_family_arm_m3_Hwi_Module_State_0_excActive__A          
200021de  xdc_runtime_Error_Module__state__V                                
200021e0  xdc_runtime_Main_Module__root__V                                  
200021e4  __stack                                                           
200025e4  __STACK_END                                                       
e000e000  ti_sysbios_family_arm_m3_Hwi_nvic                                 
ffffffff  __TI_pprof_out_hndl                                               
ffffffff  __TI_prof_data_size                                               
ffffffff  __TI_prof_data_start                                              
ffffffff  __binit__                                                         
ffffffff  __c_args__                                                        
ffffffff  binit                                                             
UNDEFED   SHT$$INIT_ARRAY$$Base                                             
UNDEFED   SHT$$INIT_ARRAY$$Limit                                            

[688 symbols]
