******************************************************************************
                  TI ARM Linker PC v15.12.3                    
******************************************************************************
>> Linked Mon Feb 20 21:13:24 2017

OUTPUT FILE NAME:   <PITA.out>
ENTRY POINT SYMBOL: "_c_int00"  address: 000065d9


MEMORY CONFIGURATION

         name            origin    length      used     unused   attr    fill
----------------------  --------  ---------  --------  --------  ----  --------
  FLASH                 00000000   00040000  0000a986  0003567a  R  X
  SRAM                  20000000   00008000  00002158  00005ea8  RW X


SEGMENT ALLOCATION MAP

run origin  load origin   length   init length attrs members
----------  ----------- ---------- ----------- ----- -------
00000000    00000000    0000a98c   0000a98c    r-x
  00000000    00000000    0000003c   0000003c    r-- .resetVecs
  00000040    00000040    0000812a   0000812a    r-x .text
  0000816c    0000816c    000023fc   000023fc    r-- .const
  0000a568    0000a568    00000424   00000424    r-- .cinit
20000000    20000000    00000360   00000000    rw-
  20000000    20000000    00000360   00000000    rw- .vecs
20000380    20000380    00001df8   00000000    rw-
  20000380    20000380    000012b0   00000000    rw- .bss
  20001630    20001630    00000748   00000000    rw- .data
  20001d78    20001d78    00000400   00000000    rw- .stack


SECTION ALLOCATION MAP

 output                                  attributes/
section   page    origin      length       input sections
--------  ----  ----------  ----------   ----------------
.text      0    00000040    0000812a     
                  00000040    00000530     PITA_Funct.obj (.text:command_line)
                  00000570    00000430     sysbios.aem4f : BIOS.obj (.text:ti_sysbios_family_arm_m3_Hwi_excDumpRegs__I)
                  000009a0    0000034c     ti.targets.arm.rtsarm.aem4f : System.oem4f (.text:xdc_runtime_System_doPrint__I)
                  00000cec    00000340     PITA_Funct.obj (.text:map_tunnels)
                  0000102c    00000324     rtsv7M4_T_le_v4SPD16_eabi.lib : trgdrv.obj (.text)
                  00001350    00000318     PITA_Funct.obj (.text:hardware_init)
                  00001668    0000030c     PITA_Funct.obj (.text:UARTvprintf)
                  00001974    000002f4     PITA_Funct.obj (.text:led_control)
                  00001c68    000002e4     sysbios.aem4f : BIOS.obj (.text:ti_sysbios_knl_Semaphore_pend__E)
                  00001f4c    00000004     driverlib.lib : timer.obj (.text:TimerIntClear)
                  00001f50    000001fc     sysbios.aem4f : BIOS.obj (.text:ti_sysbios_family_arm_m3_Hwi_excHandlerMax__I)
                  0000214c    000001cc     PITA_Funct.obj (.text:uSensor)
                  00002318    0000017c     sysbios.aem4f : BIOS.obj (.text:ti_sysbios_family_arm_lm4_TimestampProvider_get64__E)
                  00002494    00000004     PITA_pem4f.oem4f (.text:malloc)
                  00002498    00000174     sysbios.aem4f : BIOS.obj (.text:ti_sysbios_family_arm_m3_Hwi_excBusFault__I)
                  0000260c    00000004     PITA_pem4f.oem4f (.text:ti_sysbios_BIOS_RtsGateProxy_enter__E)
                  00002610    00000164     sysbios.aem4f : BIOS.obj (.text:ti_sysbios_family_arm_m3_Hwi_excUsageFault__I)
                  00002774    00000004     PITA_pem4f.oem4f (.text:ti_sysbios_BIOS_RtsGateProxy_leave__E)
                  00002778    00000148     sysbios.aem4f : BIOS.obj (.text:ti_sysbios_family_arm_m3_Hwi_excMemFault__I)
                  000028c0    00000144                   : BIOS.obj (.text:ti_sysbios_family_arm_m3_Hwi_dispatchC__I)
                  00002a04    00000144     ti.targets.arm.rtsarm.aem4f : HeapStd.oem4f (.text:xdc_runtime_HeapStd_alloc__E)
                  00002b48    00000140     sysbios.aem4f : BIOS.obj (.text:ti_sysbios_knl_Semaphore_post__E)
                  00002c88    00000138     PITA_pem4f.oem4f (.text:ti_uia_loggers_LoggerStopMode_writeMemoryRange__E)
                  00002dc0    00000136     rtsv7M4_T_le_v4SPD16_eabi.lib : fd_div_t2.obj (.text)
                  00002ef6    00000002     PITA_pem4f.oem4f (.text:free)
                  00002ef8    00000134     PITA_Funct.obj (.text:ir_sensor)
                  0000302c    00000004     sysbios.aem4f : BIOS.obj (.text:ti_sysbios_family_arm_lm4_Timer_masterEnable__I)
                  00003030    00000134                   : BIOS.obj (.text:ti_sysbios_knl_Clock_workFunc__E)
                  00003164    00000130     driverlib.lib : gpio.obj (.text:GPIOPadConfigSet)
                  00003294    00000120     PITA_Funct.obj (.text:motor_move)
                  000033b4    00000004     PITA_pem4f.oem4f (.text:ti_sysbios_family_arm_m3_TaskSupport_Module__startupDone__S)
                  000033b8    00000120     sysbios.aem4f : BIOS.obj (.text:ti_sysbios_family_arm_lm4_Timer_start__E)
                  000034d8    0000011c     PITA_Funct.obj (.text:capacitive_sensor)
                  000035f4    00000004     PITA_pem4f.oem4f (.text:ti_sysbios_knl_Clock_TimerProxy_getMaxTicks__E)
                  000035f8    0000011c     sysbios.aem4f : BIOS.obj (.text:ti_sysbios_knl_Swi_run__I)
                  00003714    00000118     ti.targets.arm.rtsarm.aem4f : Error.oem4f (.text:xdc_runtime_Error_policyDefault__E)
                  0000382c    0000010c     driverlib.lib : sysctl.obj (.text:SysCtlClockGet)
                  00003938    0000010c     PITA_Funct.obj (.text:move_arm)
                  00003a44    0000010c     PITA_pem4f.oem4f (.text:ti_uia_loggers_LoggerStopMode_write8__E)
                  00003b50    00000100     Boot.aem4f : Boot_sysctl.oem4f (.text:ti_catalog_arm_cortexm4_tiva_ce_Boot_sysCtlClockSetI__I)
                  00003c50    00000100     ti.targets.arm.rtsarm.aem4f : Core-mem.oem4f (.text:xdc_runtime_Core_createObject__I)
                  00003d50    000000fc     rtsv7M4_T_le_v4SPD16_eabi.lib : fd_mul_t2.obj (.text)
                  00003e4c    000000f8     ti.targets.arm.rtsarm.aem4f : Startup.oem4f (.text:xdc_runtime_Startup_startMods__I)
                  00003f44    000000f8     PITA_pem4f.oem4f (.text:xdc_runtime_System_printfExtend__I)
                  0000403c    000000f4     sysbios.aem4f : m3_Hwi_asm.obj (.text:ti_sysbios_family_arm_m3_Hwi_dispatch__I)
                  00004130    000000f4     PITA_pem4f.oem4f (.text:ti_uia_loggers_LoggerStopMode_write4__E)
                  00004224    000000f0     driverlib.lib : sysctl.obj (.text:SysCtlClockSet)
                  00004314    000000e8     PITA_pem4f.oem4f (.text:ti_uia_loggers_LoggerStopMode_write2__E)
                  000043fc    000000e4     PITA_pem4f.oem4f (.text:ti_uia_loggers_LoggerStopMode_write1__E)
                  000044e0    000000d8     sysbios.aem4f : BIOS.obj (.text:ti_sysbios_family_arm_lm4_TimestampProvider_get32__E)
                  000045b8    000000d8     PITA_pem4f.oem4f (.text:ti_uia_loggers_LoggerStopMode_write0__E)
                  00004690    000000d0     PITA_Funct.obj (.text:motor_rotateLeft_90)
                  00004760    000000d0     PITA_Funct.obj (.text:motor_rotateRight_90)
                  00004830    000000cc     PITA_Funct.obj (.text:UARTgets)
                  000048fc    00000004     PITA_pem4f.oem4f (.text:ti_sysbios_knl_Clock_TimerProxy_getPeriod__E)
                  00004900    000000cc     sysbios.aem4f : BIOS.obj (.text:ti_sysbios_knl_Task_schedule__I)
                  000049cc    000000cc     ti.targets.arm.rtsarm.aem4f : Core-smem.oem4f (.text:xdc_runtime_Core_constructObject__I)
                  00004a98    000000cc                                 : HeapStd.oem4f (.text:xdc_runtime_HeapStd_Instance_init__E)
                  00004b64    00000004     PITA_pem4f.oem4f (.text:ti_sysbios_knl_Queue_destruct)
                  00004b68    000000bc     sysbios.aem4f : BIOS.obj (.text:ti_sysbios_family_arm_m3_Hwi_excDebugMon__I)
                  00004c24    00000004     PITA_pem4f.oem4f (.text:ti_sysbios_knl_Semaphore_destruct)
                  00004c28    000000bc     sysbios.aem4f : BIOS.obj (.text:ti_sysbios_family_arm_m3_Hwi_excHardFault__I)
                  00004ce4    00000004     ti.uia.loggers.aem4f : LoggerStopMode.oem4f (.text:ti_uia_loggers_LoggerStopMode_getContents__E)
                  00004ce8    000000bc     sysbios.aem4f : BIOS.obj (.text:ti_sysbios_knl_Task_startCore__E)
                  00004da4    00000004     PITA_pem4f.oem4f (.text:ti_uia_loggers_LoggerStopMode_getFilterLevel__E)
                  00004da8    000000bc     sysbios.aem4f : BIOS.obj (.text:ti_sysbios_utils_Load_updateLoads__E)
                  00004e64    00000004     ti.uia.loggers.aem4f : LoggerStopMode.oem4f (.text:ti_uia_loggers_LoggerStopMode_getInstanceId__E)
                  00004e68    000000b4     sysbios.aem4f : BIOS.obj (.text:ti_sysbios_gates_GateMutex_enter__E)
                  00004f1c    00000004     ti.uia.loggers.aem4f : LoggerStopMode.oem4f (.text:ti_uia_loggers_LoggerStopMode_getMaxLength__E)
                  00004f20    000000b4     sysbios.aem4f : BIOS.obj (.text:ti_sysbios_knl_Task_checkStacks__E)
                  00004fd4    000000b0     PITA_Funct.obj (.text:rotate_arm)
                  00005084    00000004     ti.uia.loggers.aem4f : LoggerStopMode.oem4f (.text:ti_uia_loggers_LoggerStopMode_getPriority__E)
                  00005088    000000b0     sysbios.aem4f : BIOS.obj (.text:ti_sysbios_utils_Load_idleFxn__E)
                  00005138    000000ac     PITA_Funct.obj (.text:arm_grip)
                  000051e4    00000004     ti.uia.loggers.aem4f : LoggerStopMode.oem4f (.text:ti_uia_loggers_LoggerStopMode_getTransferType__E)
                  000051e8    000000ac     sysbios.aem4f : BIOS.obj (.text:ti_sysbios_family_arm_lm4_Timer_enableTiva__I)
                  00005294    00000004     ti.targets.arm.rtsarm.aem4f : Error.oem4f (.text:xdc_runtime_Error_getSite__E)
                  00005298    000000ac     sysbios.aem4f : BIOS.obj (.text:ti_sysbios_knl_Swi_post__E)
                  00005344    00000004     ti.targets.arm.rtsarm.aem4f : HeapStd.oem4f (.text:xdc_runtime_HeapStd_isBlocking__E)
                  00005348    000000a8     sysbios.aem4f : BIOS.obj (.text:ti_sysbios_family_arm_lm4_Timer_enableTimers__I)
                  000053f0    000000a8                   : BIOS.obj (.text:ti_sysbios_knl_Task_blockI__E)
                  00005498    000000a8     ti.targets.arm.rtsarm.aem4f : HeapStd.oem4f (.text:xdc_runtime_HeapStd_free__E)
                  00005540    000000a0     auto_init.aem4f : auto_init.oem4f (.text)
                  000055e0    000000a0     ti.targets.arm.rtsarm.aem4f : Text.oem4f (.text:xdc_runtime_Text_putMod__E)
                  00005680    0000009c     rtsv7M4_T_le_v4SPD16_eabi.lib : memcpy_t2.obj (.text)
                  0000571c    00000004     PITA_pem4f.oem4f (.text:xdc_runtime_System_Module_GateProxy_enter__E)
                  00005720    0000009c     sysbios.aem4f : BIOS.obj (.text:ti_sysbios_knl_Semaphore_Instance_init__E)
                  000057bc    00000004     PITA_pem4f.oem4f (.text:xdc_runtime_System_Module_GateProxy_leave__E)
                  000057c0    0000009c     sysbios.aem4f : BIOS.obj (.text:ti_sysbios_knl_Task_postInit__I)
                  0000585c    0000009a     ti.targets.arm.rtsarm.aem4f : Text.oem4f (.text:xdc_runtime_Text_putSite__E)
                  000058f6    00000002     rtsv7M4_T_le_v4SPD16_eabi.lib : i_div0.obj (.text)
                  000058f8    00000098     Boot.aem4f : Boot.oem4f (.text:ti_catalog_arm_cortexm4_tiva_ce_Boot_sysCtlClockSet__E)
                  00005990    00000094     sysbios.aem4f : BIOS.obj (.text:ti_sysbios_family_arm_m3_Hwi_initNVIC__E)
                  00005a24    00000004     ti.targets.arm.rtsarm.aem4f : System.oem4f (.text:xdc_runtime_System_aprintf_va__F)
                  00005a28    00000094     sysbios.aem4f : BIOS.obj (.text:ti_sysbios_knl_Task_exit__E)
                  00005abc    00000090     PITA_Funct.obj (.text:motor_ramp)
                  00005b4c    00000090     PITA_Funct.obj (.text:navigate_snake)
                  00005bdc    00000004     ti.targets.arm.rtsarm.aem4f : System.oem4f (.text:xdc_runtime_System_printf_va__F)
                  00005be0    00000090     sysbios.aem4f : BIOS.obj (.text:ti_sysbios_knl_Task_unblockI__E)
                  00005c70    00000090     ti.uia.loggers.aem4f : LoggerStopMode.oem4f (.text:ti_uia_loggers_LoggerStopMode_initQueueDescriptor__E)
                  00005d00    0000008c     sysbios.aem4f : m3_TaskSupport_asm.obj (.text:ti_sysbios_family_arm_m3_TaskSupport_buildTaskStack)
                  00005d8c    00000002     PITA_pem4f.oem4f (.text:ti_sysbios_BIOS_nullFunc__I)
                  00005d8e    00000002     PITA_pem4f.oem4f (.text:ti_uia_loggers_LoggerStopMode_setFilterLevel__E)
                  00005d90    00000084     sysbios.aem4f : BIOS.obj (.text:ti_sysbios_family_arm_m3_Hwi_postInit__I)
                  00005e14    0000007a     driverlib.lib : adc.obj (.text:ADCSequenceStepConfigure)
                  00005e8e    0000007a     rtsv7M4_T_le_v4SPD16_eabi.lib : memset_t2.obj (.text)
                  00005f08    00000074     ti.uia.runtime.aem4f : QueueDescriptor.oem4f (.text:ti_uia_runtime_QueueDescriptor_addToList__E)
                  00005f7c    0000006d     ti.targets.arm.rtsarm.aem4f : System.oem4f (.text:xdc_runtime_System_formatNum__I)
                  00005fe9    00000001     --HOLE-- [fill = 0]
                  00005fea    00000006     driverlib.lib : gpio.obj (.text:GPIOPinRead)
                  00005ff0    0000006c     sysbios.aem4f : BIOS.obj (.text:ti_sysbios_knl_Swi_restoreHwi__E)
                  0000605c    0000006c     ti.targets.arm.rtsarm.aem4f : Error.oem4f (.text:xdc_runtime_Error_print__E)
                  000060c8    0000006c                                 : Memory.oem4f (.text:xdc_runtime_Memory_alloc__E)
                  00006134    0000006a     rtsv7M4_T_le_v4SPD16_eabi.lib : copy_decompress_rle.obj (.text)
                  0000619e    00000002     ti.uia.loggers.aem4f : LoggerStopMode.oem4f (.text:ti_uia_loggers_LoggerStopMode_setPriority__E)
                  000061a0    00000068     rtsv7M4_T_le_v4SPD16_eabi.lib : trgmsg.obj (.text)
                  00006208    00000066     ti.uia.loggers.aem4f : LoggerStopMode.oem4f (.text:ti_uia_loggers_LoggerStopMode_flush__E)
                  0000626e    00000066     ti.targets.arm.rtsarm.aem4f : Core-mem.oem4f (.text:xdc_runtime_Core_deleteObject__I)
                  000062d4    00000064     PITA_Funct.obj (.text:move_forward_1ft)
                  00006338    00000064     sysbios.aem4f : BIOS.obj (.text:ti_sysbios_family_arm_lm4_Timer_Module_startup__E)
                  0000639c    00000060     driverlib.lib : timer.obj (.text:TimerConfigure)
                  000063fc    00000002     PITA_pem4f.oem4f (.text:xdc_runtime_Startup_reset__I)
                  000063fe    00000002     --HOLE-- [fill = 0]
                  00006400    00000060     sysbios.aem4f : BIOS.obj (.text:ti_sysbios_knl_Clock_logTick__E)
                  00006460    00000060                   : BIOS.obj (.text:ti_sysbios_utils_Load_logCPULoad__I)
                  000064c0    0000005c                   : BIOS.obj (.text:ti_sysbios_knl_Swi_schedule__I)
                  0000651c    00000004     --HOLE-- [fill = 0]
                  00006520    0000005c                   : BIOS.obj (.text:ti_sysbios_knl_Task_Module_startup__E)
                  0000657c    0000005b     ti.targets.arm.rtsarm.aem4f : Text.oem4f (.text:xdc_runtime_Text_putLab__E)
                  000065d7    00000001     --HOLE-- [fill = 0]
                  000065d8    00000058     boot.aem4f : boot.oem4f (.text)
                  00006630    00000058     sysbios.aem4f : m3_Hwi_asm_switch.obj (.text:ti_sysbios_family_arm_m3_Hwi_initStacks__E)
                  00006688    00000058     PITA_pem4f.oem4f (.text:xdc_runtime_HeapStd_Object__create__S)
                  000066e0    00000054     PITA_Funct.obj (.text:UARTStdioConfig)
                  00006734    00000054     rtsv7M4_T_le_v4SPD16_eabi.lib : exit.obj (.text)
                  00006788    00000054     ti.targets.arm.rtsarm.aem4f : Assert.oem4f (.text:xdc_runtime_Assert_raise__I)
                  000067dc    00000004     --HOLE-- [fill = 0]
                  000067e0    00000050     sysbios.aem4f : BIOS.obj (.text:ti_sysbios_family_arm_m3_Hwi_Module_startup__E)
                  00006830    00000050     ti.targets.arm.rtsarm.aem4f : Startup.oem4f (.text:xdc_runtime_Startup_exec__E)
                  00006880    00000050                                 : Text.oem4f (.text:xdc_runtime_Text_visitRope2__I)
                  000068d0    0000004c     PITA_Funct.obj (.text:UARTwrite)
                  0000691c    0000004c     rtsv7M4_T_le_v4SPD16_eabi.lib : cpy_tbl.obj (.text)
                  00006968    0000004c     sysbios.aem4f : BIOS.obj (.text:ti_sysbios_knl_Swi_runLoop__I)
                  000069b4    00000004     --HOLE-- [fill = 0]
                  000069b8    0000004c                   : BIOS.obj (.text:ti_sysbios_knl_Task_allBlockedFunction__I)
                  00006a04    0000004c     ti.uia.loggers.aem4f : LoggerStopMode.oem4f (.text:ti_uia_loggers_LoggerStopMode_Module_startup__E)
                  00006a50    00000048     driverlib.lib : gpio.obj (.text:GPIOPinConfigure)
                  00006a98    00000048     rtsv7M4_T_le_v4SPD16_eabi.lib : fd_toi_t2.obj (.text)
                  00006ae0    00000048     sysbios.aem4f : BIOS.obj (.text:ti_sysbios_family_arm_m3_Hwi_disableInterrupt__E)
                  00006b28    00000048                   : BIOS.obj (.text:ti_sysbios_family_arm_m3_Hwi_enableInterrupt__E)
                  00006b70    00000048                   : BIOS.obj (.text:ti_sysbios_family_arm_m3_Hwi_excReserved__I)
                  00006bb8    00000046     ti.targets.arm.rtsarm.aem4f : Core-params.oem4f (.text:xdc_runtime_Core_assignParams__I)
                  00006bfe    00000044     rtsv7M4_T_le_v4SPD16_eabi.lib : fd_tou_t2.obj (.text)
                  00006c42    00000006     driverlib.lib : gpio.obj (.text:GPIOPinWrite)
                  00006c48    00000044     sysbios.aem4f : BIOS.obj (.text:ti_sysbios_family_arm_lm4_Timer_isrStub__E)
                  00006c8c    00000004     --HOLE-- [fill = 0]
                  00006c90    00000044                   : BIOS.obj (.text:ti_sysbios_family_arm_m3_Hwi_getStackInfo__E)
                  00006cd4    00000044     ti.uia.loggers.aem4f : LoggerStopMode.oem4f (.text:ti_uia_loggers_LoggerStopMode_initBuffer__I)
                  00006d18    00000044     ti.targets.arm.rtsarm.aem4f : Error.oem4f (.text:xdc_runtime_Error_setX__E)
                  00006d5c    00000044                                 : SysMin.oem4f (.text:xdc_runtime_SysMin_flush__E)
                  00006da0    00000044                                 : Text.oem4f (.text:xdc_runtime_Text_xprintf__I)
                  00006de4    00000042     driverlib.lib : uart.obj (.text:UARTConfigSetExpClk)
                  00006e26    00000040     rtsv7M4_T_le_v4SPD16_eabi.lib : u_divt2.obj (.text)
                  00006e66    00000002     --HOLE-- [fill = 0]
                  00006e68    00000040     sysbios.aem4f : BIOS.obj (.text:ti_sysbios_family_arm_lm4_Timer_startup__E)
                  00006ea8    0000003e     driverlib.lib : adc.obj (.text:ADCSequenceConfigure)
                  00006ee6    00000002     --HOLE-- [fill = 0]
                  00006ee8    0000003c     sysbios.aem4f : BIOS.obj (.text:ti_sysbios_family_arm_m3_Hwi_excSvCall__I)
                  00006f24    00000004     --HOLE-- [fill = 0]
                  00006f28    0000003c                   : BIOS.obj (.text:ti_sysbios_knl_Swi_restore__E)
                  00006f64    00000038     driverlib.lib : sysctl.obj (.text:SysCtlPeripheralPresent)
                  00006f9c    00000004     --HOLE-- [fill = 0]
                  00006fa0    00000038     sysbios.aem4f : BIOS.obj (.text:ti_sysbios_family_arm_m3_Hwi_excNoIsr__I)
                  00006fd8    00000038                   : BIOS.obj (.text:ti_sysbios_knl_Task_processVitalTaskFlag__I)
                  00007010    00000038     ti.targets.arm.rtsarm.aem4f : SysMin.oem4f (.text:xdc_runtime_SysMin_putch__E)
                  00007048    00000038                                 : System.oem4f (.text:xdc_runtime_System_atexit__E)
                  00007080    00000034     PITA_main.obj (.text:PITA_standby)
                  000070b4    00000034     driverlib.lib : sysctl.obj (.text:SysCtlPeripheralEnable)
                  000070e8    00000034     sysbios.aem4f : BIOS.obj (.text:ti_sysbios_family_arm_m3_Hwi_excNmi__I)
                  0000711c    00000004     --HOLE-- [fill = 0]
                  00007120    00000034                   : BIOS.obj (.text:ti_sysbios_hal_Hwi_checkStack)
                  00007154    00000034     ti.uia.loggers.aem4f : LoggerStopMode.oem4f (.text:ti_uia_loggers_LoggerStopMode_reset__E)
                  00007188    00000034     ti.targets.arm.rtsarm.aem4f : Core-label.oem4f (.text:xdc_runtime_Core_assignLabel__I)
                  000071bc    00000033                                 : Text.oem4f (.text:xdc_runtime_Text_printVisFxn__I)
                  000071ef    00000001     --HOLE-- [fill = 0]
                  000071f0    00000032     sysbios.aem4f : BIOS.obj (.text:ti_sysbios_hal_Hwi_initStack)
                  00007222    00000006     driverlib.lib : sysctl.obj (.text:SysCtlDelay)
                  00007228    00000032     sysbios.aem4f : BIOS.obj (.text:ti_sysbios_knl_Semaphore_pendTimeout__I)
                  0000725a    00000002     --HOLE-- [fill = 0]
                  0000725c    00000030     PITA_pem4f.oem4f (.text:ti_sysbios_BIOS_atExitFunc__I)
                  0000728c    00000004     --HOLE-- [fill = 0]
                  00007290    00000030     sysbios.aem4f : BIOS.obj (.text:ti_sysbios_family_arm_lm4_Timer_stop__E)
                  000072c0    00000030                   : BIOS.obj (.text:ti_sysbios_family_arm_m3_TaskSupport_start__E)
                  000072f0    00000030     PITA_pem4f.oem4f (.text:ti_sysbios_gates_GateHwi_Object__create__S)
                  00007320    00000030     PITA_pem4f.oem4f (.text:ti_sysbios_gates_GateMutex_Object__create__S)
                  00007350    00000030     PITA_pem4f.oem4f (.text:ti_sysbios_knl_Semaphore_construct)
                  00007380    00000030     sysbios.aem4f : BIOS.obj (.text:ti_sysbios_utils_Load_updateCurrentThreadTime__E)
                  000073b0    00000030     PITA_pem4f.oem4f (.text:ti_uia_loggers_LoggerStopMode_Object__create__S)
                  000073e0    00000030     ti.targets.arm.rtsarm.aem4f : SysMin.oem4f (.text:xdc_runtime_SysMin_abort__E)
                  00007410    00000030                                 : System.oem4f (.text:xdc_runtime_System_processAtExit__E)
                  00007440    0000002e     driverlib.lib : adc.obj (.text:ADCIntStatus)
                  0000746e    0000002e     rtsv7M4_T_le_v4SPD16_eabi.lib : i_tofd_t2.obj (.text)
                  0000749c    0000002c     PITA_pem4f.oem4f (.text:ti_sysbios_knl_Clock_doTick__I)
                  000074c8    0000002c     PITA_pem4f.oem4f (.text:ti_sysbios_knl_Queue_construct)
                  000074f4    00000004     --HOLE-- [fill = 0]
                  000074f8    0000002c     sysbios.aem4f : BIOS.obj (.text:ti_sysbios_knl_Task_restore__E)
                  00007524    0000002c     ti.targets.arm.rtsarm.aem4f : Text.oem4f (.text:xdc_runtime_Text_cordText__E)
                  00007550    0000002a     driverlib.lib : gpio.obj (.text:GPIODirModeSet)
                  0000757a    0000002a     ti.targets.arm.rtsarm.aem4f : System.oem4f (.text:xdc_runtime_System_putchar__I)
                  000075a4    00000004     --HOLE-- [fill = 0]
                  000075a8    00000028     sysbios.aem4f : BIOS.obj (.text:ti_sysbios_knl_Swi_Module_startup__E)
                  000075d0    00000026                   : m3_Hwi_asm.obj (.text:ti_sysbios_family_arm_m3_Hwi_pendSV__I)
                  000075f6    00000026     ti.targets.arm.rtsarm.aem4f : System.oem4f (.text:xdc_runtime_System_avprintf__E)
                  0000761c    00000024     PITA_Funct.obj (.text:UARTprintf)
                  00007640    00000024     PITA_pem4f.oem4f (.text:ti_sysbios_BIOS_errorRaiseHook__I)
                  00007664    00000024     PITA_pem4f.oem4f (.text:ti_sysbios_BIOS_registerRTSLock__I)
                  00007688    00000024     PITA_pem4f.oem4f (.text:ti_sysbios_BIOS_removeRTSLock__I)
                  000076ac    00000024     PITA_pem4f.oem4f (.text:ti_sysbios_BIOS_startFunc__I)
                  000076d0    00000024     PITA_pem4f.oem4f (.text:ti_sysbios_gates_GateMutex_Object__delete__S)
                  000076f4    00000004     --HOLE-- [fill = 0]
                  000076f8    00000024     sysbios.aem4f : BIOS.obj (.text:ti_sysbios_knl_Clock_Module_startup__E)
                  0000771c    00000004     --HOLE-- [fill = 0]
                  00007720    00000024                   : BIOS.obj (.text:ti_sysbios_knl_Task_restoreHwi__E)
                  00007744    00000024     ti.targets.arm.rtsarm.aem4f : System.oem4f (.text:xdc_runtime_System_vprintf__E)
                  00007768    00000022     driverlib.lib : pwm.obj (.text:PWMGenConfigure)
                  0000778a    00000006     rtsv7M4_T_le_v4SPD16_eabi.lib : copy_decompress_rle.obj (.text:decompress:rle24)
                  00007790    00000022     sysbios.aem4f : BIOS.obj (.text:ti_sysbios_family_arm_lm4_Timer_write__I)
                  000077b2    00000022     PITA_pem4f.oem4f (.text:xdc_runtime_SysMin_output__I)
                  000077d4    00000020     rtsv7M4_T_le_v4SPD16_eabi.lib : u_tofd_t2.obj (.text)
                  000077f4    00000020     PITA_pem4f.oem4f (.text:ti_sysbios_BIOS_rtsLock__I)
                  00007814    00000020     sysbios.aem4f : m3_Hwi_asm.obj (.text:ti_sysbios_family_arm_m3_Hwi_excHandlerAsm__I)
                  00007834    00000004     --HOLE-- [fill = 0]
                  00007838    00000020                   : BIOS.obj (.text:ti_sysbios_family_arm_m3_Hwi_excHandler__I)
                  00007858    00000020     PITA_pem4f.oem4f (.text:ti_sysbios_gates_GateHwi_Object__delete__S)
                  00007878    00000020     sysbios.aem4f : BIOS.obj (.text:ti_sysbios_knl_Idle_run__E)
                  00007898    00000020     PITA_pem4f.oem4f (.text:ti_sysbios_knl_Semaphore_Object__destruct__S)
                  000078b8    00000020     PITA_pem4f.oem4f (.text:ti_uia_loggers_LoggerStopMode_Object__delete__S)
                  000078d8    00000020     ti.targets.arm.rtsarm.aem4f : Registry.oem4f (.text:xdc_runtime_Registry_findById__E)
                  000078f8    00000020                                 : SysMin.oem4f (.text:xdc_runtime_SysMin_Module_startup__E)
                  00007918    0000001e     driverlib.lib : adc.obj (.text:ADCSequenceDataGet)
                  00007936    0000001e                   : pwm.obj (.text:PWMPulseWidthSet)
                  00007954    0000001e     sysbios.aem4f : m3_Hwi_asm_switch.obj (.text:ti_sysbios_family_xxx_Hwi_switchAndRunFunc)
                  00007972    00000002     --HOLE-- [fill = 0]
                  00007974    0000001c     driverlib.lib : uart.obj (.text:UARTDisable)
                  00007990    0000001c     sysbios.aem4f : BIOS.obj (.text:ti_sysbios_gates_GateMutex_Instance_init__E)
                  000079ac    0000001c     PITA_pem4f.oem4f (.text:ti_sysbios_knl_Queue_Object__destruct__S)
                  000079c8    0000001c     sysbios.aem4f : BIOS.obj (.text:ti_sysbios_knl_Queue_put__E)
                  000079e4    00000004     --HOLE-- [fill = 0]
                  000079e8    0000001c                   : BIOS.obj (.text:ti_sysbios_knl_Task_enter__I)
                  00007a04    0000001c     ti.uia.loggers.aem4f : LoggerStopMode.oem4f (.text:ti_uia_loggers_LoggerStopMode_Instance_init__E)
                  00007a20    0000001c     ti.targets.arm.rtsarm.aem4f : Error.oem4f (.text:xdc_runtime_Error_raiseX__E)
                  00007a3c    0000001c     PITA_pem4f.oem4f (.text:xdc_runtime_HeapStd_Object__delete__S)
                  00007a58    0000001c     ti.targets.arm.rtsarm.aem4f : Memory.oem4f (.text:xdc_runtime_Memory_valloc__E)
                  00007a74    0000001c                                 : SysMin.oem4f (.text:xdc_runtime_SysMin_exit__E)
                  00007a90    0000001c                                 : System.oem4f (.text:xdc_runtime_System_abort__E)
                  00007aac    0000001a     PITA_pem4f.oem4f (.text:ti_sysbios_family_arm_m3_Hwi_Handle__label__S)
                  00007ac6    0000001a     PITA_pem4f.oem4f (.text:ti_sysbios_gates_GateHwi_Handle__label__S)
                  00007ae0    0000001a     PITA_pem4f.oem4f (.text:ti_sysbios_gates_GateMutex_Handle__label__S)
                  00007afa    0000001a     PITA_pem4f.oem4f (.text:ti_sysbios_knl_Swi_Handle__label__S)
                  00007b14    0000001a     PITA_pem4f.oem4f (.text:ti_sysbios_knl_Task_Handle__label__S)
                  00007b2e    0000001a     PITA_pem4f.oem4f (.text:ti_uia_loggers_LoggerStopMode_Handle__label__S)
                  00007b48    0000001a     PITA_pem4f.oem4f (.text:xdc_runtime_HeapStd_Handle__label__S)
                  00007b62    0000001a     PITA_pem4f.oem4f (.text:xdc_runtime_System_aprintf__E)
                  00007b7c    0000001a     PITA_pem4f.oem4f (.text:xdc_runtime_System_printf__E)
                  00007b96    00000018     driverlib.lib : adc.obj (.text:ADCProcessorTrigger)
                  00007bae    00000018                   : gpio.obj (.text:GPIOPinTypeGPIOOutput)
                  00007bc6    00000002     --HOLE-- [fill = 0]
                  00007bc8    00000018                   : sysctl.obj (.text:SysCtlPWMClockGet)
                  00007be0    00000018     PITA_Funct.obj (.text:UARTNextLine)
                  00007bf8    00000018     rtsv7M4_T_le_v4SPD16_eabi.lib : args_main.obj (.text)
                  00007c10    00000018                                   : strcmp.obj (.text)
                  00007c28    00000018     PITA_pem4f.oem4f (.text:ti_sysbios_BIOS_rtsUnlock__I)
                  00007c40    00000018     PITA_pem4f.oem4f (.text:ti_sysbios_family_arm_lm4_Timer_Module__startupDone__F)
                  00007c58    00000018     PITA_pem4f.oem4f (.text:ti_sysbios_family_arm_m3_Hwi_Module__startupDone__F)
                  00007c70    00000018     sysbios.aem4f : m3_TaskSupport_asm.obj (.text:ti_sysbios_family_arm_m3_TaskSupport_swap__E)
                  00007c88    00000018                   : BIOS.obj (.text:ti_sysbios_gates_GateMutex_leave__E)
                  00007ca0    00000018     ti.targets.arm.rtsarm.aem4f : Error.oem4f (.text:xdc_runtime_Error_check__E)
                  00007cb8    00000018                                 : System.oem4f (.text:xdc_runtime_System_exit__E)
                  00007cd0    00000018                                 : Text.oem4f (.text:xdc_runtime_Text_ropeText__E)
                  00007ce8    00000016     PITA_pem4f.oem4f (.text:ti_sysbios_BIOS_exitFunc__I)
                  00007cfe    00000016     ti.uia.loggers.aem4f : LoggerStopMode.oem4f (.text:ti_uia_loggers_LoggerStopMode_disable__E)
                  00007d14    00000016                          : LoggerStopMode.oem4f (.text:ti_uia_loggers_LoggerStopMode_enable__E)
                  00007d2a    00000002     --HOLE-- [fill = 0]
                  00007d2c    00000014     driverlib.lib : sysctl.obj (.text:SysCtlPWMClockSet)
                  00007d40    00000014                   : uart.obj (.text:UARTEnable)
                  00007d54    00000014     rtsv7M4_T_le_v4SPD16_eabi.lib : _lock.obj (.text)
                  00007d68    00000014                                   : strcpy.obj (.text)
                  00007d7c    00000014                                   : strlen.obj (.text)
                  00007d90    00000014     PITA_pem4f.oem4f (.text:ti_sysbios_family_arm_m3_Hwi_Object__get__S)
                  00007da4    00000004     --HOLE-- [fill = 0]
                  00007da8    00000014     sysbios.aem4f : BIOS.obj (.text:ti_sysbios_family_arm_m3_Hwi_switchFromBootStack__E)
                  00007dbc    00000014     PITA_pem4f.oem4f (.text:ti_sysbios_knl_Swi_Object__get__S)
                  00007dd0    00000012     driverlib.lib : gpio.obj (.text:GPIOPinTypeADC)
                  00007de2    00000012                   : gpio.obj (.text:GPIOPinTypeGPIOInput)
                  00007df4    00000012                   : gpio.obj (.text:GPIOPinTypePWM)
                  00007e06    00000012                   : gpio.obj (.text:GPIOPinTypeUART)
                  00007e18    00000012                   : pwm.obj (.text:PWMOutputState)
                  00007e2a    00000012                   : timer.obj (.text:TimerLoadSet)
                  00007e3c    00000004     --HOLE-- [fill = 0]
                  00007e40    00000012     sysbios.aem4f : BIOS.obj (.text:ti_sysbios_hal_Hwi_Module_startup__E)
                  00007e52    00000006     Boot.aem4f : Boot_sysctl.oem4f (.text:ti_catalog_arm_cortexm4_tiva_ce_Boot_sysCtlDelayI__I)
                  00007e58    00000012     sysbios.aem4f : BIOS.obj (.text:ti_sysbios_hal_Timer_Module_startup__E)
                  00007e6a    00000012     PITA_pem4f.oem4f (.text:xdc_runtime_Startup_exec__I)
                  00007e7c    00000010     driverlib.lib : pwm.obj (.text:PWMGenPeriodSet)
                  00007e8c    00000004     --HOLE-- [fill = 0]
                  00007e90    00000010     sysbios.aem4f : BIOS.obj (.text:ti_sysbios_BIOS_getCpuFreq__E)
                  00007ea0    00000010                   : BIOS.obj (.text:ti_sysbios_BIOS_setThreadType__E)
                  00007eb0    00000010                   : BIOS.obj (.text:ti_sysbios_BIOS_start__E)
                  00007ec0    00000010                   : BIOS.obj (.text:ti_sysbios_family_arm_lm4_TimestampProvider_rolloverFunc__E)
                  00007ed0    00000010                   : m3_TaskSupport_asm.obj (.text:ti_sysbios_family_arm_m3_TaskSupport_glue)
                  00007ee0    00000010                   : BIOS.obj (.text:ti_sysbios_gates_GateMutex_Instance_finalize__E)
                  00007ef0    00000010                   : BIOS.obj (.text:ti_sysbios_knl_Semaphore_Instance_finalize__E)
                  00007f00    00000010                   : BIOS.obj (.text:ti_sysbios_knl_Swi_disable__E)
                  00007f10    00000010     PITA_pem4f.oem4f (.text:ti_sysbios_knl_Task_Object__get__S)
                  00007f20    00000010     sysbios.aem4f : BIOS.obj (.text:ti_sysbios_knl_Task_disable__E)
                  00007f30    00000010     PITA_pem4f.oem4f (.text:ti_uia_loggers_LoggerStopMode_Object__get__S)
                  00007f40    00000010     ti.uia.loggers.aem4f : LoggerStopMode.oem4f (.text:ti_uia_loggers_LoggerStopMode_isEmpty__E)
                  00007f50    00000010     ti.targets.arm.rtsarm.aem4f : Gate.oem4f (.text:xdc_runtime_Gate_leaveSystem__E)
                  00007f60    00000010                                 : Memory.oem4f (.text:xdc_runtime_Memory_free__E)
                  00007f70    00000010                                 : SysMin.oem4f (.text:xdc_runtime_SysMin_ready__E)
                  00007f80    00000010                                 : System.oem4f (.text:xdc_runtime_System_vsnprintf__E)
                  00007f90    00000010     PITA_pem4f.oem4f (.text:xdc_runtime_Text_visitRope__I)
                  00007fa0    0000000e     driverlib.lib : adc.obj (.text:ADCSequenceEnable)
                  00007fae    0000000e                   : timer.obj (.text:TimerEnable)
                  00007fbc    0000000e     rtsv7M4_T_le_v4SPD16_eabi.lib : copy_decompress_none.obj (.text:decompress:none)
                  00007fca    00000006     ti.targets.arm.rtsarm.aem4f : System.oem4f (.text:xdc_runtime_System_Module_startup__E)
                  00007fd0    0000000e     sysbios.aem4f : BIOS.obj (.text:ti_sysbios_knl_Idle_loop__E)
                  00007fde    00000002     --HOLE-- [fill = 0]
                  00007fe0    0000000e                   : BIOS.obj (.text:ti_sysbios_knl_Queue_empty__E)
                  00007fee    0000000e     ti.targets.arm.rtsarm.aem4f : HeapStd.oem4f (.text:xdc_runtime_HeapStd_getStats__E)
                  00007ffc    0000000c     PITA_pem4f.oem4f (.text:.bootCodeSection:ti_catalog_arm_cortexm4_tiva_ce_Boot_init__I)
                  00008008    0000000c     driverlib.lib : pwm.obj (.text:PWMGenEnable)
                  00008014    0000000c     PITA_Funct.obj (.text:delay)
                  00008020    0000000c     PITA_main.obj (.text:main)
                  0000802c    00000004     --HOLE-- [fill = 0]
                  00008030    0000000c     sysbios.aem4f : BIOS.obj (.text:ti_sysbios_family_arm_lm4_Timer_getMaxTicks__E)
                  0000803c    00000004     --HOLE-- [fill = 0]
                  00008040    0000000c                   : BIOS.obj (.text:ti_sysbios_family_arm_lm4_TimestampProvider_startTimer__E)
                  0000804c    00000004     --HOLE-- [fill = 0]
                  00008050    0000000c                   : BIOS.obj (.text:ti_sysbios_family_arm_m3_Hwi_disableFxn__E)
                  0000805c    00000004     --HOLE-- [fill = 0]
                  00008060    0000000c                   : BIOS.obj (.text:ti_sysbios_family_arm_m3_TaskSupport_checkStack__E)
                  0000806c    00000004     --HOLE-- [fill = 0]
                  00008070    0000000c                   : BIOS.obj (.text:ti_sysbios_gates_GateHwi_enter__E)
                  0000807c    0000000c     PITA_pem4f.oem4f (.text:ti_sysbios_knl_Queue_Object__get__S)
                  00008088    0000000c     ti.targets.arm.rtsarm.aem4f : Error.oem4f (.text:xdc_runtime_Error_init__E)
                  00008094    0000000c                                 : Gate.oem4f (.text:xdc_runtime_Gate_enterSystem__E)
                  000080a0    0000000c                                 : Memory.oem4f (.text:xdc_runtime_Memory_calloc__E)
                  000080ac    0000000c                                 : Memory.oem4f (.text:xdc_runtime_Memory_getMaxDefaultTypeAlign__E)
                  000080b8    0000000a     driverlib.lib : adc.obj (.text:ADCIntClear)
                  000080c2    0000000a                   : timer.obj (.text:TimerValueGet)
                  000080cc    0000000a                   : uart.obj (.text:UARTCharGet)
                  000080d6    0000000a                   : uart.obj (.text:UARTCharPut)
                  000080e0    0000000a     PITA_pem4f.oem4f (.text:xdc_runtime_IHeap_alloc)
                  000080ea    0000000a     PITA_pem4f.oem4f (.text:xdc_runtime_IHeap_free)
                  000080f4    00000008     driverlib.lib : timer.obj (.text:TimerIntEnable)
                  000080fc    00000008     sysbios.aem4f : BIOS.obj (.text:ti_sysbios_family_arm_lm4_Timer_masterDisable__I)
                  00008104    00000004     --HOLE-- [fill = 0]
                  00008108    00000008                   : BIOS.obj (.text:ti_sysbios_family_arm_m3_Hwi_doSwiRestore__I)
                  00008110    00000008                   : BIOS.obj (.text:ti_sysbios_family_arm_m3_Hwi_startup__E)
                  00008118    00000006                   : BIOS.obj (.text:ti_sysbios_family_arm_lm4_TimestampProvider_Module_startup__E)
                  0000811e    00000002     --HOLE-- [fill = 0]
                  00008120    00000006                   : BIOS.obj (.text:ti_sysbios_family_arm_m3_Hwi_doTaskRestore__I)
                  00008126    00000002     --HOLE-- [fill = 0]
                  00008128    00000006                   : BIOS.obj (.text:ti_sysbios_family_arm_m3_Hwi_restoreFxn__E)
                  0000812e    00000002     --HOLE-- [fill = 0]
                  00008130    00000006                   : BIOS.obj (.text:ti_sysbios_gates_GateHwi_leave__E)
                  00008136    00000002     --HOLE-- [fill = 0]
                  00008138    00000006                   : BIOS.obj (.text:ti_sysbios_knl_Queue_Instance_init__E)
                  0000813e    00000002     --HOLE-- [fill = 0]
                  00008140    00000006                   : BIOS.obj (.text:ti_sysbios_knl_Swi_startup__E)
                  00008146    00000002     --HOLE-- [fill = 0]
                  00008148    00000004                   : BIOS.obj (.text:ti_sysbios_family_arm_lm4_Timer_getPeriod__E)
                  0000814c    00000004     --HOLE-- [fill = 0]
                  00008150    00000004                   : BIOS.obj (.text:ti_sysbios_gates_GateHwi_query__E)
                  00008154    00000004     --HOLE-- [fill = 0]
                  00008158    00000004                   : BIOS.obj (.text:ti_sysbios_gates_GateMutex_query__E)
                  0000815c    00000004     --HOLE-- [fill = 0]
                  00008160    00000004                   : BIOS.obj (.text:ti_sysbios_knl_Task_startup__E)
                  00008164    00000004     --HOLE-- [fill = 0]
                  00008168    00000002                   : BIOS.obj (.text:ti_sysbios_gates_GateHwi_Instance_init__E)

.const     0    0000816c    000023fc     
                  0000816c    00001c0d     PITA_pem4f.oem4f (.const:xdc_runtime_Text_charTab__A)
                  00009d79    00000001     PITA_pem4f.oem4f (.const:xdc_runtime_Error_policy__C)
                  00009d7a    00000100     PITA_pem4f.oem4f (.const:xdc_runtime_Text_nodeTab__A)
                  00009e7a    00000002     PITA_pem4f.oem4f (.const:ti_catalog_arm_cortexm4_tiva_ce_Boot_Module__id__C)
                  00009e7c    00000090     driverlib.lib : gpio.obj (.const:g_pui32GPIOBaseAddrs)
                  00009f0c    0000006c                   : sysctl.obj (.const:g_pui32Xtals)
                  00009f78    00000060     PITA_pem4f.oem4f (.const:ti_uia_loggers_LoggerStopMode_Module__FXNS__C)
                  00009fd8    00000048     PITA_pem4f.oem4f (.const:.string)
                  0000a020    0000002c     PITA_pem4f.oem4f (.const:xdc_runtime_Startup_sfxnTab__A)
                  0000a04c    00000028     PITA_pem4f.oem4f (.const:ti_uia_loggers_LoggerStopMode_Object__PARAMS__C)
                  0000a074    00000028     PITA_pem4f.oem4f (.const:xdc_runtime_HeapStd_Module__FXNS__C)
                  0000a09c    00000024     PITA_pem4f.oem4f (.const:ti_sysbios_gates_GateHwi_Module__FXNS__C)
                  0000a0c0    00000024     PITA_pem4f.oem4f (.const:ti_sysbios_gates_GateMutex_Module__FXNS__C)
                  0000a0e4    00000024     PITA_pem4f.oem4f (.const:ti_sysbios_knl_Semaphore_Object__PARAMS__C)
                  0000a108    00000020     PITA_Funct.obj (.const:$P$T0$2)
                  0000a128    00000020     PITA_pem4f.oem4f (.const:ti_sysbios_gates_GateHwi_Object__DESC__C)
                  0000a148    00000020     PITA_pem4f.oem4f (.const:ti_sysbios_gates_GateMutex_Object__DESC__C)
                  0000a168    00000020     PITA_pem4f.oem4f (.const:ti_sysbios_knl_Queue_Object__DESC__C)
                  0000a188    00000020     PITA_pem4f.oem4f (.const:ti_sysbios_knl_Semaphore_Object__DESC__C)
                  0000a1a8    00000020     PITA_pem4f.oem4f (.const:ti_uia_loggers_LoggerStopMode_Object__DESC__C)
                  0000a1c8    00000020     PITA_pem4f.oem4f (.const:xdc_runtime_HeapStd_Object__DESC__C)
                  0000a1e8    0000001c     PITA_pem4f.oem4f (.const:xdc_runtime_HeapStd_Object__PARAMS__C)
                  0000a204    00000018     PITA_pem4f.oem4f (.const:ti_sysbios_gates_GateHwi_Object__PARAMS__C)
                  0000a21c    00000018     PITA_pem4f.oem4f (.const:ti_sysbios_gates_GateMutex_Object__PARAMS__C)
                  0000a234    00000018     PITA_pem4f.oem4f (.const:ti_sysbios_knl_Queue_Object__PARAMS__C)
                  0000a24c    00000016     PITA_pem4f.oem4f (.const:xdc_runtime_Startup_sfxnRts__A)
                  0000a262    00000002     PITA_pem4f.oem4f (.const:ti_sysbios_family_arm_lm4_TimestampProvider_useClockTimer__C)
                  0000a264    00000012     PITA_Funct.obj (.const:.string)
                  0000a276    00000002     PITA_pem4f.oem4f (.const:ti_sysbios_family_arm_m3_Hwi_Module__id__C)
                  0000a278    00000010     PITA_pem4f.oem4f (.const:xdc_runtime_Startup_firstFxns__A)
                  0000a288    0000000c     PITA_Funct.obj (.const:g_ui32UARTBase)
                  0000a294    0000000c     PITA_Funct.obj (.const:g_ui32UARTPeriph)
                  0000a2a0    0000000c     PITA_pem4f.oem4f (.const:ti_sysbios_knl_Idle_funcList__A)
                  0000a2ac    00000008     PITA_pem4f.oem4f (.const:ti_sysbios_family_arm_m3_Hwi_excHookFuncs__A)
                  0000a2b4    00000008     PITA_pem4f.oem4f (.const:ti_sysbios_knl_Idle_funcList__C)
                  0000a2bc    00000008     PITA_pem4f.oem4f (.const:xdc_runtime_Startup_firstFxns__C)
                  0000a2c4    00000008     PITA_pem4f.oem4f (.const:xdc_runtime_Startup_lastFxns__C)
                  0000a2cc    00000004     PITA_Funct.obj (.const)
                  0000a2d0    00000004     PITA_pem4f.oem4f (.const)
                  0000a2d4    00000004     PITA_pem4f.oem4f (.const:ti_catalog_arm_cortexm4_tiva_ce_Boot_A_mustUseEnhancedClockMode__C)
                  0000a2d8    00000004     PITA_pem4f.oem4f (.const:ti_catalog_arm_cortexm4_tiva_ce_Boot_Module__diagsEnabled__C)
                  0000a2dc    00000004     PITA_pem4f.oem4f (.const:ti_catalog_arm_cortexm4_tiva_ce_Boot_Module__diagsIncluded__C)
                  0000a2e0    00000004     PITA_pem4f.oem4f (.const:ti_catalog_arm_cortexm4_tiva_ce_Boot_Module__diagsMask__C)
                  0000a2e4    00000004     PITA_pem4f.oem4f (.const:ti_sysbios_family_arm_lm4_Timer_enableFunc__C)
                  0000a2e8    00000004     PITA_pem4f.oem4f (.const:ti_sysbios_family_arm_lm4_Timer_numTimerDevices__C)
                  0000a2ec    00000004     PITA_pem4f.oem4f (.const:ti_sysbios_family_arm_lm4_Timer_startupNeeded__C)
                  0000a2f0    00000004     PITA_pem4f.oem4f (.const:ti_sysbios_family_arm_m3_Hwi_E_NMI__C)
                  0000a2f4    00000004     PITA_pem4f.oem4f (.const:ti_sysbios_family_arm_m3_Hwi_E_busFault__C)
                  0000a2f8    00000004     PITA_pem4f.oem4f (.const:ti_sysbios_family_arm_m3_Hwi_E_debugMon__C)
                  0000a2fc    00000004     PITA_pem4f.oem4f (.const:ti_sysbios_family_arm_m3_Hwi_E_hardFault__C)
                  0000a300    00000004     PITA_pem4f.oem4f (.const:ti_sysbios_family_arm_m3_Hwi_E_memFault__C)
                  0000a304    00000004     PITA_pem4f.oem4f (.const:ti_sysbios_family_arm_m3_Hwi_E_noIsr__C)
                  0000a308    00000004     PITA_pem4f.oem4f (.const:ti_sysbios_family_arm_m3_Hwi_E_reserved__C)
                  0000a30c    00000004     PITA_pem4f.oem4f (.const:ti_sysbios_family_arm_m3_Hwi_E_svCall__C)
                  0000a310    00000004     PITA_pem4f.oem4f (.const:ti_sysbios_family_arm_m3_Hwi_E_usageFault__C)
                  0000a314    00000004     PITA_pem4f.oem4f (.const:ti_sysbios_family_arm_m3_Hwi_LD_end__C)
                  0000a318    00000004     PITA_pem4f.oem4f (.const:ti_sysbios_family_arm_m3_Hwi_LM_begin__C)
                  0000a31c    00000004     PITA_pem4f.oem4f (.const:ti_sysbios_family_arm_m3_Hwi_Module__diagsEnabled__C)
                  0000a320    00000004     PITA_pem4f.oem4f (.const:ti_sysbios_family_arm_m3_Hwi_Module__diagsIncluded__C)
                  0000a324    00000004     PITA_pem4f.oem4f (.const:ti_sysbios_family_arm_m3_Hwi_Module__diagsMask__C)
                  0000a328    00000004     PITA_pem4f.oem4f (.const:ti_sysbios_family_arm_m3_Hwi_Module__loggerFxn1__C)
                  0000a32c    00000004     PITA_pem4f.oem4f (.const:ti_sysbios_family_arm_m3_Hwi_Module__loggerFxn8__C)
                  0000a330    00000004     PITA_pem4f.oem4f (.const:ti_sysbios_family_arm_m3_Hwi_Module__loggerObj__C)
                  0000a334    00000004     PITA_pem4f.oem4f (.const:ti_sysbios_family_arm_m3_Hwi_NUM_INTERRUPTS__C)
                  0000a338    00000004     PITA_pem4f.oem4f (.const:ti_sysbios_family_arm_m3_Hwi_Object__count__C)
                  0000a33c    00000004     PITA_pem4f.oem4f (.const:ti_sysbios_family_arm_m3_Hwi_ccr__C)
                  0000a340    00000004     PITA_pem4f.oem4f (.const:ti_sysbios_family_arm_m3_Hwi_excHandlerFunc__C)
                  0000a344    00000004     PITA_pem4f.oem4f (.const:ti_sysbios_family_arm_m3_Hwi_excHookFuncs__C)
                  0000a348    00000004     PITA_pem4f.oem4f (.const:ti_sysbios_family_arm_m3_Hwi_nullIsrFunc__C)
                  0000a34c    00000004     PITA_pem4f.oem4f (.const:ti_sysbios_family_arm_m3_Hwi_priGroup__C)
                  0000a350    00000004     PITA_pem4f.oem4f (.const:ti_sysbios_gates_GateMutex_A_badContext__C)
                  0000a354    00000004     PITA_pem4f.oem4f (.const:ti_sysbios_gates_GateMutex_Instance_State_sem__O)
                  0000a358    00000004     PITA_pem4f.oem4f (.const:ti_sysbios_gates_GateMutex_Module__diagsEnabled__C)
                  0000a35c    00000004     PITA_pem4f.oem4f (.const:ti_sysbios_gates_GateMutex_Module__diagsIncluded__C)
                  0000a360    00000004     PITA_pem4f.oem4f (.const:ti_sysbios_gates_GateMutex_Module__diagsMask__C)
                  0000a364    00000004     PITA_pem4f.oem4f (.const:ti_sysbios_hal_Hwi_E_stackOverflow__C)
                  0000a368    00000004     PITA_pem4f.oem4f (.const:ti_sysbios_knl_Clock_LM_begin__C)
                  0000a36c    00000004     PITA_pem4f.oem4f (.const:ti_sysbios_knl_Clock_LM_tick__C)
                  0000a370    00000004     PITA_pem4f.oem4f (.const:ti_sysbios_knl_Clock_LW_delayed__C)
                  0000a374    00000004     PITA_pem4f.oem4f (.const:ti_sysbios_knl_Clock_Module_State_clockQ__O)
                  0000a378    00000004     PITA_pem4f.oem4f (.const:ti_sysbios_knl_Clock_Module__diagsEnabled__C)
                  0000a37c    00000004     PITA_pem4f.oem4f (.const:ti_sysbios_knl_Clock_Module__diagsIncluded__C)
                  0000a380    00000004     PITA_pem4f.oem4f (.const:ti_sysbios_knl_Clock_Module__diagsMask__C)
                  0000a384    00000004     PITA_pem4f.oem4f (.const:ti_sysbios_knl_Clock_Module__loggerFxn1__C)
                  0000a388    00000004     PITA_pem4f.oem4f (.const:ti_sysbios_knl_Clock_Module__loggerFxn2__C)
                  0000a38c    00000004     PITA_pem4f.oem4f (.const:ti_sysbios_knl_Clock_Module__loggerObj__C)
                  0000a390    00000004     PITA_pem4f.oem4f (.const:ti_sysbios_knl_Semaphore_A_badContext__C)
                  0000a394    00000004     PITA_pem4f.oem4f (.const:ti_sysbios_knl_Semaphore_A_noEvents__C)
                  0000a398    00000004     PITA_pem4f.oem4f (.const:ti_sysbios_knl_Semaphore_A_overflow__C)
                  0000a39c    00000004     PITA_pem4f.oem4f (.const:ti_sysbios_knl_Semaphore_A_pendTaskDisabled__C)
                  0000a3a0    00000004     PITA_pem4f.oem4f (.const:ti_sysbios_knl_Semaphore_Instance_State_pendQ__O)
                  0000a3a4    00000004     PITA_pem4f.oem4f (.const:ti_sysbios_knl_Semaphore_LM_pend__C)
                  0000a3a8    00000004     PITA_pem4f.oem4f (.const:ti_sysbios_knl_Semaphore_LM_post__C)
                  0000a3ac    00000004     PITA_pem4f.oem4f (.const:ti_sysbios_knl_Semaphore_Module__diagsEnabled__C)
                  0000a3b0    00000004     PITA_pem4f.oem4f (.const:ti_sysbios_knl_Semaphore_Module__diagsIncluded__C)
                  0000a3b4    00000004     PITA_pem4f.oem4f (.const:ti_sysbios_knl_Semaphore_Module__diagsMask__C)
                  0000a3b8    00000004     PITA_pem4f.oem4f (.const:ti_sysbios_knl_Semaphore_Module__loggerFxn2__C)
                  0000a3bc    00000004     PITA_pem4f.oem4f (.const:ti_sysbios_knl_Semaphore_Module__loggerFxn4__C)
                  0000a3c0    00000004     PITA_pem4f.oem4f (.const:ti_sysbios_knl_Semaphore_Module__loggerObj__C)
                  0000a3c4    00000004     PITA_pem4f.oem4f (.const:ti_sysbios_knl_Swi_LD_end__C)
                  0000a3c8    00000004     PITA_pem4f.oem4f (.const:ti_sysbios_knl_Swi_LM_begin__C)
                  0000a3cc    00000004     PITA_pem4f.oem4f (.const:ti_sysbios_knl_Swi_LM_post__C)
                  0000a3d0    00000004     PITA_pem4f.oem4f (.const:ti_sysbios_knl_Swi_Module__diagsEnabled__C)
                  0000a3d4    00000004     PITA_pem4f.oem4f (.const:ti_sysbios_knl_Swi_Module__diagsIncluded__C)
                  0000a3d8    00000004     PITA_pem4f.oem4f (.const:ti_sysbios_knl_Swi_Module__diagsMask__C)
                  0000a3dc    00000004     PITA_pem4f.oem4f (.const:ti_sysbios_knl_Swi_Module__loggerFxn1__C)
                  0000a3e0    00000004     PITA_pem4f.oem4f (.const:ti_sysbios_knl_Swi_Module__loggerFxn4__C)
                  0000a3e4    00000004     PITA_pem4f.oem4f (.const:ti_sysbios_knl_Swi_Module__loggerObj__C)
                  0000a3e8    00000004     PITA_pem4f.oem4f (.const:ti_sysbios_knl_Swi_Object__count__C)
                  0000a3ec    00000004     PITA_pem4f.oem4f (.const:ti_sysbios_knl_Task_E_spOutOfBounds__C)
                  0000a3f0    00000004     PITA_pem4f.oem4f (.const:ti_sysbios_knl_Task_E_stackOverflow__C)
                  0000a3f4    00000004     PITA_pem4f.oem4f (.const:ti_sysbios_knl_Task_LD_block__C)
                  0000a3f8    00000004     PITA_pem4f.oem4f (.const:ti_sysbios_knl_Task_LD_exit__C)
                  0000a3fc    00000004     PITA_pem4f.oem4f (.const:ti_sysbios_knl_Task_LD_ready__C)
                  0000a400    00000004     PITA_pem4f.oem4f (.const:ti_sysbios_knl_Task_LM_switch__C)
                  0000a404    00000004     PITA_pem4f.oem4f (.const:ti_sysbios_knl_Task_Module_State_inactiveQ__O)
                  0000a408    00000004     PITA_pem4f.oem4f (.const:ti_sysbios_knl_Task_Module__diagsEnabled__C)
                  0000a40c    00000004     PITA_pem4f.oem4f (.const:ti_sysbios_knl_Task_Module__diagsIncluded__C)
                  0000a410    00000004     PITA_pem4f.oem4f (.const:ti_sysbios_knl_Task_Module__diagsMask__C)
                  0000a414    00000004     PITA_pem4f.oem4f (.const:ti_sysbios_knl_Task_Module__loggerFxn2__C)
                  0000a418    00000004     PITA_pem4f.oem4f (.const:ti_sysbios_knl_Task_Module__loggerFxn4__C)
                  0000a41c    00000004     PITA_pem4f.oem4f (.const:ti_sysbios_knl_Task_Module__loggerObj__C)
                  0000a420    00000004     PITA_pem4f.oem4f (.const:ti_sysbios_knl_Task_Object__count__C)
                  0000a424    00000004     PITA_pem4f.oem4f (.const:ti_sysbios_knl_Task_allBlockedFunc__C)
                  0000a428    00000004     PITA_pem4f.oem4f (.const:ti_sysbios_knl_Task_numConstructedTasks__C)
                  0000a42c    00000004     PITA_pem4f.oem4f (.const:ti_sysbios_utils_Load_LS_cpuLoad__C)
                  0000a430    00000004     PITA_pem4f.oem4f (.const:ti_sysbios_utils_Load_Module__diagsEnabled__C)
                  0000a434    00000004     PITA_pem4f.oem4f (.const:ti_sysbios_utils_Load_Module__diagsIncluded__C)
                  0000a438    00000004     PITA_pem4f.oem4f (.const:ti_sysbios_utils_Load_Module__diagsMask__C)
                  0000a43c    00000004     PITA_pem4f.oem4f (.const:ti_sysbios_utils_Load_Module__loggerFxn1__C)
                  0000a440    00000004     PITA_pem4f.oem4f (.const:ti_sysbios_utils_Load_Module__loggerObj__C)
                  0000a444    00000004     PITA_pem4f.oem4f (.const:ti_sysbios_utils_Load_postUpdate__C)
                  0000a448    00000004     PITA_pem4f.oem4f (.const:ti_sysbios_utils_Load_windowInMs__C)
                  0000a44c    00000004     PITA_pem4f.oem4f (.const:ti_uia_loggers_LoggerStopMode_Module__diagsEnabled__C)
                  0000a450    00000004     PITA_pem4f.oem4f (.const:ti_uia_loggers_LoggerStopMode_Module__diagsIncluded__C)
                  0000a454    00000004     PITA_pem4f.oem4f (.const:ti_uia_loggers_LoggerStopMode_Module__diagsMask__C)
                  0000a458    00000004     PITA_pem4f.oem4f (.const:ti_uia_loggers_LoggerStopMode_Object__count__C)
                  0000a45c    00000004     PITA_pem4f.oem4f (.const:ti_uia_runtime_ILoggerSnapshot_Interface__BASE__C)
                  0000a460    00000004     PITA_pem4f.oem4f (.const:ti_uia_runtime_IUIATransfer_Interface__BASE__C)
                  0000a464    00000004     PITA_pem4f.oem4f (.const:xdc_runtime_Assert_E_assertFailed__C)
                  0000a468    00000004     PITA_pem4f.oem4f (.const:xdc_runtime_Core_A_initializedParams__C)
                  0000a46c    00000004     PITA_pem4f.oem4f (.const:xdc_runtime_Core_Module__diagsEnabled__C)
                  0000a470    00000004     PITA_pem4f.oem4f (.const:xdc_runtime_Core_Module__diagsIncluded__C)
                  0000a474    00000004     PITA_pem4f.oem4f (.const:xdc_runtime_Core_Module__diagsMask__C)
                  0000a478    00000004     PITA_pem4f.oem4f (.const:xdc_runtime_Error_E_memory__C)
                  0000a47c    00000004     PITA_pem4f.oem4f (.const:xdc_runtime_Error_Module__diagsEnabled__C)
                  0000a480    00000004     PITA_pem4f.oem4f (.const:xdc_runtime_Error_Module__diagsIncluded__C)
                  0000a484    00000004     PITA_pem4f.oem4f (.const:xdc_runtime_Error_Module__diagsMask__C)
                  0000a488    00000004     PITA_pem4f.oem4f (.const:xdc_runtime_Error_Module__loggerFxn8__C)
                  0000a48c    00000004     PITA_pem4f.oem4f (.const:xdc_runtime_Error_Module__loggerObj__C)
                  0000a490    00000004     PITA_pem4f.oem4f (.const:xdc_runtime_Error_policyFxn__C)
                  0000a494    00000004     PITA_pem4f.oem4f (.const:xdc_runtime_Error_raiseHook__C)
                  0000a498    00000004     PITA_pem4f.oem4f (.const:xdc_runtime_HeapStd_A_align__C)
                  0000a49c    00000004     PITA_pem4f.oem4f (.const:xdc_runtime_HeapStd_A_invalidTotalFreeSize__C)
                  0000a4a0    00000004     PITA_pem4f.oem4f (.const:xdc_runtime_HeapStd_A_zeroSize__C)
                  0000a4a4    00000004     PITA_pem4f.oem4f (.const:xdc_runtime_HeapStd_E_noRTSMemory__C)
                  0000a4a8    00000004     PITA_pem4f.oem4f (.const:xdc_runtime_HeapStd_Module__diagsEnabled__C)
                  0000a4ac    00000004     PITA_pem4f.oem4f (.const:xdc_runtime_HeapStd_Module__diagsIncluded__C)
                  0000a4b0    00000004     PITA_pem4f.oem4f (.const:xdc_runtime_HeapStd_Module__diagsMask__C)
                  0000a4b4    00000004     PITA_pem4f.oem4f (.const:xdc_runtime_IFilterLogger_Interface__BASE__C)
                  0000a4b8    00000004     PITA_pem4f.oem4f (.const:xdc_runtime_IGateProvider_Interface__BASE__C)
                  0000a4bc    00000004     PITA_pem4f.oem4f (.const:xdc_runtime_IHeap_Interface__BASE__C)
                  0000a4c0    00000004     PITA_pem4f.oem4f (.const:xdc_runtime_ILogger_Interface__BASE__C)
                  0000a4c4    00000004     PITA_pem4f.oem4f (.const:xdc_runtime_IModule_Interface__BASE__C)
                  0000a4c8    00000004     PITA_pem4f.oem4f (.const:xdc_runtime_Log_L_error__C)
                  0000a4cc    00000004     PITA_pem4f.oem4f (.const:xdc_runtime_Log_L_info__C)
                  0000a4d0    00000004     PITA_pem4f.oem4f (.const:xdc_runtime_Main_Module__diagsEnabled__C)
                  0000a4d4    00000004     PITA_pem4f.oem4f (.const:xdc_runtime_Main_Module__diagsIncluded__C)
                  0000a4d8    00000004     PITA_pem4f.oem4f (.const:xdc_runtime_Main_Module__diagsMask__C)
                  0000a4dc    00000004     PITA_pem4f.oem4f (.const:xdc_runtime_Main_Module__loggerFxn4__C)
                  0000a4e0    00000004     PITA_pem4f.oem4f (.const:xdc_runtime_Main_Module__loggerObj__C)
                  0000a4e4    00000004     PITA_pem4f.oem4f (.const:xdc_runtime_Memory_defaultHeapInstance__C)
                  0000a4e8    00000004     PITA_pem4f.oem4f (.const:xdc_runtime_Startup_execImpl__C)
                  0000a4ec    00000004     PITA_pem4f.oem4f (.const:xdc_runtime_Startup_lastFxns__A)
                  0000a4f0    00000004     PITA_pem4f.oem4f (.const:xdc_runtime_Startup_maxPasses__C)
                  0000a4f4    00000004     PITA_pem4f.oem4f (.const:xdc_runtime_Startup_sfxnRts__C)
                  0000a4f8    00000004     PITA_pem4f.oem4f (.const:xdc_runtime_Startup_sfxnTab__C)
                  0000a4fc    00000004     PITA_pem4f.oem4f (.const:xdc_runtime_SysMin_bufSize__C)
                  0000a500    00000004     PITA_pem4f.oem4f (.const:xdc_runtime_SysMin_outputFunc__C)
                  0000a504    00000004     PITA_pem4f.oem4f (.const:xdc_runtime_System_Module__gateObj__C)
                  0000a508    00000004     PITA_pem4f.oem4f (.const:xdc_runtime_System_abortFxn__C)
                  0000a50c    00000004     PITA_pem4f.oem4f (.const:xdc_runtime_System_exitFxn__C)
                  0000a510    00000004     PITA_pem4f.oem4f (.const:xdc_runtime_System_extendFxn__C)
                  0000a514    00000004     PITA_pem4f.oem4f (.const:xdc_runtime_System_maxAtexitHandlers__C)
                  0000a518    00000004     PITA_pem4f.oem4f (.const:xdc_runtime_Text_charTab__C)
                  0000a51c    00000004     PITA_pem4f.oem4f (.const:xdc_runtime_Text_nameEmpty__C)
                  0000a520    00000004     PITA_pem4f.oem4f (.const:xdc_runtime_Text_nameStatic__C)
                  0000a524    00000004     PITA_pem4f.oem4f (.const:xdc_runtime_Text_nameUnknown__C)
                  0000a528    00000004     PITA_pem4f.oem4f (.const:xdc_runtime_Text_nodeTab__C)
                  0000a52c    00000004     PITA_pem4f.oem4f (.const:xdc_runtime_Text_visitRopeFxn__C)
                  0000a530    00000002     PITA_pem4f.oem4f (.const:ti_sysbios_family_arm_m3_Hwi_Module__loggerDefined__C)
                  0000a532    00000002     PITA_pem4f.oem4f (.const:ti_sysbios_gates_GateMutex_Module__id__C)
                  0000a534    00000002     PITA_pem4f.oem4f (.const:ti_sysbios_hal_Hwi_Module__id__C)
                  0000a536    00000002     PITA_pem4f.oem4f (.const:ti_sysbios_knl_Clock_Module__id__C)
                  0000a538    00000002     PITA_pem4f.oem4f (.const:ti_sysbios_knl_Clock_Module__loggerDefined__C)
                  0000a53a    00000002     PITA_pem4f.oem4f (.const:ti_sysbios_knl_Semaphore_Module__id__C)
                  0000a53c    00000002     PITA_pem4f.oem4f (.const:ti_sysbios_knl_Semaphore_Module__loggerDefined__C)
                  0000a53e    00000002     PITA_pem4f.oem4f (.const:ti_sysbios_knl_Swi_Module__id__C)
                  0000a540    00000002     PITA_pem4f.oem4f (.const:ti_sysbios_knl_Swi_Module__loggerDefined__C)
                  0000a542    00000002     PITA_pem4f.oem4f (.const:ti_sysbios_knl_Task_Module__id__C)
                  0000a544    00000002     PITA_pem4f.oem4f (.const:ti_sysbios_knl_Task_Module__loggerDefined__C)
                  0000a546    00000002     PITA_pem4f.oem4f (.const:ti_sysbios_utils_Load_Module__id__C)
                  0000a548    00000002     PITA_pem4f.oem4f (.const:ti_sysbios_utils_Load_Module__loggerDefined__C)
                  0000a54a    00000002     PITA_pem4f.oem4f (.const:ti_sysbios_utils_Load_updateInIdle__C)
                  0000a54c    00000002     PITA_pem4f.oem4f (.const:ti_uia_loggers_LoggerStopMode_Module__id__C)
                  0000a54e    00000002     PITA_pem4f.oem4f (.const:ti_uia_loggers_LoggerStopMode_isTimestampEnabled__C)
                  0000a550    00000002     PITA_pem4f.oem4f (.const:xdc_runtime_Core_Module__id__C)
                  0000a552    00000002     PITA_pem4f.oem4f (.const:xdc_runtime_Error_Module__loggerDefined__C)
                  0000a554    00000002     PITA_pem4f.oem4f (.const:xdc_runtime_Error_maxDepth__C)
                  0000a556    00000002     PITA_pem4f.oem4f (.const:xdc_runtime_HeapStd_Module__id__C)
                  0000a558    00000002     PITA_pem4f.oem4f (.const:xdc_runtime_Main_Module__id__C)
                  0000a55a    00000002     PITA_pem4f.oem4f (.const:xdc_runtime_Main_Module__loggerDefined__C)
                  0000a55c    00000002     PITA_pem4f.oem4f (.const:xdc_runtime_Memory_Module__id__C)
                  0000a55e    00000002     PITA_pem4f.oem4f (.const:xdc_runtime_SysMin_flushAtExit__C)
                  0000a560    00000002     PITA_pem4f.oem4f (.const:xdc_runtime_Text_charCnt__C)
                  0000a562    00000002     PITA_pem4f.oem4f (.const:xdc_runtime_Text_isLoaded__C)
                  0000a564    00000002     PITA_pem4f.oem4f (.const:xdc_runtime_Text_registryModsLastId__C)
                  0000a566    00000002     PITA_pem4f.oem4f (.const:xdc_runtime_Text_unnamedModsLastId__C)

.cinit     0    0000a568    00000424     
                  0000a568    000003e8     (.cinit..data.load) [load image, compression = rle]
                  0000a950    0000000b     (.cinit..bss.load) [load image, compression = rle]
                  0000a95b    00000005     --HOLE-- [fill = 0]
                  0000a960    0000000b     (.cinit..vecs.load) [load image, compression = rle]
                  0000a96b    00000001     --HOLE-- [fill = 0]
                  0000a96c    00000008     (__TI_handler_table)
                  0000a974    00000018     (__TI_cinit_table)

.init_array 
*          0    00000000    00000000     UNINITIALIZED

.resetVecs 
*          0    00000000    0000003c     
                  00000000    0000003c     PITA_pem4f.oem4f (.resetVecs)

.vecs      0    20000000    00000360     UNINITIALIZED
                  20000000    00000360     PITA_pem4f.oem4f (.vecs)

.bss       0    20000380    000012b0     UNINITIALIZED
                  20000380    00000400     (.common:ti_uia_loggers_LoggerStopMode_Instance_State_1_packetArray__A)
                  20000780    00000400     (.common:ti_uia_loggers_LoggerStopMode_Instance_State_2_packetArray__A)
                  20000b80    00000360     (.common:ti_sysbios_family_arm_m3_Hwi_dispatchTable)
                  20000ee0    00000200     PITA_pem4f.oem4f (.bss:taskStackSection)
                  200010e0    00000008     rtsv7M4_T_le_v4SPD16_eabi.lib : trgdrv.obj (.bss:parmbuf)
                  200010e8    00000004     (.common:ui32Load)
                  200010ec    00000004     (.common:ui32PWMClock)
                  200010f0    00000010     --HOLE--
                  20001100    00000200     (.common:ti_uia_loggers_LoggerStopMode_Instance_State_0_packetArray__A)
                  20001300    00000120                                   : trgmsg.obj (.bss:_CIOBUF_)
                  20001420    00000080     (.common:xdc_runtime_SysMin_Module_State_0_outbuf__A)
                  200014a0    00000060     --HOLE--
                  20001500    00000030     (.common:ti_uia_loggers_LoggerStopMode_Instance_State_0_hdr__A)
                  20001530    00000050     --HOLE--
                  20001580    00000030     (.common:ti_uia_loggers_LoggerStopMode_Instance_State_1_hdr__A)
                  200015b0    00000050     --HOLE--
                  20001600    00000030     (.common:ti_uia_loggers_LoggerStopMode_Instance_State_2_hdr__A)

.data      0    20001630    00000748     UNINITIALIZED
                  20001630    000000c4     PITA_Funct.obj (.data:game_field)
                  200016f4    000000c4     PITA_Funct.obj (.data:tunnel_map)
                  200017b8    0000009c     PITA_pem4f.oem4f (.data:ti_uia_loggers_LoggerStopMode_Object__table__V)
                  20001854    00000098     PITA_pem4f.oem4f (.data:ti_sysbios_utils_Load_Module__state__V)
                  200018ec    00000080     PITA_pem4f.oem4f (.data:ti_sysbios_family_arm_lm4_Timer_Object__table__V)
                  2000196c    00000080     PITA_pem4f.oem4f (.data:ti_sysbios_knl_Swi_Module_State_0_readyQ__A)
                  200019ec    00000080     PITA_pem4f.oem4f (.data:ti_sysbios_knl_Task_Module_State_0_readyQ__A)
                  20001a6c    00000060     PITA_pem4f.oem4f (.data:ti_sysbios_knl_Swi_Object__table__V)
                  20001acc    0000004c     PITA_pem4f.oem4f (.data:ti_sysbios_knl_Task_Object__table__V)
                  20001b18    00000044     PITA_pem4f.oem4f (.data:ti_sysbios_knl_Task_Module__state__V)
                  20001b5c    00000034     PITA_pem4f.oem4f (.data:ti_sysbios_family_arm_m3_Hwi_Module__state__V)
                  20001b90    00000030     PITA_pem4f.oem4f (.data:ti_sysbios_family_arm_lm4_Timer_Module_State_0_device__A)
                  20001bc0    00000030     PITA_pem4f.oem4f (.data:ti_sysbios_family_arm_m3_Hwi_Object__table__V)
                  20001bf0    0000002c     PITA_pem4f.oem4f (.data:ti_sysbios_knl_Clock_Module__state__V)
                  20001c1c    00000024     PITA_pem4f.oem4f (.data:ti_sysbios_BIOS_Module__state__V)
                  20001c40    0000001c     PITA_pem4f.oem4f (.data:ti_sysbios_gates_GateMutex_Object__table__V)
                  20001c5c    0000001c     PITA_pem4f.oem4f (.data:ti_sysbios_knl_Swi_Module__state__V)
                  20001c78    00000018     PITA_pem4f.oem4f (.data:ti_sysbios_family_arm_lm4_Timer_Module_State_0_handles__A)
                  20001c90    0000000d     PITA_Funct.obj (.data)
                  20001c9d    00000001     --HOLE--
                  20001c9e    00000002     PITA_pem4f.oem4f (.data:ti_sysbios_family_arm_m3_Hwi_Module_State_0_excActive__A)
                  20001ca0    0000000c     rtsv7M4_T_le_v4SPD16_eabi.lib : exit.obj (.data:$O1$$)
                  20001cac    0000000c     PITA_pem4f.oem4f (.data:ti_sysbios_family_arm_lm4_Timer_Module__state__V)
                  20001cb8    0000000c     PITA_pem4f.oem4f (.data:ti_sysbios_knl_Task_Module__root__V)
                  20001cc4    0000000c     PITA_pem4f.oem4f (.data:ti_uia_runtime_QueueDescriptor_Module__state__V)
                  20001cd0    0000000c     PITA_pem4f.oem4f (.data:xdc_runtime_HeapStd_Object__table__V)
                  20001cdc    0000000c     PITA_pem4f.oem4f (.data:xdc_runtime_SysMin_Module__state__V)
                  20001ce8    00000008     rtsv7M4_T_le_v4SPD16_eabi.lib : _lock.obj (.data:$O1$$)
                  20001cf0    00000008     ti.uia.runtime.aem4f : QueueDescriptor.oem4f (.data)
                  20001cf8    00000008     PITA_pem4f.oem4f (.data:ti_sysbios_family_arm_lm4_TimestampProvider_Module__state__V)
                  20001d00    00000008     PITA_pem4f.oem4f (.data:ti_sysbios_gates_GateHwi_Module__root__V)
                  20001d08    00000008     PITA_pem4f.oem4f (.data:ti_sysbios_gates_GateMutex_Module__root__V)
                  20001d10    00000008     PITA_pem4f.oem4f (.data:ti_sysbios_knl_Queue_Module__root__V)
                  20001d18    00000008     PITA_pem4f.oem4f (.data:ti_sysbios_knl_Semaphore_Module__root__V)
                  20001d20    00000008     PITA_pem4f.oem4f (.data:ti_uia_loggers_LoggerStopMode_Module__root__V)
                  20001d28    00000008     PITA_pem4f.oem4f (.data:xdc_runtime_HeapStd_Module__root__V)
                  20001d30    00000008     PITA_pem4f.oem4f (.data:xdc_runtime_Registry_Module__state__V)
                  20001d38    00000008     PITA_pem4f.oem4f (.data:xdc_runtime_Startup_Module__state__V)
                  20001d40    00000008     PITA_pem4f.oem4f (.data:xdc_runtime_System_Module_State_0_atexitHandlers__A)
                  20001d48    00000008     PITA_pem4f.oem4f (.data:xdc_runtime_System_Module__state__V)
                  20001d50    00000004     rtsv7M4_T_le_v4SPD16_eabi.lib : stkdepth_vars.obj (.data)
                  20001d54    00000004     PITA_pem4f.oem4f (.data:ti_sysbios_family_arm_m3_Hwi_Module_State_0_excContext__A)
                  20001d58    00000004     PITA_pem4f.oem4f (.data:ti_sysbios_family_arm_m3_Hwi_Module_State_0_excStack__A)
                  20001d5c    00000004     PITA_pem4f.oem4f (.data:ti_sysbios_gates_GateHwi_Object__table__V)
                  20001d60    00000004     PITA_pem4f.oem4f (.data:ti_sysbios_knl_Task_Module_State_0_idleTask__A)
                  20001d64    00000004     PITA_pem4f.oem4f (.data:ti_sysbios_utils_Load_Module_State_0_runningTask__A)
                  20001d68    00000004     PITA_pem4f.oem4f (.data:ti_sysbios_utils_Load_Module_State_0_taskStartTime__A)
                  20001d6c    00000004     PITA_pem4f.oem4f (.data:xdc_runtime_HeapStd_Module__state__V)
                  20001d70    00000004     PITA_pem4f.oem4f (.data:xdc_runtime_Memory_Module__state__V)
                  20001d74    00000002     PITA_pem4f.oem4f (.data:xdc_runtime_Error_Module__state__V)
                  20001d76    00000002     PITA_pem4f.oem4f (.data:xdc_runtime_Main_Module__root__V)

.stack     0    20001d78    00000400     UNINITIALIZED
                  20001d78    00000400     --HOLE--

.bootVecs 
*          0    00000000    00000008     DSECT
                  00000000    00000008     boot.aem4f : boot.oem4f (.bootVecs)

xdc.meta   0    00000000    000000d1     COPY SECTION
                  00000000    000000d1     PITA_pem4f.oem4f (xdc.meta)

MODULE SUMMARY

       Module                     code    ro data   rw data
       ------                     ----    -------   -------
    .\
       PITA_Funct.obj             7684    78        413    
       PITA_main.obj              64      0         0      
    +--+--------------------------+-------+---------+---------+
       Total:                     7748    78        413    
                                                           
    C:\TI_RTOS\Workspace\PITA\Debug\configPkg\package\cfg\
       PITA_pem4f.oem4f           3092    8942      6498   
    +--+--------------------------+-------+---------+---------+
       Total:                     3092    8942      6498   
                                                           
    C:/ti/tirtos_tivac_2_16_01_14/products/TivaWare_C_Series-2.1.1.71b/driverlib/ccs/Debug/driverlib.lib
       sysctl.obj                 666     108       0      
       gpio.obj                   526     144       0      
       adc.obj                    308     0         0      
       timer.obj                  150     0         0      
       uart.obj                   134     0         0      
       pwm.obj                    110     0         0      
    +--+--------------------------+-------+---------+---------+
       Total:                     1894    252       0      
                                                           
    C:\TI_RTOS\Workspace\PITA\src\sysbios\sysbios.aem4f
       BIOS.obj                   11080   0         0      
       m3_Hwi_asm.obj             314     0         0      
       m3_TaskSupport_asm.obj     180     0         0      
       m3_Hwi_asm_switch.obj      118     0         0      
    +--+--------------------------+-------+---------+---------+
       Total:                     11692   0         0      
                                                           
    C:\ti\ccsv6\tools\compiler\arm_15.12.3.LTS\lib\rtsv7M4_T_le_v4SPD16_eabi.lib
       trgdrv.obj                 804     0         8      
       trgmsg.obj                 104     0         288    
       fd_div_t2.obj              310     0         0      
       fd_mul_t2.obj              252     0         0      
       memcpy_t2.obj              156     0         0      
       memset_t2.obj              122     0         0      
       copy_decompress_rle.obj    112     0         0      
       exit.obj                   84      0         12     
       cpy_tbl.obj                76      0         0      
       fd_toi_t2.obj              72      0         0      
       fd_tou_t2.obj              68      0         0      
       u_divt2.obj                64      0         0      
       i_tofd_t2.obj              46      0         0      
       u_tofd_t2.obj              32      0         0      
       _lock.obj                  20      0         8      
       args_main.obj              24      0         0      
       strcmp.obj                 24      0         0      
       strcpy.obj                 20      0         0      
       strlen.obj                 20      0         0      
       copy_decompress_none.obj   14      0         0      
       stkdepth_vars.obj          0       0         4      
       i_div0.obj                 2       0         0      
    +--+--------------------------+-------+---------+---------+
       Total:                     2426    0         320    
                                                           
    C:\ti\tirtos_tivac_2_16_01_14\products\bios_6_45_02_31\packages\ti\catalog\arm\cortexm4\tiva\ce\lib\Boot.aem4f
       Boot_sysctl.oem4f          262     0         0      
       Boot.oem4f                 152     0         0      
    +--+--------------------------+-------+---------+---------+
       Total:                     414     0         0      
                                                           
    C:\ti\tirtos_tivac_2_16_01_14\products\bios_6_45_02_31\packages\ti\targets\arm\rtsarm\lib\auto_init.aem4f
       auto_init.oem4f            160     0         0      
    +--+--------------------------+-------+---------+---------+
       Total:                     160     0         0      
                                                           
    C:\ti\tirtos_tivac_2_16_01_14\products\bios_6_45_02_31\packages\ti\targets\arm\rtsarm\lib\boot.aem4f
       boot.oem4f                 88      0         0      
    +--+--------------------------+-------+---------+---------+
       Total:                     88      0         0      
                                                           
    C:\ti\tirtos_tivac_2_16_01_14\products\bios_6_45_02_31\packages\ti\targets\arm\rtsarm\lib\ti.targets.arm.rtsarm.aem4f
       System.oem4f               1255    0         0      
       HeapStd.oem4f              714     0         0      
       Text.oem4f                 672     0         0      
       Error.oem4f                524     0         0      
       Core-mem.oem4f             358     0         0      
       Startup.oem4f              328     0         0      
       SysMin.oem4f               248     0         0      
       Core-smem.oem4f            204     0         0      
       Memory.oem4f               176     0         0      
       Assert.oem4f               84      0         0      
       Core-params.oem4f          70      0         0      
       Core-label.oem4f           52      0         0      
       Registry.oem4f             32      0         0      
       Gate.oem4f                 28      0         0      
    +--+--------------------------+-------+---------+---------+
       Total:                     4745    0         0      
[...]
0000a2f0  ti_sysbios_family_arm_m3_Hwi_E_NMI__C                             
0000a2f4  ti_sysbios_family_arm_m3_Hwi_E_busFault__C                        
0000a2f8  ti_sysbios_family_arm_m3_Hwi_E_debugMon__C                        
0000a2fc  ti_sysbios_family_arm_m3_Hwi_E_hardFault__C                       
0000a300  ti_sysbios_family_arm_m3_Hwi_E_memFault__C                        
0000a304  ti_sysbios_family_arm_m3_Hwi_E_noIsr__C                           
0000a308  ti_sysbios_family_arm_m3_Hwi_E_reserved__C                        
0000a30c  ti_sysbios_family_arm_m3_Hwi_E_svCall__C                          
0000a310  ti_sysbios_family_arm_m3_Hwi_E_usageFault__C                      
0000a314  ti_sysbios_family_arm_m3_Hwi_LD_end__C                            
0000a318  ti_sysbios_family_arm_m3_Hwi_LM_begin__C                          
0000a31c  ti_sysbios_family_arm_m3_Hwi_Module__diagsEnabled__C              
0000a320  ti_sysbios_family_arm_m3_Hwi_Module__diagsIncluded__C             
0000a324  ti_sysbios_family_arm_m3_Hwi_Module__diagsMask__C                 
0000a328  ti_sysbios_family_arm_m3_Hwi_Module__loggerFxn1__C                
0000a32c  ti_sysbios_family_arm_m3_Hwi_Module__loggerFxn8__C                
0000a330  ti_sysbios_family_arm_m3_Hwi_Module__loggerObj__C                 
0000a334  ti_sysbios_family_arm_m3_Hwi_NUM_INTERRUPTS__C                    
0000a338  ti_sysbios_family_arm_m3_Hwi_Object__count__C                     
0000a33c  ti_sysbios_family_arm_m3_Hwi_ccr__C                               
0000a340  ti_sysbios_family_arm_m3_Hwi_excHandlerFunc__C                    
0000a344  ti_sysbios_family_arm_m3_Hwi_excHookFuncs__C                      
0000a348  ti_sysbios_family_arm_m3_Hwi_nullIsrFunc__C                       
0000a34c  ti_sysbios_family_arm_m3_Hwi_priGroup__C                          
0000a350  ti_sysbios_gates_GateMutex_A_badContext__C                        
0000a354  ti_sysbios_gates_GateMutex_Instance_State_sem__O                  
0000a358  ti_sysbios_gates_GateMutex_Module__diagsEnabled__C                
0000a35c  ti_sysbios_gates_GateMutex_Module__diagsIncluded__C               
0000a360  ti_sysbios_gates_GateMutex_Module__diagsMask__C                   
0000a364  ti_sysbios_hal_Hwi_E_stackOverflow__C                             
0000a368  ti_sysbios_knl_Clock_LM_begin__C                                  
0000a36c  ti_sysbios_knl_Clock_LM_tick__C                                   
0000a370  ti_sysbios_knl_Clock_LW_delayed__C                                
0000a374  ti_sysbios_knl_Clock_Module_State_clockQ__O                       
0000a378  ti_sysbios_knl_Clock_Module__diagsEnabled__C                      
0000a37c  ti_sysbios_knl_Clock_Module__diagsIncluded__C                     
0000a380  ti_sysbios_knl_Clock_Module__diagsMask__C                         
0000a384  ti_sysbios_knl_Clock_Module__loggerFxn1__C                        
0000a388  ti_sysbios_knl_Clock_Module__loggerFxn2__C                        
0000a38c  ti_sysbios_knl_Clock_Module__loggerObj__C                         
0000a390  ti_sysbios_knl_Semaphore_A_badContext__C                          
0000a394  ti_sysbios_knl_Semaphore_A_noEvents__C                            
0000a398  ti_sysbios_knl_Semaphore_A_overflow__C                            
0000a39c  ti_sysbios_knl_Semaphore_A_pendTaskDisabled__C                    
0000a3a0  ti_sysbios_knl_Semaphore_Instance_State_pendQ__O                  
0000a3a4  ti_sysbios_knl_Semaphore_LM_pend__C                               
0000a3a8  ti_sysbios_knl_Semaphore_LM_post__C                               
0000a3ac  ti_sysbios_knl_Semaphore_Module__diagsEnabled__C                  
0000a3b0  ti_sysbios_knl_Semaphore_Module__diagsIncluded__C                 
0000a3b4  ti_sysbios_knl_Semaphore_Module__diagsMask__C                     
0000a3b8  ti_sysbios_knl_Semaphore_Module__loggerFxn2__C                    
0000a3bc  ti_sysbios_knl_Semaphore_Module__loggerFxn4__C                    
0000a3c0  ti_sysbios_knl_Semaphore_Module__loggerObj__C                     
0000a3c4  ti_sysbios_knl_Swi_LD_end__C                                      
0000a3c8  ti_sysbios_knl_Swi_LM_begin__C                                    
0000a3cc  ti_sysbios_knl_Swi_LM_post__C                                     
0000a3d0  ti_sysbios_knl_Swi_Module__diagsEnabled__C                        
0000a3d4  ti_sysbios_knl_Swi_Module__diagsIncluded__C                       
0000a3d8  ti_sysbios_knl_Swi_Module__diagsMask__C                           
0000a3dc  ti_sysbios_knl_Swi_Module__loggerFxn1__C                          
0000a3e0  ti_sysbios_knl_Swi_Module__loggerFxn4__C                          
0000a3e4  ti_sysbios_knl_Swi_Module__loggerObj__C                           
0000a3e8  ti_sysbios_knl_Swi_Object__count__C                               
0000a3ec  ti_sysbios_knl_Task_E_spOutOfBounds__C                            
0000a3f0  ti_sysbios_knl_Task_E_stackOverflow__C                            
0000a3f4  ti_sysbios_knl_Task_LD_block__C                                   
0000a3f8  ti_sysbios_knl_Task_LD_exit__C                                    
0000a3fc  ti_sysbios_knl_Task_LD_ready__C                                   
0000a400  ti_sysbios_knl_Task_LM_switch__C                                  
0000a404  ti_sysbios_knl_Task_Module_State_inactiveQ__O                     
0000a408  ti_sysbios_knl_Task_Module__diagsEnabled__C                       
0000a40c  ti_sysbios_knl_Task_Module__diagsIncluded__C                      
0000a410  ti_sysbios_knl_Task_Module__diagsMask__C                          
0000a414  ti_sysbios_knl_Task_Module__loggerFxn2__C                         
0000a418  ti_sysbios_knl_Task_Module__loggerFxn4__C                         
0000a41c  ti_sysbios_knl_Task_Module__loggerObj__C                          
0000a420  ti_sysbios_knl_Task_Object__count__C                              
0000a424  ti_sysbios_knl_Task_allBlockedFunc__C                             
0000a428  ti_sysbios_knl_Task_numConstructedTasks__C                        
0000a42c  ti_sysbios_utils_Load_LS_cpuLoad__C                               
0000a430  ti_sysbios_utils_Load_Module__diagsEnabled__C                     
0000a434  ti_sysbios_utils_Load_Module__diagsIncluded__C                    
0000a438  ti_sysbios_utils_Load_Module__diagsMask__C                        
0000a43c  ti_sysbios_utils_Load_Module__loggerFxn1__C                       
0000a440  ti_sysbios_utils_Load_Module__loggerObj__C                        
0000a444  ti_sysbios_utils_Load_postUpdate__C                               
0000a448  ti_sysbios_utils_Load_windowInMs__C                               
0000a44c  ti_uia_loggers_LoggerStopMode_Module__diagsEnabled__C             
0000a450  ti_uia_loggers_LoggerStopMode_Module__diagsIncluded__C            
0000a454  ti_uia_loggers_LoggerStopMode_Module__diagsMask__C                
0000a458  ti_uia_loggers_LoggerStopMode_Object__count__C                    
0000a45c  ti_uia_runtime_ILoggerSnapshot_Interface__BASE__C                 
0000a460  ti_uia_runtime_IUIATransfer_Interface__BASE__C                    
0000a464  xdc_runtime_Assert_E_assertFailed__C                              
0000a468  xdc_runtime_Core_A_initializedParams__C                           
0000a46c  xdc_runtime_Core_Module__diagsEnabled__C                          
0000a470  xdc_runtime_Core_Module__diagsIncluded__C                         
0000a474  xdc_runtime_Core_Module__diagsMask__C                             
0000a478  xdc_runtime_Error_E_memory__C                                     
0000a47c  xdc_runtime_Error_Module__diagsEnabled__C                         
0000a480  xdc_runtime_Error_Module__diagsIncluded__C                        
0000a484  xdc_runtime_Error_Module__diagsMask__C                            
0000a488  xdc_runtime_Error_Module__loggerFxn8__C                           
0000a48c  xdc_runtime_Error_Module__loggerObj__C                            
0000a490  xdc_runtime_Error_policyFxn__C                                    
0000a494  xdc_runtime_Error_raiseHook__C                                    
0000a498  xdc_runtime_HeapStd_A_align__C                                    
0000a49c  xdc_runtime_HeapStd_A_invalidTotalFreeSize__C                     
0000a4a0  xdc_runtime_HeapStd_A_zeroSize__C                                 
0000a4a4  xdc_runtime_HeapStd_E_noRTSMemory__C                              
0000a4a8  xdc_runtime_HeapStd_Module__diagsEnabled__C                       
0000a4ac  xdc_runtime_HeapStd_Module__diagsIncluded__C                      
0000a4b0  xdc_runtime_HeapStd_Module__diagsMask__C                          
0000a4b4  xdc_runtime_IFilterLogger_Interface__BASE__C                      
0000a4b8  xdc_runtime_IGateProvider_Interface__BASE__C                      
0000a4bc  xdc_runtime_IHeap_Interface__BASE__C                              
0000a4c0  xdc_runtime_ILogger_Interface__BASE__C                            
0000a4c4  xdc_runtime_IModule_Interface__BASE__C                            
0000a4c8  xdc_runtime_Log_L_error__C                                        
0000a4cc  xdc_runtime_Log_L_info__C                                         
0000a4d0  xdc_runtime_Main_Module__diagsEnabled__C                          
0000a4d4  xdc_runtime_Main_Module__diagsIncluded__C                         
0000a4d8  xdc_runtime_Main_Module__diagsMask__C                             
0000a4dc  xdc_runtime_Main_Module__loggerFxn4__C                            
0000a4e0  xdc_runtime_Main_Module__loggerObj__C                             
0000a4e4  xdc_runtime_Memory_defaultHeapInstance__C                         
0000a4e8  xdc_runtime_Startup_execImpl__C                                   
0000a4ec  xdc_runtime_Startup_lastFxns__A                                   
0000a4f0  xdc_runtime_Startup_maxPasses__C                                  
0000a4f4  xdc_runtime_Startup_sfxnRts__C                                    
0000a4f8  xdc_runtime_Startup_sfxnTab__C                                    
0000a4fc  xdc_runtime_SysMin_bufSize__C                                     
0000a500  xdc_runtime_SysMin_outputFunc__C                                  
0000a504  xdc_runtime_System_Module__gateObj__C                             
0000a508  xdc_runtime_System_abortFxn__C                                    
0000a50c  xdc_runtime_System_exitFxn__C                                     
0000a510  xdc_runtime_System_extendFxn__C                                   
0000a514  xdc_runtime_System_maxAtexitHandlers__C                           
0000a518  xdc_runtime_Text_charTab__C                                       
0000a51c  xdc_runtime_Text_nameEmpty__C                                     
0000a520  xdc_runtime_Text_nameStatic__C                                    
0000a524  xdc_runtime_Text_nameUnknown__C                                   
0000a528  xdc_runtime_Text_nodeTab__C                                       
0000a52c  xdc_runtime_Text_visitRopeFxn__C                                  
0000a530  ti_sysbios_family_arm_m3_Hwi_Module__loggerDefined__C             
0000a532  ti_sysbios_gates_GateMutex_Module__id__C                          
0000a534  ti_sysbios_hal_Hwi_Module__id__C                                  
0000a536  ti_sysbios_knl_Clock_Module__id__C                                
0000a538  ti_sysbios_knl_Clock_Module__loggerDefined__C                     
0000a53a  ti_sysbios_knl_Semaphore_Module__id__C                            
0000a53c  ti_sysbios_knl_Semaphore_Module__loggerDefined__C                 
0000a53e  ti_sysbios_knl_Swi_Module__id__C                                  
0000a540  ti_sysbios_knl_Swi_Module__loggerDefined__C                       
0000a542  ti_sysbios_knl_Task_Module__id__C                                 
0000a544  ti_sysbios_knl_Task_Module__loggerDefined__C                      
0000a546  ti_sysbios_utils_Load_Module__id__C                               
0000a548  ti_sysbios_utils_Load_Module__loggerDefined__C                    
0000a54a  ti_sysbios_utils_Load_updateInIdle__C                             
0000a54c  ti_uia_loggers_LoggerStopMode_Module__id__C                       
0000a54e  ti_uia_loggers_LoggerStopMode_isTimestampEnabled__C               
0000a550  xdc_runtime_Core_Module__id__C                                    
0000a552  xdc_runtime_Error_Module__loggerDefined__C                        
0000a554  xdc_runtime_Error_maxDepth__C                                     
0000a556  xdc_runtime_HeapStd_Module__id__C                                 
0000a558  xdc_runtime_Main_Module__id__C                                    
0000a55a  xdc_runtime_Main_Module__loggerDefined__C                         
0000a55c  xdc_runtime_Memory_Module__id__C                                  
0000a55e  xdc_runtime_SysMin_flushAtExit__C                                 
0000a560  xdc_runtime_Text_charCnt__C                                       
0000a562  xdc_runtime_Text_isLoaded__C                                      
0000a564  xdc_runtime_Text_registryModsLastId__C                            
0000a566  xdc_runtime_Text_unnamedModsLastId__C                             
0000a568  __TI_static_base__                                                
0000a96c  __TI_Handler_Table_Base                                           
0000a974  __TI_CINIT_Base                                                   
0000a974  __TI_Handler_Table_Limit                                          
0000a98c  __TI_CINIT_Limit                                                  
20000000  ti_sysbios_family_arm_m3_Hwi_ramVectors                           
20000380  ti_uia_loggers_LoggerStopMode_Instance_State_1_packetArray__A     
20000780  ti_uia_loggers_LoggerStopMode_Instance_State_2_packetArray__A     
20000b80  ti_sysbios_family_arm_m3_Hwi_dispatchTable                        
20000ee0  ti_sysbios_knl_Task_Instance_State_0_stack__A                     
200010e8  ui32Load                                                          
200010ec  ui32PWMClock                                                      
20001100  ti_uia_loggers_LoggerStopMode_Instance_State_0_packetArray__A     
20001300  __CIOBUF_                                                         
20001420  xdc_runtime_SysMin_Module_State_0_outbuf__A                       
20001500  ti_uia_loggers_LoggerStopMode_Instance_State_0_hdr__A             
20001580  ti_uia_loggers_LoggerStopMode_Instance_State_1_hdr__A             
20001600  ti_uia_loggers_LoggerStopMode_Instance_State_2_hdr__A             
20001630  game_field                                                        
200016f4  tunnel_map                                                        
200017b8  ti_uia_loggers_LoggerStopMode_Object__table__V                    
20001854  ti_sysbios_utils_Load_Module__state__V                            
200018ec  ti_sysbios_family_arm_lm4_Timer_Object__table__V                  
2000196c  ti_sysbios_knl_Swi_Module_State_0_readyQ__A                       
200019ec  ti_sysbios_knl_Task_Module_State_0_readyQ__A                      
20001a6c  ti_sysbios_knl_Swi_Object__table__V                               
20001acc  ti_sysbios_knl_Task_Object__table__V                              
20001b18  ti_sysbios_knl_Task_Module__state__V                              
20001b5c  ti_sysbios_family_arm_m3_Hwi_Module__state__V                     
20001b90  ti_sysbios_family_arm_lm4_Timer_Module_State_0_device__A          
20001bc0  ti_sysbios_family_arm_m3_Hwi_Object__table__V                     
20001bf0  ti_sysbios_knl_Clock_Module__state__V                             
20001c1c  ti_sysbios_BIOS_Module__state__V                                  
20001c40  ti_sysbios_gates_GateMutex_Object__table__V                       
20001c5c  ti_sysbios_knl_Swi_Module__state__V                               
20001c78  ti_sysbios_family_arm_lm4_Timer_Module_State_0_handles__A         
20001c94  i16ToggleCount                                                    
20001c98  grid_orientation                                                  
20001c9e  ti_sysbios_family_arm_m3_Hwi_Module_State_0_excActive__A          
20001ca0  __TI_cleanup_ptr                                                  
20001ca4  __TI_dtors_ptr                                                    
20001ca8  __TI_enable_exit_profile_output                                   
20001cac  ti_sysbios_family_arm_lm4_Timer_Module__state__V                  
20001cb8  ti_sysbios_knl_Task_Module__root__V                               
20001cc4  ti_uia_runtime_QueueDescriptor_Module__state__V                   
20001cd0  xdc_runtime_HeapStd_Object__table__V                              
20001cdc  xdc_runtime_SysMin_Module__state__V                               
20001ce8  _lock                                                             
20001cec  _unlock                                                           
20001cf0  ti_uia_runtime_QueueDescriptor_gPtrToFirstDescriptor              
20001cf4  ti_uia_runtime_QueueDescriptor_gUpdateCount                       
20001cf8  ti_sysbios_family_arm_lm4_TimestampProvider_Module__state__V      
20001d00  ti_sysbios_gates_GateHwi_Module__root__V                          
20001d08  ti_sysbios_gates_GateMutex_Module__root__V                        
20001d10  ti_sysbios_knl_Queue_Module__root__V                              
20001d18  ti_sysbios_knl_Semaphore_Module__root__V                          
20001d20  ti_uia_loggers_LoggerStopMode_Module__root__V                     
20001d28  xdc_runtime_HeapStd_Module__root__V                               
20001d30  xdc_runtime_Registry_Module__state__V                             
20001d38  xdc_runtime_Startup_Module__state__V                              
20001d40  xdc_runtime_System_Module_State_0_atexitHandlers__A               
20001d48  xdc_runtime_System_Module__state__V                               
20001d50  main_func_sp                                                      
20001d54  ti_sysbios_family_arm_m3_Hwi_Module_State_0_excContext__A         
20001d58  ti_sysbios_family_arm_m3_Hwi_Module_State_0_excStack__A           
20001d5c  ti_sysbios_gates_GateHwi_Object__table__V                         
20001d60  ti_sysbios_knl_Task_Module_State_0_idleTask__A                    
20001d64  ti_sysbios_utils_Load_Module_State_0_runningTask__A               
20001d68  ti_sysbios_utils_Load_Module_State_0_taskStartTime__A             
20001d6c  xdc_runtime_HeapStd_Module__state__V                              
20001d70  xdc_runtime_Memory_Module__state__V                               
20001d74  xdc_runtime_Error_Module__state__V                                
20001d76  xdc_runtime_Main_Module__root__V                                  
20001d78  __stack                                                           
20002178  __STACK_END                                                       
e000e000  ti_sysbios_family_arm_m3_Hwi_nvic                                 
ffffffff  __TI_pprof_out_hndl                                               
ffffffff  __TI_prof_data_size                                               
ffffffff  __TI_prof_data_start                                              
ffffffff  __binit__                                                         
ffffffff  __c_args__                                                        
ffffffff  binit                                                             
UNDEFED   SHT$$INIT_ARRAY$$Base                                             
UNDEFED   SHT$$INIT_ARRAY$$Limit                                            

[714 symbols]
