******************************************************************************
                  TI ARM Linker PC v15.12.3                    
******************************************************************************
>> Linked Sat Jan 14 12:00:20 2017

OUTPUT FILE NAME:   <PITA.out>
ENTRY POINT SYMBOL: "_c_int00"  address: 00005839


MEMORY CONFIGURATION

         name            origin    length      used     unused   attr    fill
----------------------  --------  ---------  --------  --------  ----  --------
  FLASH                 00000000   00040000  000099a6  0003665a  R  X
  SRAM                  20000000   00008000  0000208e  00005f72  RW X


SEGMENT ALLOCATION MAP

run origin  load origin   length   init length attrs members
----------  ----------- ---------- ----------- ----- -------
00000000    00000000    000099ac   000099ac    r-x
  00000000    00000000    0000003c   0000003c    r-- .resetVecs
  00000040    00000040    00007212   00007212    r-x .text
  00007254    00007254    00002334   00002334    r-- .const
  00009588    00009588    00000424   00000424    r-- .cinit
20000000    20000000    00000360   00000000    rw-
  20000000    20000000    00000360   00000000    rw- .vecs
20000380    20000380    00001d30   00000000    rw-
  20000380    20000380    000012b0   00000000    rw- .bss
  20001630    20001630    0000067e   00000000    rw- .data
  20001cb0    20001cb0    00000400   00000000    rw- .stack


SECTION ALLOCATION MAP

 output                                  attributes/
section   page    origin      length       input sections
--------  ----  ----------  ----------   ----------------
.text      0    00000040    00007212     
                  00000040    00000430     sysbios.aem4f : BIOS.obj (.text:ti_sysbios_family_arm_m3_Hwi_excDumpRegs__I)
                  00000470    0000034c     ti.targets.arm.rtsarm.aem4f : System.oem4f (.text:xdc_runtime_System_doPrint__I)
                  000007bc    00000324     rtsv7M4_T_le_v4SPD16_eabi.lib : trgdrv.obj (.text)
                  00000ae0    000002e4     sysbios.aem4f : BIOS.obj (.text:ti_sysbios_knl_Semaphore_pend__E)
                  00000dc4    000002e0     PITA_Funct.obj (.text:map_tunnels)
                  000010a4    00000294     PITA_Funct.obj (.text:led_control)
                  00001338    00000264     PITA_Funct.obj (.text:hardware_init)
                  0000159c    00000004     driverlib.lib : timer.obj (.text:TimerIntClear)
                  000015a0    000001fc     sysbios.aem4f : BIOS.obj (.text:ti_sysbios_family_arm_m3_Hwi_excHandlerMax__I)
                  0000179c    000001f4     PITA_Funct.obj (.text:command_line)
                  00001990    00000198     PITA_Funct.obj (.text:uSensor)
                  00001b28    0000017c     sysbios.aem4f : BIOS.obj (.text:ti_sysbios_family_arm_lm4_TimestampProvider_get64__E)
                  00001ca4    00000004     PITA_pem4f.oem4f (.text:malloc)
                  00001ca8    00000174     sysbios.aem4f : BIOS.obj (.text:ti_sysbios_family_arm_m3_Hwi_excBusFault__I)
                  00001e1c    00000004     PITA_pem4f.oem4f (.text:ti_sysbios_BIOS_RtsGateProxy_enter__E)
                  00001e20    00000164     sysbios.aem4f : BIOS.obj (.text:ti_sysbios_family_arm_m3_Hwi_excUsageFault__I)
                  00001f84    00000004     PITA_pem4f.oem4f (.text:ti_sysbios_BIOS_RtsGateProxy_leave__E)
                  00001f88    00000148     sysbios.aem4f : BIOS.obj (.text:ti_sysbios_family_arm_m3_Hwi_excMemFault__I)
                  000020d0    00000144                   : BIOS.obj (.text:ti_sysbios_family_arm_m3_Hwi_dispatchC__I)
                  00002214    00000144     ti.targets.arm.rtsarm.aem4f : HeapStd.oem4f (.text:xdc_runtime_HeapStd_alloc__E)
                  00002358    00000140     sysbios.aem4f : BIOS.obj (.text:ti_sysbios_knl_Semaphore_post__E)
                  00002498    00000138     PITA_pem4f.oem4f (.text:ti_uia_loggers_LoggerStopMode_writeMemoryRange__E)
                  000025d0    00000136     rtsv7M4_T_le_v4SPD16_eabi.lib : fd_div_t2.obj (.text)
                  00002706    00000002     PITA_pem4f.oem4f (.text:free)
                  00002708    00000134     sysbios.aem4f : BIOS.obj (.text:ti_sysbios_knl_Clock_workFunc__E)
                  0000283c    00000130     driverlib.lib : gpio.obj (.text:GPIOPadConfigSet)
                  0000296c    00000004     sysbios.aem4f : BIOS.obj (.text:ti_sysbios_family_arm_lm4_Timer_masterEnable__I)
                  00002970    00000120                   : BIOS.obj (.text:ti_sysbios_family_arm_lm4_Timer_start__E)
                  00002a90    0000011c                   : BIOS.obj (.text:ti_sysbios_knl_Swi_run__I)
                  00002bac    00000118     ti.targets.arm.rtsarm.aem4f : Error.oem4f (.text:xdc_runtime_Error_policyDefault__E)
                  00002cc4    0000010c     driverlib.lib : sysctl.obj (.text:SysCtlClockGet)
                  00002dd0    0000010c     PITA_pem4f.oem4f (.text:ti_uia_loggers_LoggerStopMode_write8__E)
                  00002edc    00000100     Boot.aem4f : Boot_sysctl.oem4f (.text:ti_catalog_arm_cortexm4_tiva_ce_Boot_sysCtlClockSetI__I)
                  00002fdc    00000100     ti.targets.arm.rtsarm.aem4f : Core-mem.oem4f (.text:xdc_runtime_Core_createObject__I)
                  000030dc    000000fc     PITA_Funct.obj (.text:ir_sensor)
                  000031d8    000000fc     rtsv7M4_T_le_v4SPD16_eabi.lib : fd_mul_t2.obj (.text)
                  000032d4    000000f8     ti.targets.arm.rtsarm.aem4f : Startup.oem4f (.text:xdc_runtime_Startup_startMods__I)
                  000033cc    000000f8     PITA_pem4f.oem4f (.text:xdc_runtime_System_printfExtend__I)
                  000034c4    000000f4     sysbios.aem4f : m3_Hwi_asm.obj (.text:ti_sysbios_family_arm_m3_Hwi_dispatch__I)
                  000035b8    000000f4     PITA_pem4f.oem4f (.text:ti_uia_loggers_LoggerStopMode_write4__E)
                  000036ac    000000f0     driverlib.lib : sysctl.obj (.text:SysCtlClockSet)
                  0000379c    000000e8     PITA_pem4f.oem4f (.text:ti_uia_loggers_LoggerStopMode_write2__E)
                  00003884    000000e4     PITA_pem4f.oem4f (.text:ti_uia_loggers_LoggerStopMode_write1__E)
                  00003968    000000dc     PITA_Funct.obj (.text:capacitive_sensor)
                  00003a44    00000004     PITA_pem4f.oem4f (.text:ti_sysbios_family_arm_m3_TaskSupport_Module__startupDone__S)
                  00003a48    000000d8     sysbios.aem4f : BIOS.obj (.text:ti_sysbios_family_arm_lm4_TimestampProvider_get32__E)
                  00003b20    000000d8     PITA_pem4f.oem4f (.text:ti_uia_loggers_LoggerStopMode_write0__E)
                  00003bf8    000000cc     sysbios.aem4f : BIOS.obj (.text:ti_sysbios_knl_Task_schedule__I)
                  00003cc4    000000cc     ti.targets.arm.rtsarm.aem4f : Core-smem.oem4f (.text:xdc_runtime_Core_constructObject__I)
                  00003d90    000000cc                                 : HeapStd.oem4f (.text:xdc_runtime_HeapStd_Instance_init__E)
                  00003e5c    00000004     PITA_pem4f.oem4f (.text:ti_sysbios_knl_Clock_TimerProxy_getMaxTicks__E)
                  00003e60    000000bc     sysbios.aem4f : BIOS.obj (.text:ti_sysbios_family_arm_m3_Hwi_excDebugMon__I)
                  00003f1c    00000004     PITA_pem4f.oem4f (.text:ti_sysbios_knl_Clock_TimerProxy_getPeriod__E)
                  00003f20    000000bc     sysbios.aem4f : BIOS.obj (.text:ti_sysbios_family_arm_m3_Hwi_excHardFault__I)
                  00003fdc    00000004     PITA_pem4f.oem4f (.text:ti_sysbios_knl_Queue_destruct)
                  00003fe0    000000bc     sysbios.aem4f : BIOS.obj (.text:ti_sysbios_knl_Task_startCore__E)
                  0000409c    00000004     PITA_pem4f.oem4f (.text:ti_sysbios_knl_Semaphore_destruct)
                  000040a0    000000bc     sysbios.aem4f : BIOS.obj (.text:ti_sysbios_utils_Load_updateLoads__E)
                  0000415c    00000004     ti.uia.loggers.aem4f : LoggerStopMode.oem4f (.text:ti_uia_loggers_LoggerStopMode_getContents__E)
                  00004160    000000b4     sysbios.aem4f : BIOS.obj (.text:ti_sysbios_gates_GateMutex_enter__E)
                  00004214    00000004     PITA_pem4f.oem4f (.text:ti_uia_loggers_LoggerStopMode_getFilterLevel__E)
                  00004218    000000b4     sysbios.aem4f : BIOS.obj (.text:ti_sysbios_knl_Task_checkStacks__E)
                  000042cc    00000004     ti.uia.loggers.aem4f : LoggerStopMode.oem4f (.text:ti_uia_loggers_LoggerStopMode_getInstanceId__E)
                  000042d0    000000b0     sysbios.aem4f : BIOS.obj (.text:ti_sysbios_utils_Load_idleFxn__E)
                  00004380    000000ac                   : BIOS.obj (.text:ti_sysbios_family_arm_lm4_Timer_enableTiva__I)
                  0000442c    00000004     ti.uia.loggers.aem4f : LoggerStopMode.oem4f (.text:ti_uia_loggers_LoggerStopMode_getMaxLength__E)
                  00004430    000000ac     sysbios.aem4f : BIOS.obj (.text:ti_sysbios_knl_Swi_post__E)
                  000044dc    00000004     ti.uia.loggers.aem4f : LoggerStopMode.oem4f (.text:ti_uia_loggers_LoggerStopMode_getPriority__E)
                  000044e0    000000a8     sysbios.aem4f : BIOS.obj (.text:ti_sysbios_knl_Task_blockI__E)
                  00004588    000000a8     ti.targets.arm.rtsarm.aem4f : HeapStd.oem4f (.text:xdc_runtime_HeapStd_free__E)
                  00004630    000000a0     auto_init.aem4f : auto_init.oem4f (.text)
                  000046d0    000000a0     ti.targets.arm.rtsarm.aem4f : Text.oem4f (.text:xdc_runtime_Text_putMod__E)
                  00004770    0000009c     rtsv7M4_T_le_v4SPD16_eabi.lib : memcpy_t2.obj (.text)
                  0000480c    00000004     ti.uia.loggers.aem4f : LoggerStopMode.oem4f (.text:ti_uia_loggers_LoggerStopMode_getTransferType__E)
                  00004810    0000009c     sysbios.aem4f : BIOS.obj (.text:ti_sysbios_knl_Semaphore_Instance_init__E)
                  000048ac    00000004     ti.targets.arm.rtsarm.aem4f : Error.oem4f (.text:xdc_runtime_Error_getSite__E)
                  000048b0    0000009c     sysbios.aem4f : BIOS.obj (.text:ti_sysbios_knl_Task_postInit__I)
                  0000494c    0000009a     ti.targets.arm.rtsarm.aem4f : Text.oem4f (.text:xdc_runtime_Text_putSite__E)
                  000049e6    00000002     rtsv7M4_T_le_v4SPD16_eabi.lib : i_div0.obj (.text)
                  000049e8    00000098     Boot.aem4f : Boot.oem4f (.text:ti_catalog_arm_cortexm4_tiva_ce_Boot_sysCtlClockSet__E)
                  00004a80    00000094     sysbios.aem4f : BIOS.obj (.text:ti_sysbios_family_arm_m3_Hwi_initNVIC__E)
                  00004b14    00000004     ti.targets.arm.rtsarm.aem4f : HeapStd.oem4f (.text:xdc_runtime_HeapStd_isBlocking__E)
                  00004b18    00000094     sysbios.aem4f : BIOS.obj (.text:ti_sysbios_knl_Task_exit__E)
                  00004bac    00000090     PITA_Funct.obj (.text:navigate_snake)
                  00004c3c    00000004     PITA_pem4f.oem4f (.text:xdc_runtime_System_Module_GateProxy_enter__E)
                  00004c40    00000090     sysbios.aem4f : BIOS.obj (.text:ti_sysbios_knl_Task_unblockI__E)
                  00004cd0    00000090     ti.uia.loggers.aem4f : LoggerStopMode.oem4f (.text:ti_uia_loggers_LoggerStopMode_initQueueDescriptor__E)
                  00004d60    0000008c     sysbios.aem4f : BIOS.obj (.text:ti_sysbios_family_arm_lm4_Timer_enableTimers__I)
                  00004dec    0000008c                   : m3_TaskSupport_asm.obj (.text:ti_sysbios_family_arm_m3_TaskSupport_buildTaskStack)
                  00004e78    00000086     rtsv7M4_T_le_v4SPD16_eabi.lib : fd_cmp_t2.obj (.text:__aeabi_cdcmple)
                  00004efe    00000002     PITA_pem4f.oem4f (.text:ti_sysbios_BIOS_nullFunc__I)
                  00004f00    00000084     sysbios.aem4f : BIOS.obj (.text:ti_sysbios_family_arm_m3_Hwi_postInit__I)
                  00004f84    0000007a     driverlib.lib : adc.obj (.text:ADCSequenceStepConfigure)
                  00004ffe    0000007a     rtsv7M4_T_le_v4SPD16_eabi.lib : memset_t2.obj (.text)
                  00005078    00000074     ti.uia.runtime.aem4f : QueueDescriptor.oem4f (.text:ti_uia_runtime_QueueDescriptor_addToList__E)
                  000050ec    00000070     PITA_Funct.obj (.text:motor_moveForward)
                  0000515c    00000070     PITA_Funct.obj (.text:motor_rotateLeft_90)
                  000051cc    00000070     PITA_Funct.obj (.text:motor_rotateRight_90)
                  0000523c    0000006d     ti.targets.arm.rtsarm.aem4f : System.oem4f (.text:xdc_runtime_System_formatNum__I)
                  000052a9    00000001     --HOLE-- [fill = 0]
                  000052aa    00000006     driverlib.lib : gpio.obj (.text:GPIOPinRead)
                  000052b0    0000006c     sysbios.aem4f : BIOS.obj (.text:ti_sysbios_knl_Swi_restoreHwi__E)
                  0000531c    0000006c     ti.targets.arm.rtsarm.aem4f : Error.oem4f (.text:xdc_runtime_Error_print__E)
                  00005388    0000006c                                 : Memory.oem4f (.text:xdc_runtime_Memory_alloc__E)
                  000053f4    0000006a     rtsv7M4_T_le_v4SPD16_eabi.lib : copy_decompress_rle.obj (.text)
                  0000545e    00000002     PITA_pem4f.oem4f (.text:ti_uia_loggers_LoggerStopMode_setFilterLevel__E)
                  00005460    00000068     rtsv7M4_T_le_v4SPD16_eabi.lib : trgmsg.obj (.text)
                  000054c8    00000066     ti.uia.loggers.aem4f : LoggerStopMode.oem4f (.text:ti_uia_loggers_LoggerStopMode_flush__E)
                  0000552e    00000066     ti.targets.arm.rtsarm.aem4f : Core-mem.oem4f (.text:xdc_runtime_Core_deleteObject__I)
                  00005594    00000004     PITA_pem4f.oem4f (.text:xdc_runtime_System_Module_GateProxy_leave__E)
                  00005598    00000064     sysbios.aem4f : BIOS.obj (.text:ti_sysbios_family_arm_lm4_Timer_Module_startup__E)
                  000055fc    00000060     driverlib.lib : timer.obj (.text:TimerConfigure)
                  0000565c    00000004     ti.targets.arm.rtsarm.aem4f : System.oem4f (.text:xdc_runtime_System_aprintf_va__F)
                  00005660    00000060     sysbios.aem4f : BIOS.obj (.text:ti_sysbios_knl_Clock_logTick__E)
                  000056c0    00000060                   : BIOS.obj (.text:ti_sysbios_utils_Load_logCPULoad__I)
                  00005720    0000005c                   : BIOS.obj (.text:ti_sysbios_knl_Swi_schedule__I)
                  0000577c    00000004     ti.targets.arm.rtsarm.aem4f : System.oem4f (.text:xdc_runtime_System_printf_va__F)
                  00005780    0000005c     sysbios.aem4f : BIOS.obj (.text:ti_sysbios_knl_Task_Module_startup__E)
                  000057dc    0000005b     ti.targets.arm.rtsarm.aem4f : Text.oem4f (.text:xdc_runtime_Text_putLab__E)
                  00005837    00000001     --HOLE-- [fill = 0]
                  00005838    00000058     boot.aem4f : boot.oem4f (.text)
                  00005890    00000058     sysbios.aem4f : m3_Hwi_asm_switch.obj (.text:ti_sysbios_family_arm_m3_Hwi_initStacks__E)
                  000058e8    00000058     PITA_pem4f.oem4f (.text:xdc_runtime_HeapStd_Object__create__S)
                  00005940    00000054     PITA_Funct.obj (.text:arm_grip)
                  00005994    00000054     rtsv7M4_T_le_v4SPD16_eabi.lib : exit.obj (.text)
                  000059e8    00000054     ti.targets.arm.rtsarm.aem4f : Assert.oem4f (.text:xdc_runtime_Assert_raise__I)
                  00005a3c    00000002     ti.uia.loggers.aem4f : LoggerStopMode.oem4f (.text:ti_uia_loggers_LoggerStopMode_setPriority__E)
                  00005a3e    00000002     PITA_pem4f.oem4f (.text:xdc_runtime_Startup_reset__I)
                  00005a40    00000050     sysbios.aem4f : BIOS.obj (.text:ti_sysbios_family_arm_m3_Hwi_Module_startup__E)
                  00005a90    00000050     ti.targets.arm.rtsarm.aem4f : Startup.oem4f (.text:xdc_runtime_Startup_exec__E)
                  00005ae0    00000050                                 : Text.oem4f (.text:xdc_runtime_Text_visitRope2__I)
                  00005b30    0000004c     PITA_Funct.obj (.text:rotate_arm)
                  00005b7c    0000004c     rtsv7M4_T_le_v4SPD16_eabi.lib : cpy_tbl.obj (.text)
                  00005bc8    0000004c     sysbios.aem4f : BIOS.obj (.text:ti_sysbios_knl_Swi_runLoop__I)
                  00005c14    00000004     --HOLE-- [fill = 0]
                  00005c18    0000004c                   : BIOS.obj (.text:ti_sysbios_knl_Task_allBlockedFunction__I)
                  00005c64    0000004c     ti.uia.loggers.aem4f : LoggerStopMode.oem4f (.text:ti_uia_loggers_LoggerStopMode_Module_startup__E)
                  00005cb0    00000048     rtsv7M4_T_le_v4SPD16_eabi.lib : fd_toi_t2.obj (.text)
                  00005cf8    00000048     sysbios.aem4f : BIOS.obj (.text:ti_sysbios_family_arm_m3_Hwi_disableInterrupt__E)
                  00005d40    00000048                   : BIOS.obj (.text:ti_sysbios_family_arm_m3_Hwi_enableInterrupt__E)
                  00005d88    00000048                   : BIOS.obj (.text:ti_sysbios_family_arm_m3_Hwi_excReserved__I)
                  00005dd0    00000046     ti.targets.arm.rtsarm.aem4f : Core-params.oem4f (.text:xdc_runtime_Core_assignParams__I)
                  00005e16    00000044     rtsv7M4_T_le_v4SPD16_eabi.lib : fd_tou_t2.obj (.text)
                  00005e5a    00000006     driverlib.lib : gpio.obj (.text:GPIOPinWrite)
                  00005e60    00000044     sysbios.aem4f : BIOS.obj (.text:ti_sysbios_family_arm_lm4_Timer_isrStub__E)
                  00005ea4    00000004     --HOLE-- [fill = 0]
                  00005ea8    00000044                   : BIOS.obj (.text:ti_sysbios_family_arm_m3_Hwi_getStackInfo__E)
                  00005eec    00000044     ti.uia.loggers.aem4f : LoggerStopMode.oem4f (.text:ti_uia_loggers_LoggerStopMode_initBuffer__I)
                  00005f30    00000044     ti.targets.arm.rtsarm.aem4f : Error.oem4f (.text:xdc_runtime_Error_setX__E)
                  00005f74    00000044                                 : SysMin.oem4f (.text:xdc_runtime_SysMin_flush__E)
                  00005fb8    00000044                                 : Text.oem4f (.text:xdc_runtime_Text_xprintf__I)
                  00005ffc    00000042     driverlib.lib : uart.obj (.text:UARTConfigSetExpClk)
                  0000603e    00000040     rtsv7M4_T_le_v4SPD16_eabi.lib : u_divt2.obj (.text)
                  0000607e    00000002     --HOLE-- [fill = 0]
                  00006080    00000040     sysbios.aem4f : BIOS.obj (.text:ti_sysbios_family_arm_lm4_Timer_startup__E)
                  000060c0    0000003e     driverlib.lib : adc.obj (.text:ADCSequenceConfigure)
                  000060fe    00000002     --HOLE-- [fill = 0]
                  00006100    0000003c     sysbios.aem4f : BIOS.obj (.text:ti_sysbios_family_arm_m3_Hwi_excSvCall__I)
                  0000613c    00000004     --HOLE-- [fill = 0]
                  00006140    0000003c                   : BIOS.obj (.text:ti_sysbios_knl_Swi_restore__E)
                  0000617c    00000004     --HOLE-- [fill = 0]
                  00006180    00000038                   : BIOS.obj (.text:ti_sysbios_family_arm_m3_Hwi_excNoIsr__I)
                  000061b8    00000038                   : BIOS.obj (.text:ti_sysbios_knl_Task_processVitalTaskFlag__I)
                  000061f0    00000038     ti.targets.arm.rtsarm.aem4f : SysMin.oem4f (.text:xdc_runtime_SysMin_putch__E)
                  00006228    00000038                                 : System.oem4f (.text:xdc_runtime_System_atexit__E)
                  00006260    00000034     PITA_main.obj (.text:PITA_standby)
                  00006294    00000034     driverlib.lib : sysctl.obj (.text:SysCtlPeripheralEnable)
                  000062c8    00000034     sysbios.aem4f : BIOS.obj (.text:ti_sysbios_family_arm_m3_Hwi_excNmi__I)
                  000062fc    00000004     --HOLE-- [fill = 0]
                  00006300    00000034                   : BIOS.obj (.text:ti_sysbios_hal_Hwi_checkStack)
                  00006334    00000034     ti.uia.loggers.aem4f : LoggerStopMode.oem4f (.text:ti_uia_loggers_LoggerStopMode_reset__E)
                  00006368    00000034     ti.targets.arm.rtsarm.aem4f : Core-label.oem4f (.text:xdc_runtime_Core_assignLabel__I)
                  0000639c    00000033                                 : Text.oem4f (.text:xdc_runtime_Text_printVisFxn__I)
                  000063cf    00000001     --HOLE-- [fill = 0]
                  000063d0    00000032     sysbios.aem4f : BIOS.obj (.text:ti_sysbios_hal_Hwi_initStack)
                  00006402    00000006     driverlib.lib : sysctl.obj (.text:SysCtlDelay)
                  00006408    00000032     sysbios.aem4f : BIOS.obj (.text:ti_sysbios_knl_Semaphore_pendTimeout__I)
                  0000643a    00000002     --HOLE-- [fill = 0]
                  0000643c    00000030     PITA_pem4f.oem4f (.text:ti_sysbios_BIOS_atExitFunc__I)
                  0000646c    00000004     --HOLE-- [fill = 0]
                  00006470    00000030     sysbios.aem4f : BIOS.obj (.text:ti_sysbios_family_arm_lm4_Timer_stop__E)
                  000064a0    00000030                   : BIOS.obj (.text:ti_sysbios_family_arm_m3_TaskSupport_start__E)
                  000064d0    00000030     PITA_pem4f.oem4f (.text:ti_sysbios_gates_GateHwi_Object__create__S)
                  00006500    00000030     PITA_pem4f.oem4f (.text:ti_sysbios_gates_GateMutex_Object__create__S)
                  00006530    00000030     PITA_pem4f.oem4f (.text:ti_sysbios_knl_Semaphore_construct)
                  00006560    00000030     sysbios.aem4f : BIOS.obj (.text:ti_sysbios_utils_Load_updateCurrentThreadTime__E)
                  00006590    00000030     PITA_pem4f.oem4f (.text:ti_uia_loggers_LoggerStopMode_Object__create__S)
                  000065c0    00000030     ti.targets.arm.rtsarm.aem4f : SysMin.oem4f (.text:xdc_runtime_SysMin_abort__E)
                  000065f0    00000030                                 : System.oem4f (.text:xdc_runtime_System_processAtExit__E)
                  00006620    0000002e     driverlib.lib : adc.obj (.text:ADCIntStatus)
                  0000664e    0000002e     rtsv7M4_T_le_v4SPD16_eabi.lib : i_tofd_t2.obj (.text)
                  0000667c    0000002c     PITA_pem4f.oem4f (.text:ti_sysbios_knl_Clock_doTick__I)
                  000066a8    0000002c     PITA_pem4f.oem4f (.text:ti_sysbios_knl_Queue_construct)
                  000066d4    00000004     --HOLE-- [fill = 0]
                  000066d8    0000002c     sysbios.aem4f : BIOS.obj (.text:ti_sysbios_knl_Task_restore__E)
                  00006704    0000002c     ti.targets.arm.rtsarm.aem4f : Text.oem4f (.text:xdc_runtime_Text_cordText__E)
                  00006730    0000002a     driverlib.lib : gpio.obj (.text:GPIODirModeSet)
                  0000675a    0000002a     ti.targets.arm.rtsarm.aem4f : System.oem4f (.text:xdc_runtime_System_putchar__I)
                  00006784    00000004     --HOLE-- [fill = 0]
                  00006788    00000028     sysbios.aem4f : BIOS.obj (.text:ti_sysbios_knl_Swi_Module_startup__E)
                  000067b0    00000026                   : m3_Hwi_asm.obj (.text:ti_sysbios_family_arm_m3_Hwi_pendSV__I)
                  000067d6    00000026     ti.targets.arm.rtsarm.aem4f : System.oem4f (.text:xdc_runtime_System_avprintf__E)
                  000067fc    00000024     PITA_pem4f.oem4f (.text:ti_sysbios_BIOS_errorRaiseHook__I)
                  00006820    00000024     PITA_pem4f.oem4f (.text:ti_sysbios_BIOS_registerRTSLock__I)
                  00006844    00000024     PITA_pem4f.oem4f (.text:ti_sysbios_BIOS_removeRTSLock__I)
                  00006868    00000024     PITA_pem4f.oem4f (.text:ti_sysbios_BIOS_startFunc__I)
                  0000688c    00000024     PITA_pem4f.oem4f (.text:ti_sysbios_gates_GateMutex_Object__delete__S)
                  000068b0    00000024     sysbios.aem4f : BIOS.obj (.text:ti_sysbios_knl_Clock_Module_startup__E)
                  000068d4    00000004     --HOLE-- [fill = 0]
                  000068d8    00000024                   : BIOS.obj (.text:ti_sysbios_knl_Task_restoreHwi__E)
                  000068fc    00000024     ti.targets.arm.rtsarm.aem4f : System.oem4f (.text:xdc_runtime_System_vprintf__E)
                  00006920    00000022     sysbios.aem4f : BIOS.obj (.text:ti_sysbios_family_arm_lm4_Timer_write__I)
                  00006942    00000022     PITA_pem4f.oem4f (.text:xdc_runtime_SysMin_output__I)
                  00006964    00000020     rtsv7M4_T_le_v4SPD16_eabi.lib : u_tofd_t2.obj (.text)
                  00006984    00000020     PITA_pem4f.oem4f (.text:ti_sysbios_BIOS_rtsLock__I)
                  000069a4    00000020     sysbios.aem4f : m3_Hwi_asm.obj (.text:ti_sysbios_family_arm_m3_Hwi_excHandlerAsm__I)
                  000069c4    00000004     --HOLE-- [fill = 0]
                  000069c8    00000020                   : BIOS.obj (.text:ti_sysbios_family_arm_m3_Hwi_excHandler__I)
                  000069e8    00000020     PITA_pem4f.oem4f (.text:ti_sysbios_gates_GateHwi_Object__delete__S)
                  00006a08    00000020     sysbios.aem4f : BIOS.obj (.text:ti_sysbios_knl_Idle_run__E)
                  00006a28    00000020     PITA_pem4f.oem4f (.text:ti_sysbios_knl_Semaphore_Object__destruct__S)
                  00006a48    00000020     PITA_pem4f.oem4f (.text:ti_uia_loggers_LoggerStopMode_Object__delete__S)
                  00006a68    00000020     ti.targets.arm.rtsarm.aem4f : Registry.oem4f (.text:xdc_runtime_Registry_findById__E)
                  00006a88    00000020                                 : SysMin.oem4f (.text:xdc_runtime_SysMin_Module_startup__E)
                  00006aa8    0000001e     driverlib.lib : adc.obj (.text:ADCSequenceDataGet)
                  00006ac6    0000001e     sysbios.aem4f : m3_Hwi_asm_switch.obj (.text:ti_sysbios_family_xxx_Hwi_switchAndRunFunc)
                  00006ae4    0000001c     driverlib.lib : uart.obj (.text:UARTDisable)
                  00006b00    0000001c     sysbios.aem4f : BIOS.obj (.text:ti_sysbios_gates_GateMutex_Instance_init__E)
                  00006b1c    0000001c     PITA_pem4f.oem4f (.text:ti_sysbios_knl_Queue_Object__destruct__S)
                  00006b38    0000001c     sysbios.aem4f : BIOS.obj (.text:ti_sysbios_knl_Queue_put__E)
                  00006b54    00000004     --HOLE-- [fill = 0]
                  00006b58    0000001c                   : BIOS.obj (.text:ti_sysbios_knl_Task_enter__I)
                  00006b74    0000001c     ti.uia.loggers.aem4f : LoggerStopMode.oem4f (.text:ti_uia_loggers_LoggerStopMode_Instance_init__E)
                  00006b90    0000001c     ti.targets.arm.rtsarm.aem4f : Error.oem4f (.text:xdc_runtime_Error_raiseX__E)
                  00006bac    0000001c     PITA_pem4f.oem4f (.text:xdc_runtime_HeapStd_Object__delete__S)
                  00006bc8    0000001c     ti.targets.arm.rtsarm.aem4f : Memory.oem4f (.text:xdc_runtime_Memory_valloc__E)
                  00006be4    0000001c                                 : SysMin.oem4f (.text:xdc_runtime_SysMin_exit__E)
                  00006c00    0000001c                                 : System.oem4f (.text:xdc_runtime_System_abort__E)
                  00006c1c    0000001a     PITA_pem4f.oem4f (.text:ti_sysbios_family_arm_m3_Hwi_Handle__label__S)
                  00006c36    0000001a     PITA_pem4f.oem4f (.text:ti_sysbios_gates_GateHwi_Handle__label__S)
                  00006c50    0000001a     PITA_pem4f.oem4f (.text:ti_sysbios_gates_GateMutex_Handle__label__S)
                  00006c6a    0000001a     PITA_pem4f.oem4f (.text:ti_sysbios_knl_Swi_Handle__label__S)
                  00006c84    0000001a     PITA_pem4f.oem4f (.text:ti_sysbios_knl_Task_Handle__label__S)
                  00006c9e    0000001a     PITA_pem4f.oem4f (.text:ti_uia_loggers_LoggerStopMode_Handle__label__S)
                  00006cb8    0000001a     PITA_pem4f.oem4f (.text:xdc_runtime_HeapStd_Handle__label__S)
                  00006cd2    0000001a     PITA_pem4f.oem4f (.text:xdc_runtime_System_aprintf__E)
                  00006cec    0000001a     PITA_pem4f.oem4f (.text:xdc_runtime_System_printf__E)
                  00006d06    00000018     driverlib.lib : adc.obj (.text:ADCProcessorTrigger)
                  00006d1e    00000018                   : gpio.obj (.text:GPIOPinTypeGPIOOutput)
                  00006d36    00000002     --HOLE-- [fill = 0]
                  00006d38    00000018     PITA_Funct.obj (.text:UARTNextLine)
                  00006d50    00000018     rtsv7M4_T_le_v4SPD16_eabi.lib : args_main.obj (.text)
                  00006d68    00000018     PITA_pem4f.oem4f (.text:ti_sysbios_BIOS_rtsUnlock__I)
                  00006d80    00000018     PITA_pem4f.oem4f (.text:ti_sysbios_family_arm_lm4_Timer_Module__startupDone__F)
                  00006d98    00000018     PITA_pem4f.oem4f (.text:ti_sysbios_family_arm_m3_Hwi_Module__startupDone__F)
                  00006db0    00000018     sysbios.aem4f : m3_TaskSupport_asm.obj (.text:ti_sysbios_family_arm_m3_TaskSupport_swap__E)
                  00006dc8    00000018                   : BIOS.obj (.text:ti_sysbios_gates_GateMutex_leave__E)
                  00006de0    00000018     ti.targets.arm.rtsarm.aem4f : Error.oem4f (.text:xdc_runtime_Error_check__E)
                  00006df8    00000018                                 : System.oem4f (.text:xdc_runtime_System_exit__E)
                  00006e10    00000018                                 : Text.oem4f (.text:xdc_runtime_Text_ropeText__E)
                  00006e28    00000016     PITA_pem4f.oem4f (.text:ti_sysbios_BIOS_exitFunc__I)
                  00006e3e    00000016     ti.uia.loggers.aem4f : LoggerStopMode.oem4f (.text:ti_uia_loggers_LoggerStopMode_disable__E)
                  00006e54    00000016                          : LoggerStopMode.oem4f (.text:ti_uia_loggers_LoggerStopMode_enable__E)
                  00006e6a    00000014     driverlib.lib : uart.obj (.text:UARTEnable)
                  00006e7e    00000002     --HOLE-- [fill = 0]
                  00006e80    00000014     rtsv7M4_T_le_v4SPD16_eabi.lib : _lock.obj (.text)
                  00006e94    00000014                                   : strcpy.obj (.text)
                  00006ea8    00000014                                   : strlen.obj (.text)
                  00006ebc    00000014     PITA_pem4f.oem4f (.text:ti_sysbios_family_arm_m3_Hwi_Object__get__S)
                  00006ed0    00000014     sysbios.aem4f : BIOS.obj (.text:ti_sysbios_family_arm_m3_Hwi_switchFromBootStack__E)
                  00006ee4    00000014     PITA_pem4f.oem4f (.text:ti_sysbios_knl_Swi_Object__get__S)
                  00006ef8    00000012     driverlib.lib : gpio.obj (.text:GPIOPinTypeADC)
                  00006f0a    00000012                   : gpio.obj (.text:GPIOPinTypeGPIOInput)
                  00006f1c    00000012                   : gpio.obj (.text:GPIOPinTypeUART)
                  00006f2e    00000012                   : timer.obj (.text:TimerLoadSet)
                  00006f40    00000012     sysbios.aem4f : BIOS.obj (.text:ti_sysbios_hal_Hwi_Module_startup__E)
                  00006f52    00000012     PITA_pem4f.oem4f (.text:xdc_runtime_Startup_exec__I)
                  00006f64    00000010     PITA_Funct.obj (.text:move_forward_1ft)
                  00006f74    00000004     --HOLE-- [fill = 0]
                  00006f78    00000010     sysbios.aem4f : BIOS.obj (.text:ti_sysbios_BIOS_getCpuFreq__E)
                  00006f88    00000010                   : BIOS.obj (.text:ti_sysbios_BIOS_setThreadType__E)
                  00006f98    00000010                   : BIOS.obj (.text:ti_sysbios_BIOS_start__E)
                  00006fa8    00000010                   : BIOS.obj (.text:ti_sysbios_family_arm_lm4_TimestampProvider_rolloverFunc__E)
                  00006fb8    00000010                   : m3_TaskSupport_asm.obj (.text:ti_sysbios_family_arm_m3_TaskSupport_glue)
                  00006fc8    00000010                   : BIOS.obj (.text:ti_sysbios_gates_GateMutex_Instance_finalize__E)
                  00006fd8    00000010                   : BIOS.obj (.text:ti_sysbios_knl_Semaphore_Instance_finalize__E)
                  00006fe8    00000010                   : BIOS.obj (.text:ti_sysbios_knl_Swi_disable__E)
                  00006ff8    00000010     PITA_pem4f.oem4f (.text:ti_sysbios_knl_Task_Object__get__S)
                  00007008    00000010     sysbios.aem4f : BIOS.obj (.text:ti_sysbios_knl_Task_disable__E)
                  00007018    00000010     PITA_pem4f.oem4f (.text:ti_uia_loggers_LoggerStopMode_Object__get__S)
                  00007028    00000010     ti.uia.loggers.aem4f : LoggerStopMode.oem4f (.text:ti_uia_loggers_LoggerStopMode_isEmpty__E)
                  00007038    00000010     ti.targets.arm.rtsarm.aem4f : Gate.oem4f (.text:xdc_runtime_Gate_leaveSystem__E)
                  00007048    00000010                                 : Memory.oem4f (.text:xdc_runtime_Memory_free__E)
                  00007058    00000010                                 : SysMin.oem4f (.text:xdc_runtime_SysMin_ready__E)
                  00007068    00000010                                 : System.oem4f (.text:xdc_runtime_System_vsnprintf__E)
                  00007078    00000010     PITA_pem4f.oem4f (.text:xdc_runtime_Text_visitRope__I)
                  00007088    0000000e     driverlib.lib : adc.obj (.text:ADCSequenceEnable)
                  00007096    0000000e                   : timer.obj (.text:TimerEnable)
                  000070a4    0000000e     rtsv7M4_T_le_v4SPD16_eabi.lib : copy_decompress_none.obj (.text:decompress:none)
                  000070b2    00000006                                   : copy_decompress_rle.obj (.text:decompress:rle24)
                  000070b8    0000000e     sysbios.aem4f : BIOS.obj (.text:ti_sysbios_knl_Idle_loop__E)
                  000070c6    00000002     --HOLE-- [fill = 0]
                  000070c8    0000000e                   : BIOS.obj (.text:ti_sysbios_knl_Queue_empty__E)
                  000070d6    0000000e     ti.targets.arm.rtsarm.aem4f : HeapStd.oem4f (.text:xdc_runtime_HeapStd_getStats__E)
                  000070e4    0000000c     PITA_pem4f.oem4f (.text:.bootCodeSection:ti_catalog_arm_cortexm4_tiva_ce_Boot_init__I)
                  000070f0    0000000c     PITA_Funct.obj (.text:delay)
                  000070fc    0000000c     PITA_main.obj (.text:main)
                  00007108    0000000c     sysbios.aem4f : BIOS.obj (.text:ti_sysbios_family_arm_lm4_Timer_getMaxTicks__E)
                  00007114    00000004     --HOLE-- [fill = 0]
                  00007118    0000000c                   : BIOS.obj (.text:ti_sysbios_family_arm_lm4_TimestampProvider_startTimer__E)
                  00007124    00000004     --HOLE-- [fill = 0]
                  00007128    0000000c                   : BIOS.obj (.text:ti_sysbios_family_arm_m3_Hwi_disableFxn__E)
                  00007134    00000004     --HOLE-- [fill = 0]
                  00007138    0000000c                   : BIOS.obj (.text:ti_sysbios_family_arm_m3_TaskSupport_checkStack__E)
                  00007144    00000004     --HOLE-- [fill = 0]
                  00007148    0000000c                   : BIOS.obj (.text:ti_sysbios_gates_GateHwi_enter__E)
                  00007154    0000000c     PITA_pem4f.oem4f (.text:ti_sysbios_knl_Queue_Object__get__S)
                  00007160    0000000c     ti.targets.arm.rtsarm.aem4f : Error.oem4f (.text:xdc_runtime_Error_init__E)
                  0000716c    0000000c                                 : Gate.oem4f (.text:xdc_runtime_Gate_enterSystem__E)
                  00007178    0000000c                                 : Memory.oem4f (.text:xdc_runtime_Memory_calloc__E)
                  00007184    0000000c                                 : Memory.oem4f (.text:xdc_runtime_Memory_getMaxDefaultTypeAlign__E)
                  00007190    0000000a     driverlib.lib : adc.obj (.text:ADCIntClear)
                  0000719a    0000000a                   : timer.obj (.text:TimerValueGet)
                  000071a4    0000000a                   : uart.obj (.text:UARTCharGet)
                  000071ae    0000000a                   : uart.obj (.text:UARTCharPut)
                  000071b8    0000000a     PITA_pem4f.oem4f (.text:xdc_runtime_IHeap_alloc)
                  000071c2    0000000a     PITA_pem4f.oem4f (.text:xdc_runtime_IHeap_free)
                  000071cc    00000008     driverlib.lib : timer.obj (.text:TimerIntEnable)
                  000071d4    00000008     sysbios.aem4f : BIOS.obj (.text:ti_sysbios_family_arm_lm4_Timer_masterDisable__I)
                  000071dc    00000004     --HOLE-- [fill = 0]
                  000071e0    00000008                   : BIOS.obj (.text:ti_sysbios_family_arm_m3_Hwi_doSwiRestore__I)
                  000071e8    00000008                   : BIOS.obj (.text:ti_sysbios_family_arm_m3_Hwi_startup__E)
                  000071f0    00000006     Boot.aem4f : Boot_sysctl.oem4f (.text:ti_catalog_arm_cortexm4_tiva_ce_Boot_sysCtlDelayI__I)
                  000071f6    00000002     --HOLE-- [fill = 0]
                  000071f8    00000006     sysbios.aem4f : BIOS.obj (.text:ti_sysbios_family_arm_lm4_TimestampProvider_Module_startup__E)
                  000071fe    00000002     --HOLE-- [fill = 0]
                  00007200    00000006                   : BIOS.obj (.text:ti_sysbios_family_arm_m3_Hwi_doTaskRestore__I)
                  00007206    00000002     --HOLE-- [fill = 0]
                  00007208    00000006                   : BIOS.obj (.text:ti_sysbios_family_arm_m3_Hwi_restoreFxn__E)
                  0000720e    00000002     --HOLE-- [fill = 0]
                  00007210    00000006                   : BIOS.obj (.text:ti_sysbios_gates_GateHwi_leave__E)
                  00007216    00000002     --HOLE-- [fill = 0]
                  00007218    00000006                   : BIOS.obj (.text:ti_sysbios_knl_Queue_Instance_init__E)
                  0000721e    00000002     --HOLE-- [fill = 0]
                  00007220    00000006                   : BIOS.obj (.text:ti_sysbios_knl_Swi_startup__E)
                  00007226    00000006     ti.targets.arm.rtsarm.aem4f : System.oem4f (.text:xdc_runtime_System_Module_startup__E)
                  0000722c    00000004     --HOLE-- [fill = 0]
                  00007230    00000004     sysbios.aem4f : BIOS.obj (.text:ti_sysbios_family_arm_lm4_Timer_getPeriod__E)
                  00007234    00000004     --HOLE-- [fill = 0]
                  00007238    00000004                   : BIOS.obj (.text:ti_sysbios_gates_GateHwi_query__E)
                  0000723c    00000004     --HOLE-- [fill = 0]
                  00007240    00000004                   : BIOS.obj (.text:ti_sysbios_gates_GateMutex_query__E)
                  00007244    00000004     --HOLE-- [fill = 0]
                  00007248    00000004                   : BIOS.obj (.text:ti_sysbios_knl_Task_startup__E)
                  0000724c    00000004     --HOLE-- [fill = 0]
                  00007250    00000002                   : BIOS.obj (.text:ti_sysbios_gates_GateHwi_Instance_init__E)

.const     0    00007254    00002334     
                  00007254    00001c0d     PITA_pem4f.oem4f (.const:xdc_runtime_Text_charTab__A)
                  00008e61    00000001     PITA_pem4f.oem4f (.const:xdc_runtime_Error_policy__C)
                  00008e62    000000fc     PITA_pem4f.oem4f (.const:xdc_runtime_Text_nodeTab__A)
                  00008f5e    00000002     PITA_pem4f.oem4f (.const:ti_catalog_arm_cortexm4_tiva_ce_Boot_Module__id__C)
                  00008f60    0000006c     driverlib.lib : sysctl.obj (.const:g_pui32Xtals)
                  00008fcc    00000060     PITA_pem4f.oem4f (.const:ti_uia_loggers_LoggerStopMode_Module__FXNS__C)
                  0000902c    00000048     PITA_pem4f.oem4f (.const:.string)
                  00009074    00000028     PITA_pem4f.oem4f (.const:ti_uia_loggers_LoggerStopMode_Object__PARAMS__C)
                  0000909c    00000028     PITA_pem4f.oem4f (.const:xdc_runtime_HeapStd_Module__FXNS__C)
                  000090c4    00000028     PITA_pem4f.oem4f (.const:xdc_runtime_Startup_sfxnTab__A)
                  000090ec    00000024     PITA_pem4f.oem4f (.const:ti_sysbios_gates_GateHwi_Module__FXNS__C)
                  00009110    00000024     PITA_pem4f.oem4f (.const:ti_sysbios_gates_GateMutex_Module__FXNS__C)
                  00009134    00000024     PITA_pem4f.oem4f (.const:ti_sysbios_knl_Semaphore_Object__PARAMS__C)
                  00009158    00000020     PITA_Funct.obj (.const:$P$T0$1)
                  00009178    00000020     PITA_pem4f.oem4f (.const:ti_sysbios_gates_GateHwi_Object__DESC__C)
                  00009198    00000020     PITA_pem4f.oem4f (.const:ti_sysbios_gates_GateMutex_Object__DESC__C)
                  000091b8    00000020     PITA_pem4f.oem4f (.const:ti_sysbios_knl_Queue_Object__DESC__C)
                  000091d8    00000020     PITA_pem4f.oem4f (.const:ti_sysbios_knl_Semaphore_Object__DESC__C)
                  000091f8    00000020     PITA_pem4f.oem4f (.const:ti_uia_loggers_LoggerStopMode_Object__DESC__C)
                  00009218    00000020     PITA_pem4f.oem4f (.const:xdc_runtime_HeapStd_Object__DESC__C)
                  00009238    0000001c     PITA_pem4f.oem4f (.const:xdc_runtime_HeapStd_Object__PARAMS__C)
                  00009254    00000018     PITA_pem4f.oem4f (.const:ti_sysbios_gates_GateHwi_Object__PARAMS__C)
                  0000926c    00000018     PITA_pem4f.oem4f (.const:ti_sysbios_gates_GateMutex_Object__PARAMS__C)
                  00009284    00000018     PITA_pem4f.oem4f (.const:ti_sysbios_knl_Queue_Object__PARAMS__C)
                  0000929c    00000014     PITA_pem4f.oem4f (.const:xdc_runtime_Startup_sfxnRts__A)
                  000092b0    00000010     PITA_pem4f.oem4f (.const:xdc_runtime_Startup_firstFxns__A)
                  000092c0    0000000c     PITA_pem4f.oem4f (.const:ti_sysbios_knl_Idle_funcList__A)
                  000092cc    00000008     PITA_pem4f.oem4f (.const:ti_sysbios_family_arm_m3_Hwi_excHookFuncs__A)
                  000092d4    00000008     PITA_pem4f.oem4f (.const:ti_sysbios_knl_Idle_funcList__C)
                  000092dc    00000008     PITA_pem4f.oem4f (.const:xdc_runtime_Startup_firstFxns__C)
                  000092e4    00000008     PITA_pem4f.oem4f (.const:xdc_runtime_Startup_lastFxns__C)
                  000092ec    00000004     PITA_pem4f.oem4f (.const)
                  000092f0    00000004     PITA_pem4f.oem4f (.const:ti_catalog_arm_cortexm4_tiva_ce_Boot_A_mustUseEnhancedClockMode__C)
                  000092f4    00000004     PITA_pem4f.oem4f (.const:ti_catalog_arm_cortexm4_tiva_ce_Boot_Module__diagsEnabled__C)
                  000092f8    00000004     PITA_pem4f.oem4f (.const:ti_catalog_arm_cortexm4_tiva_ce_Boot_Module__diagsIncluded__C)
                  000092fc    00000004     PITA_pem4f.oem4f (.const:ti_catalog_arm_cortexm4_tiva_ce_Boot_Module__diagsMask__C)
                  00009300    00000004     PITA_pem4f.oem4f (.const:ti_sysbios_family_arm_lm4_Timer_enableFunc__C)
                  00009304    00000004     PITA_pem4f.oem4f (.const:ti_sysbios_family_arm_lm4_Timer_numTimerDevices__C)
                  00009308    00000004     PITA_pem4f.oem4f (.const:ti_sysbios_family_arm_lm4_Timer_startupNeeded__C)
                  0000930c    00000004     PITA_pem4f.oem4f (.const:ti_sysbios_family_arm_m3_Hwi_E_NMI__C)
                  00009310    00000004     PITA_pem4f.oem4f (.const:ti_sysbios_family_arm_m3_Hwi_E_busFault__C)
                  00009314    00000004     PITA_pem4f.oem4f (.const:ti_sysbios_family_arm_m3_Hwi_E_debugMon__C)
                  00009318    00000004     PITA_pem4f.oem4f (.const:ti_sysbios_family_arm_m3_Hwi_E_hardFault__C)
                  0000931c    00000004     PITA_pem4f.oem4f (.const:ti_sysbios_family_arm_m3_Hwi_E_memFault__C)
                  00009320    00000004     PITA_pem4f.oem4f (.const:ti_sysbios_family_arm_m3_Hwi_E_noIsr__C)
                  00009324    00000004     PITA_pem4f.oem4f (.const:ti_sysbios_family_arm_m3_Hwi_E_reserved__C)
                  00009328    00000004     PITA_pem4f.oem4f (.const:ti_sysbios_family_arm_m3_Hwi_E_svCall__C)
                  0000932c    00000004     PITA_pem4f.oem4f (.const:ti_sysbios_family_arm_m3_Hwi_E_usageFault__C)
                  00009330    00000004     PITA_pem4f.oem4f (.const:ti_sysbios_family_arm_m3_Hwi_LD_end__C)
                  00009334    00000004     PITA_pem4f.oem4f (.const:ti_sysbios_family_arm_m3_Hwi_LM_begin__C)
                  00009338    00000004     PITA_pem4f.oem4f (.const:ti_sysbios_family_arm_m3_Hwi_Module__diagsEnabled__C)
                  0000933c    00000004     PITA_pem4f.oem4f (.const:ti_sysbios_family_arm_m3_Hwi_Module__diagsIncluded__C)
                  00009340    00000004     PITA_pem4f.oem4f (.const:ti_sysbios_family_arm_m3_Hwi_Module__diagsMask__C)
                  00009344    00000004     PITA_pem4f.oem4f (.const:ti_sysbios_family_arm_m3_Hwi_Module__loggerFxn1__C)
                  00009348    00000004     PITA_pem4f.oem4f (.const:ti_sysbios_family_arm_m3_Hwi_Module__loggerFxn8__C)
                  0000934c    00000004     PITA_pem4f.oem4f (.const:ti_sysbios_family_arm_m3_Hwi_Module__loggerObj__C)
                  00009350    00000004     PITA_pem4f.oem4f (.const:ti_sysbios_family_arm_m3_Hwi_NUM_INTERRUPTS__C)
                  00009354    00000004     PITA_pem4f.oem4f (.const:ti_sysbios_family_arm_m3_Hwi_Object__count__C)
                  00009358    00000004     PITA_pem4f.oem4f (.const:ti_sysbios_family_arm_m3_Hwi_ccr__C)
                  0000935c    00000004     PITA_pem4f.oem4f (.const:ti_sysbios_family_arm_m3_Hwi_excHandlerFunc__C)
                  00009360    00000004     PITA_pem4f.oem4f (.const:ti_sysbios_family_arm_m3_Hwi_excHookFuncs__C)
                  00009364    00000004     PITA_pem4f.oem4f (.const:ti_sysbios_family_arm_m3_Hwi_nullIsrFunc__C)
                  00009368    00000004     PITA_pem4f.oem4f (.const:ti_sysbios_family_arm_m3_Hwi_priGroup__C)
                  0000936c    00000004     PITA_pem4f.oem4f (.const:ti_sysbios_gates_GateMutex_A_badContext__C)
                  00009370    00000004     PITA_pem4f.oem4f (.const:ti_sysbios_gates_GateMutex_Instance_State_sem__O)
                  00009374    00000004     PITA_pem4f.oem4f (.const:ti_sysbios_gates_GateMutex_Module__diagsEnabled__C)
                  00009378    00000004     PITA_pem4f.oem4f (.const:ti_sysbios_gates_GateMutex_Module__diagsIncluded__C)
                  0000937c    00000004     PITA_pem4f.oem4f (.const:ti_sysbios_gates_GateMutex_Module__diagsMask__C)
                  00009380    00000004     PITA_pem4f.oem4f (.const:ti_sysbios_hal_Hwi_E_stackOverflow__C)
                  00009384    00000004     PITA_pem4f.oem4f (.const:ti_sysbios_knl_Clock_LM_begin__C)
                  00009388    00000004     PITA_pem4f.oem4f (.const:ti_sysbios_knl_Clock_LM_tick__C)
                  0000938c    00000004     PITA_pem4f.oem4f (.const:ti_sysbios_knl_Clock_LW_delayed__C)
                  00009390    00000004     PITA_pem4f.oem4f (.const:ti_sysbios_knl_Clock_Module_State_clockQ__O)
                  00009394    00000004     PITA_pem4f.oem4f (.const:ti_sysbios_knl_Clock_Module__diagsEnabled__C)
                  00009398    00000004     PITA_pem4f.oem4f (.const:ti_sysbios_knl_Clock_Module__diagsIncluded__C)
                  0000939c    00000004     PITA_pem4f.oem4f (.const:ti_sysbios_knl_Clock_Module__diagsMask__C)
                  000093a0    00000004     PITA_pem4f.oem4f (.const:ti_sysbios_knl_Clock_Module__loggerFxn1__C)
                  000093a4    00000004     PITA_pem4f.oem4f (.const:ti_sysbios_knl_Clock_Module__loggerFxn2__C)
                  000093a8    00000004     PITA_pem4f.oem4f (.const:ti_sysbios_knl_Clock_Module__loggerObj__C)
                  000093ac    00000004     PITA_pem4f.oem4f (.const:ti_sysbios_knl_Semaphore_A_badContext__C)
                  000093b0    00000004     PITA_pem4f.oem4f (.const:ti_sysbios_knl_Semaphore_A_noEvents__C)
                  000093b4    00000004     PITA_pem4f.oem4f (.const:ti_sysbios_knl_Semaphore_A_overflow__C)
                  000093b8    00000004     PITA_pem4f.oem4f (.const:ti_sysbios_knl_Semaphore_A_pendTaskDisabled__C)
                  000093bc    00000004     PITA_pem4f.oem4f (.const:ti_sysbios_knl_Semaphore_Instance_State_pendQ__O)
                  000093c0    00000004     PITA_pem4f.oem4f (.const:ti_sysbios_knl_Semaphore_LM_pend__C)
                  000093c4    00000004     PITA_pem4f.oem4f (.const:ti_sysbios_knl_Semaphore_LM_post__C)
                  000093c8    00000004     PITA_pem4f.oem4f (.const:ti_sysbios_knl_Semaphore_Module__diagsEnabled__C)
                  000093cc    00000004     PITA_pem4f.oem4f (.const:ti_sysbios_knl_Semaphore_Module__diagsIncluded__C)
                  000093d0    00000004     PITA_pem4f.oem4f (.const:ti_sysbios_knl_Semaphore_Module__diagsMask__C)
                  000093d4    00000004     PITA_pem4f.oem4f (.const:ti_sysbios_knl_Semaphore_Module__loggerFxn2__C)
                  000093d8    00000004     PITA_pem4f.oem4f (.const:ti_sysbios_knl_Semaphore_Module__loggerFxn4__C)
                  000093dc    00000004     PITA_pem4f.oem4f (.const:ti_sysbios_knl_Semaphore_Module__loggerObj__C)
                  000093e0    00000004     PITA_pem4f.oem4f (.const:ti_sysbios_knl_Swi_LD_end__C)
                  000093e4    00000004     PITA_pem4f.oem4f (.const:ti_sysbios_knl_Swi_LM_begin__C)
                  000093e8    00000004     PITA_pem4f.oem4f (.const:ti_sysbios_knl_Swi_LM_post__C)
                  000093ec    00000004     PITA_pem4f.oem4f (.const:ti_sysbios_knl_Swi_Module__diagsEnabled__C)
                  000093f0    00000004     PITA_pem4f.oem4f (.const:ti_sysbios_knl_Swi_Module__diagsIncluded__C)
                  000093f4    00000004     PITA_pem4f.oem4f (.const:ti_sysbios_knl_Swi_Module__diagsMask__C)
                  000093f8    00000004     PITA_pem4f.oem4f (.const:ti_sysbios_knl_Swi_Module__loggerFxn1__C)
                  000093fc    00000004     PITA_pem4f.oem4f (.const:ti_sysbios_knl_Swi_Module__loggerFxn4__C)
                  00009400    00000004     PITA_pem4f.oem4f (.const:ti_sysbios_knl_Swi_Module__loggerObj__C)
                  00009404    00000004     PITA_pem4f.oem4f (.const:ti_sysbios_knl_Swi_Object__count__C)
                  00009408    00000004     PITA_pem4f.oem4f (.const:ti_sysbios_knl_Task_E_spOutOfBounds__C)
                  0000940c    00000004     PITA_pem4f.oem4f (.const:ti_sysbios_knl_Task_E_stackOverflow__C)
                  00009410    00000004     PITA_pem4f.oem4f (.const:ti_sysbios_knl_Task_LD_block__C)
                  00009414    00000004     PITA_pem4f.oem4f (.const:ti_sysbios_knl_Task_LD_exit__C)
                  00009418    00000004     PITA_pem4f.oem4f (.const:ti_sysbios_knl_Task_LD_ready__C)
                  0000941c    00000004     PITA_pem4f.oem4f (.const:ti_sysbios_knl_Task_LM_switch__C)
                  00009420    00000004     PITA_pem4f.oem4f (.const:ti_sysbios_knl_Task_Module_State_inactiveQ__O)
                  00009424    00000004     PITA_pem4f.oem4f (.const:ti_sysbios_knl_Task_Module__diagsEnabled__C)
                  00009428    00000004     PITA_pem4f.oem4f (.const:ti_sysbios_knl_Task_Module__diagsIncluded__C)
                  0000942c    00000004     PITA_pem4f.oem4f (.const:ti_sysbios_knl_Task_Module__diagsMask__C)
                  00009430    00000004     PITA_pem4f.oem4f (.const:ti_sysbios_knl_Task_Module__loggerFxn2__C)
                  00009434    00000004     PITA_pem4f.oem4f (.const:ti_sysbios_knl_Task_Module__loggerFxn4__C)
                  00009438    00000004     PITA_pem4f.oem4f (.const:ti_sysbios_knl_Task_Module__loggerObj__C)
                  0000943c    00000004     PITA_pem4f.oem4f (.const:ti_sysbios_knl_Task_Object__count__C)
                  00009440    00000004     PITA_pem4f.oem4f (.const:ti_sysbios_knl_Task_allBlockedFunc__C)
                  00009444    00000004     PITA_pem4f.oem4f (.const:ti_sysbios_knl_Task_numConstructedTasks__C)
                  00009448    00000004     PITA_pem4f.oem4f (.const:ti_sysbios_utils_Load_LS_cpuLoad__C)
                  0000944c    00000004     PITA_pem4f.oem4f (.const:ti_sysbios_utils_Load_Module__diagsEnabled__C)
                  00009450    00000004     PITA_pem4f.oem4f (.const:ti_sysbios_utils_Load_Module__diagsIncluded__C)
                  00009454    00000004     PITA_pem4f.oem4f (.const:ti_sysbios_utils_Load_Module__diagsMask__C)
                  00009458    00000004     PITA_pem4f.oem4f (.const:ti_sysbios_utils_Load_Module__loggerFxn1__C)
                  0000945c    00000004     PITA_pem4f.oem4f (.const:ti_sysbios_utils_Load_Module__loggerObj__C)
                  00009460    00000004     PITA_pem4f.oem4f (.const:ti_sysbios_utils_Load_postUpdate__C)
                  00009464    00000004     PITA_pem4f.oem4f (.const:ti_sysbios_utils_Load_windowInMs__C)
                  00009468    00000004     PITA_pem4f.oem4f (.const:ti_uia_loggers_LoggerStopMode_Module__diagsEnabled__C)
                  0000946c    00000004     PITA_pem4f.oem4f (.const:ti_uia_loggers_LoggerStopMode_Module__diagsIncluded__C)
                  00009470    00000004     PITA_pem4f.oem4f (.const:ti_uia_loggers_LoggerStopMode_Module__diagsMask__C)
                  00009474    00000004     PITA_pem4f.oem4f (.const:ti_uia_loggers_LoggerStopMode_Object__count__C)
                  00009478    00000004     PITA_pem4f.oem4f (.const:ti_uia_runtime_ILoggerSnapshot_Interface__BASE__C)
                  0000947c    00000004     PITA_pem4f.oem4f (.const:ti_uia_runtime_IUIATransfer_Interface__BASE__C)
                  00009480    00000004     PITA_pem4f.oem4f (.const:xdc_runtime_Assert_E_assertFailed__C)
                  00009484    00000004     PITA_pem4f.oem4f (.const:xdc_runtime_Core_A_initializedParams__C)
                  00009488    00000004     PITA_pem4f.oem4f (.const:xdc_runtime_Core_Module__diagsEnabled__C)
                  0000948c    00000004     PITA_pem4f.oem4f (.const:xdc_runtime_Core_Module__diagsIncluded__C)
                  00009490    00000004     PITA_pem4f.oem4f (.const:xdc_runtime_Core_Module__diagsMask__C)
                  00009494    00000004     PITA_pem4f.oem4f (.const:xdc_runtime_Error_E_memory__C)
                  00009498    00000004     PITA_pem4f.oem4f (.const:xdc_runtime_Error_Module__diagsEnabled__C)
                  0000949c    00000004     PITA_pem4f.oem4f (.const:xdc_runtime_Error_Module__diagsIncluded__C)
                  000094a0    00000004     PITA_pem4f.oem4f (.const:xdc_runtime_Error_Module__diagsMask__C)
                  000094a4    00000004     PITA_pem4f.oem4f (.const:xdc_runtime_Error_Module__loggerFxn8__C)
                  000094a8    00000004     PITA_pem4f.oem4f (.const:xdc_runtime_Error_Module__loggerObj__C)
                  000094ac    00000004     PITA_pem4f.oem4f (.const:xdc_runtime_Error_policyFxn__C)
                  000094b0    00000004     PITA_pem4f.oem4f (.const:xdc_runtime_Error_raiseHook__C)
                  000094b4    00000004     PITA_pem4f.oem4f (.const:xdc_runtime_HeapStd_A_align__C)
                  000094b8    00000004     PITA_pem4f.oem4f (.const:xdc_runtime_HeapStd_A_invalidTotalFreeSize__C)
                  000094bc    00000004     PITA_pem4f.oem4f (.const:xdc_runtime_HeapStd_A_zeroSize__C)
                  000094c0    00000004     PITA_pem4f.oem4f (.const:xdc_runtime_HeapStd_E_noRTSMemory__C)
                  000094c4    00000004     PITA_pem4f.oem4f (.const:xdc_runtime_HeapStd_Module__diagsEnabled__C)
                  000094c8    00000004     PITA_pem4f.oem4f (.const:xdc_runtime_HeapStd_Module__diagsIncluded__C)
                  000094cc    00000004     PITA_pem4f.oem4f (.const:xdc_runtime_HeapStd_Module__diagsMask__C)
                  000094d0    00000004     PITA_pem4f.oem4f (.const:xdc_runtime_IFilterLogger_Interface__BASE__C)
                  000094d4    00000004     PITA_pem4f.oem4f (.const:xdc_runtime_IGateProvider_Interface__BASE__C)
                  000094d8    00000004     PITA_pem4f.oem4f (.const:xdc_runtime_IHeap_Interface__BASE__C)
                  000094dc    00000004     PITA_pem4f.oem4f (.const:xdc_runtime_ILogger_Interface__BASE__C)
                  000094e0    00000004     PITA_pem4f.oem4f (.const:xdc_runtime_IModule_Interface__BASE__C)
                  000094e4    00000004     PITA_pem4f.oem4f (.const:xdc_runtime_Log_L_error__C)
                  000094e8    00000004     PITA_pem4f.oem4f (.const:xdc_runtime_Log_L_info__C)
                  000094ec    00000004     PITA_pem4f.oem4f (.const:xdc_runtime_Main_Module__diagsEnabled__C)
                  000094f0    00000004     PITA_pem4f.oem4f (.const:xdc_runtime_Main_Module__diagsIncluded__C)
                  000094f4    00000004     PITA_pem4f.oem4f (.const:xdc_runtime_Main_Module__diagsMask__C)
                  000094f8    00000004     PITA_pem4f.oem4f (.const:xdc_runtime_Main_Module__loggerFxn4__C)
                  000094fc    00000004     PITA_pem4f.oem4f (.const:xdc_runtime_Main_Module__loggerObj__C)
                  00009500    00000004     PITA_pem4f.oem4f (.const:xdc_runtime_Memory_defaultHeapInstance__C)
                  00009504    00000004     PITA_pem4f.oem4f (.const:xdc_runtime_Startup_execImpl__C)
                  00009508    00000004     PITA_pem4f.oem4f (.const:xdc_runtime_Startup_lastFxns__A)
                  0000950c    00000004     PITA_pem4f.oem4f (.const:xdc_runtime_Startup_maxPasses__C)
                  00009510    00000004     PITA_pem4f.oem4f (.const:xdc_runtime_Startup_sfxnRts__C)
                  00009514    00000004     PITA_pem4f.oem4f (.const:xdc_runtime_Startup_sfxnTab__C)
                  00009518    00000004     PITA_pem4f.oem4f (.const:xdc_runtime_SysMin_bufSize__C)
                  0000951c    00000004     PITA_pem4f.oem4f (.const:xdc_runtime_SysMin_outputFunc__C)
                  00009520    00000004     PITA_pem4f.oem4f (.const:xdc_runtime_System_Module__gateObj__C)
                  00009524    00000004     PITA_pem4f.oem4f (.const:xdc_runtime_System_abortFxn__C)
                  00009528    00000004     PITA_pem4f.oem4f (.const:xdc_runtime_System_exitFxn__C)
                  0000952c    00000004     PITA_pem4f.oem4f (.const:xdc_runtime_System_extendFxn__C)
                  00009530    00000004     PITA_pem4f.oem4f (.const:xdc_runtime_System_maxAtexitHandlers__C)
                  00009534    00000004     PITA_pem4f.oem4f (.const:xdc_runtime_Text_charTab__C)
                  00009538    00000004     PITA_pem4f.oem4f (.const:xdc_runtime_Text_nameEmpty__C)
                  0000953c    00000004     PITA_pem4f.oem4f (.const:xdc_runtime_Text_nameStatic__C)
                  00009540    00000004     PITA_pem4f.oem4f (.const:xdc_runtime_Text_nameUnknown__C)
                  00009544    00000004     PITA_pem4f.oem4f (.const:xdc_runtime_Text_nodeTab__C)
                  00009548    00000004     PITA_pem4f.oem4f (.const:xdc_runtime_Text_visitRopeFxn__C)
                  0000954c    00000002     PITA_pem4f.oem4f (.const:ti_sysbios_family_arm_lm4_TimestampProvider_useClockTimer__C)
                  0000954e    00000002     PITA_pem4f.oem4f (.const:ti_sysbios_family_arm_m3_Hwi_Module__id__C)
                  00009550    00000002     PITA_pem4f.oem4f (.const:ti_sysbios_family_arm_m3_Hwi_Module__loggerDefined__C)
                  00009552    00000002     PITA_pem4f.oem4f (.const:ti_sysbios_gates_GateMutex_Module__id__C)
                  00009554    00000002     PITA_pem4f.oem4f (.const:ti_sysbios_hal_Hwi_Module__id__C)
                  00009556    00000002     PITA_pem4f.oem4f (.const:ti_sysbios_knl_Clock_Module__id__C)
                  00009558    00000002     PITA_pem4f.oem4f (.const:ti_sysbios_knl_Clock_Module__loggerDefined__C)
                  0000955a    00000002     PITA_pem4f.oem4f (.const:ti_sysbios_knl_Semaphore_Module__id__C)
                  0000955c    00000002     PITA_pem4f.oem4f (.const:ti_sysbios_knl_Semaphore_Module__loggerDefined__C)
                  0000955e    00000002     PITA_pem4f.oem4f (.const:ti_sysbios_knl_Swi_Module__id__C)
                  00009560    00000002     PITA_pem4f.oem4f (.const:ti_sysbios_knl_Swi_Module__loggerDefined__C)
                  00009562    00000002     PITA_pem4f.oem4f (.const:ti_sysbios_knl_Task_Module__id__C)
                  00009564    00000002     PITA_pem4f.oem4f (.const:ti_sysbios_knl_Task_Module__loggerDefined__C)
                  00009566    00000002     PITA_pem4f.oem4f (.const:ti_sysbios_utils_Load_Module__id__C)
                  00009568    00000002     PITA_pem4f.oem4f (.const:ti_sysbios_utils_Load_Module__loggerDefined__C)
                  0000956a    00000002     PITA_pem4f.oem4f (.const:ti_sysbios_utils_Load_updateInIdle__C)
                  0000956c    00000002     PITA_pem4f.oem4f (.const:ti_uia_loggers_LoggerStopMode_Module__id__C)
                  0000956e    00000002     PITA_pem4f.oem4f (.const:ti_uia_loggers_LoggerStopMode_isTimestampEnabled__C)
                  00009570    00000002     PITA_pem4f.oem4f (.const:xdc_runtime_Core_Module__id__C)
                  00009572    00000002     PITA_pem4f.oem4f (.const:xdc_runtime_Error_Module__loggerDefined__C)
                  00009574    00000002     PITA_pem4f.oem4f (.const:xdc_runtime_Error_maxDepth__C)
                  00009576    00000002     PITA_pem4f.oem4f (.const:xdc_runtime_HeapStd_Module__id__C)
                  00009578    00000002     PITA_pem4f.oem4f (.const:xdc_runtime_Main_Module__id__C)
                  0000957a    00000002     PITA_pem4f.oem4f (.const:xdc_runtime_Main_Module__loggerDefined__C)
                  0000957c    00000002     PITA_pem4f.oem4f (.const:xdc_runtime_Memory_Module__id__C)
                  0000957e    00000002     PITA_pem4f.oem4f (.const:xdc_runtime_SysMin_flushAtExit__C)
                  00009580    00000002     PITA_pem4f.oem4f (.const:xdc_runtime_Text_charCnt__C)
                  00009582    00000002     PITA_pem4f.oem4f (.const:xdc_runtime_Text_isLoaded__C)
                  00009584    00000002     PITA_pem4f.oem4f (.const:xdc_runtime_Text_registryModsLastId__C)
                  00009586    00000002     PITA_pem4f.oem4f (.const:xdc_runtime_Text_unnamedModsLastId__C)

.cinit     0    00009588    00000424     
                  00009588    000003e7     (.cinit..data.load) [load image, compression = rle]
                  0000996f    00000001     --HOLE-- [fill = 0]
                  00009970    0000000b     (.cinit..bss.load) [load image, compression = rle]
                  0000997b    00000005     --HOLE-- [fill = 0]
                  00009980    0000000b     (.cinit..vecs.load) [load image, compression = rle]
                  0000998b    00000001     --HOLE-- [fill = 0]
                  0000998c    00000008     (__TI_handler_table)
                  00009994    00000018     (__TI_cinit_table)

.init_array 
*          0    00000000    00000000     UNINITIALIZED

.resetVecs 
*          0    00000000    0000003c     
                  00000000    0000003c     PITA_pem4f.oem4f (.resetVecs)

.vecs      0    20000000    00000360     UNINITIALIZED
                  20000000    00000360     PITA_pem4f.oem4f (.vecs)

.bss       0    20000380    000012b0     UNINITIALIZED
                  20000380    00000400     (.common:ti_uia_loggers_LoggerStopMode_Instance_State_1_packetArray__A)
                  20000780    00000400     (.common:ti_uia_loggers_LoggerStopMode_Instance_State_2_packetArray__A)
                  20000b80    00000360     (.common:ti_sysbios_family_arm_m3_Hwi_dispatchTable)
                  20000ee0    00000200     PITA_pem4f.oem4f (.bss:taskStackSection)
                  200010e0    00000008     rtsv7M4_T_le_v4SPD16_eabi.lib : trgdrv.obj (.bss:parmbuf)
                  200010e8    00000018     --HOLE--
                  20001100    00000200     (.common:ti_uia_loggers_LoggerStopMode_Instance_State_0_packetArray__A)
                  20001300    00000120                                   : trgmsg.obj (.bss:_CIOBUF_)
                  20001420    00000080     (.common:xdc_runtime_SysMin_Module_State_0_outbuf__A)
                  200014a0    00000060     --HOLE--
                  20001500    00000030     (.common:ti_uia_loggers_LoggerStopMode_Instance_State_0_hdr__A)
                  20001530    00000050     --HOLE--
                  20001580    00000030     (.common:ti_uia_loggers_LoggerStopMode_Instance_State_1_hdr__A)
                  200015b0    00000050     --HOLE--
                  20001600    00000030     (.common:ti_uia_loggers_LoggerStopMode_Instance_State_2_hdr__A)

.data      0    20001630    0000067e     UNINITIALIZED
                  20001630    000000c4     PITA_Funct.obj (.data:game_field)
                  200016f4    0000009c     PITA_pem4f.oem4f (.data:ti_uia_loggers_LoggerStopMode_Object__table__V)
                  20001790    00000098     PITA_pem4f.oem4f (.data:ti_sysbios_utils_Load_Module__state__V)
                  20001828    00000080     PITA_pem4f.oem4f (.data:ti_sysbios_family_arm_lm4_Timer_Object__table__V)
                  200018a8    00000080     PITA_pem4f.oem4f (.data:ti_sysbios_knl_Swi_Module_State_0_readyQ__A)
                  20001928    00000080     PITA_pem4f.oem4f (.data:ti_sysbios_knl_Task_Module_State_0_readyQ__A)
                  200019a8    00000060     PITA_pem4f.oem4f (.data:ti_sysbios_knl_Swi_Object__table__V)
                  20001a08    0000004c     PITA_pem4f.oem4f (.data:ti_sysbios_knl_Task_Object__table__V)
                  20001a54    00000044     PITA_pem4f.oem4f (.data:ti_sysbios_knl_Task_Module__state__V)
                  20001a98    00000034     PITA_pem4f.oem4f (.data:ti_sysbios_family_arm_m3_Hwi_Module__state__V)
                  20001acc    00000030     PITA_pem4f.oem4f (.data:ti_sysbios_family_arm_lm4_Timer_Module_State_0_device__A)
                  20001afc    00000030     PITA_pem4f.oem4f (.data:ti_sysbios_family_arm_m3_Hwi_Object__table__V)
                  20001b2c    0000002c     PITA_pem4f.oem4f (.data:ti_sysbios_knl_Clock_Module__state__V)
                  20001b58    00000024     PITA_pem4f.oem4f (.data:ti_sysbios_BIOS_Module__state__V)
                  20001b7c    0000001c     PITA_pem4f.oem4f (.data:ti_sysbios_gates_GateMutex_Object__table__V)
                  20001b98    0000001c     PITA_pem4f.oem4f (.data:ti_sysbios_knl_Swi_Module__state__V)
                  20001bb4    00000018     PITA_pem4f.oem4f (.data:ti_sysbios_family_arm_lm4_Timer_Module_State_0_handles__A)
                  20001bcc    0000000c     rtsv7M4_T_le_v4SPD16_eabi.lib : exit.obj (.data:$O1$$)
                  20001bd8    0000000c     PITA_pem4f.oem4f (.data:ti_sysbios_family_arm_lm4_Timer_Module__state__V)
                  20001be4    0000000c     PITA_pem4f.oem4f (.data:ti_sysbios_knl_Task_Module__root__V)
                  20001bf0    0000000c     PITA_pem4f.oem4f (.data:ti_uia_runtime_QueueDescriptor_Module__state__V)
                  20001bfc    0000000c     PITA_pem4f.oem4f (.data:xdc_runtime_HeapStd_Object__table__V)
                  20001c08    0000000c     PITA_pem4f.oem4f (.data:xdc_runtime_SysMin_Module__state__V)
                  20001c14    00000008     rtsv7M4_T_le_v4SPD16_eabi.lib : _lock.obj (.data:$O1$$)
                  20001c1c    00000008     PITA_Funct.obj (.data)
                  20001c24    00000008     ti.uia.runtime.aem4f : QueueDescriptor.oem4f (.data)
                  20001c2c    00000008     PITA_pem4f.oem4f (.data:ti_sysbios_family_arm_lm4_TimestampProvider_Module__state__V)
                  20001c34    00000008     PITA_pem4f.oem4f (.data:ti_sysbios_gates_GateHwi_Module__root__V)
                  20001c3c    00000008     PITA_pem4f.oem4f (.data:ti_sysbios_gates_GateMutex_Module__root__V)
                  20001c44    00000008     PITA_pem4f.oem4f (.data:ti_sysbios_knl_Queue_Module__root__V)
                  20001c4c    00000008     PITA_pem4f.oem4f (.data:ti_sysbios_knl_Semaphore_Module__root__V)
                  20001c54    00000008     PITA_pem4f.oem4f (.data:ti_uia_loggers_LoggerStopMode_Module__root__V)
                  20001c5c    00000008     PITA_pem4f.oem4f (.data:xdc_runtime_HeapStd_Module__root__V)
                  20001c64    00000008     PITA_pem4f.oem4f (.data:xdc_runtime_Registry_Module__state__V)
                  20001c6c    00000008     PITA_pem4f.oem4f (.data:xdc_runtime_Startup_Module__state__V)
                  20001c74    00000008     PITA_pem4f.oem4f (.data:xdc_runtime_System_Module_State_0_atexitHandlers__A)
                  20001c7c    00000008     PITA_pem4f.oem4f (.data:xdc_runtime_System_Module__state__V)
                  20001c84    00000004     rtsv7M4_T_le_v4SPD16_eabi.lib : stkdepth_vars.obj (.data)
                  20001c88    00000004     PITA_pem4f.oem4f (.data:ti_sysbios_family_arm_m3_Hwi_Module_State_0_excContext__A)
                  20001c8c    00000004     PITA_pem4f.oem4f (.data:ti_sysbios_family_arm_m3_Hwi_Module_State_0_excStack__A)
                  20001c90    00000004     PITA_pem4f.oem4f (.data:ti_sysbios_gates_GateHwi_Object__table__V)
                  20001c94    00000004     PITA_pem4f.oem4f (.data:ti_sysbios_knl_Task_Module_State_0_idleTask__A)
                  20001c98    00000004     PITA_pem4f.oem4f (.data:ti_sysbios_utils_Load_Module_State_0_runningTask__A)
                  20001c9c    00000004     PITA_pem4f.oem4f (.data:ti_sysbios_utils_Load_Module_State_0_taskStartTime__A)
                  20001ca0    00000004     PITA_pem4f.oem4f (.data:xdc_runtime_HeapStd_Module__state__V)
                  20001ca4    00000004     PITA_pem4f.oem4f (.data:xdc_runtime_Memory_Module__state__V)
                  20001ca8    00000002     PITA_pem4f.oem4f (.data:ti_sysbios_family_arm_m3_Hwi_Module_State_0_excActive__A)
                  20001caa    00000002     PITA_pem4f.oem4f (.data:xdc_runtime_Error_Module__state__V)
                  20001cac    00000002     PITA_pem4f.oem4f (.data:xdc_runtime_Main_Module__root__V)

.stack     0    20001cb0    00000400     UNINITIALIZED
                  20001cb0    00000400     --HOLE--

.bootVecs 
*          0    00000000    00000008     DSECT
                  00000000    00000008     boot.aem4f : boot.oem4f (.bootVecs)

xdc.meta   0    00000000    000000d1     COPY SECTION
                  00000000    000000d1     PITA_pem4f.oem4f (xdc.meta)

MODULE SUMMARY

       Module                     code    ro data   rw data
       ------                     ----    -------   -------
    .\
       PITA_Funct.obj             4080    32        204    
       PITA_main.obj              64      0         0      
    +--+--------------------------+-------+---------+---------+
       Total:                     4144    32        204    
                                                           
    C:\TI_RTOS\Workspace\PITA\Debug\configPkg\package\cfg\
       PITA_pem4f.oem4f           3092    8932      6498   
    +--+--------------------------+-------+---------+---------+
       Total:                     3092    8932      6498   
                                                           
    C:/ti/tirtos_tivac_2_16_01_14/products/TivaWare_C_Series-2.1.1.71b/driverlib/ccs/Debug/driverlib.lib
       sysctl.obj                 566     108       0      
       gpio.obj                   436     0         0      
       adc.obj                    308     0         0      
       timer.obj                  150     0         0      
       uart.obj                   134     0         0      
    +--+--------------------------+-------+---------+---------+
       Total:                     1594    108       0      
                                                           
    C:\TI_RTOS\Workspace\PITA\src\sysbios\sysbios.aem4f
       BIOS.obj                   11034   0         0      
       m3_Hwi_asm.obj             314     0         0      
       m3_TaskSupport_asm.obj     180     0         0      
       m3_Hwi_asm_switch.obj      118     0         0      
    +--+--------------------------+-------+---------+---------+
       Total:                     11646   0         0      
                                                           
    C:\ti\ccsv6\tools\compiler\arm_15.12.3.LTS\lib\rtsv7M4_T_le_v4SPD16_eabi.lib
       trgdrv.obj                 804     0         8      
       trgmsg.obj                 104     0         288    
       fd_div_t2.obj              310     0         0      
       fd_mul_t2.obj              252     0         0      
       memcpy_t2.obj              156     0         0      
       fd_cmp_t2.obj              134     0         0      
       memset_t2.obj              122     0         0      
       copy_decompress_rle.obj    112     0         0      
       exit.obj                   84      0         12     
       cpy_tbl.obj                76      0         0      
       fd_toi_t2.obj              72      0         0      
       fd_tou_t2.obj              68      0         0      
       u_divt2.obj                64      0         0      
       i_tofd_t2.obj              46      0         0      
       u_tofd_t2.obj              32      0         0      
       _lock.obj                  20      0         8      
       args_main.obj              24      0         0      
       strcpy.obj                 20      0         0      
       strlen.obj                 20      0         0      
       copy_decompress_none.obj   14      0         0      
       stkdepth_vars.obj          0       0         4      
       i_div0.obj                 2       0         0      
    +--+--------------------------+-------+---------+---------+
       Total:                     2536    0         320    
                                                           
    C:\ti\tirtos_tivac_2_16_01_14\products\bios_6_45_02_31\packages\ti\catalog\arm\cortexm4\tiva\ce\lib\Boot.aem4f
       Boot_sysctl.oem4f          262     0         0      
       Boot.oem4f                 152     0         0      
    +--+--------------------------+-------+---------+---------+
       Total:                     414     0         0      
                                                           
    C:\ti\tirtos_tivac_2_16_01_14\products\bios_6_45_02_31\packages\ti\targets\arm\rtsarm\lib\auto_init.aem4f
       auto_init.oem4f            160     0         0      
    +--+--------------------------+-------+---------+---------+
       Total:                     160     0         0      
                                                           
    C:\ti\tirtos_tivac_2_16_01_14\products\bios_6_45_02_31\packages\ti\targets\arm\rtsarm\lib\boot.aem4f
       boot.oem4f                 88      0         0      
    +--+--------------------------+-------+---------+---------+
       Total:                     88      0         0      
                                                           
    C:\ti\tirtos_tivac_2_16_01_14\products\bios_6_45_02_31\packages\ti\targets\arm\rtsarm\lib\ti.targets.arm.rtsarm.aem4f
       System.oem4f               1255    0         0      
       HeapStd.oem4f              714     0         0      
       Text.oem4f                 672     0         0      
       Error.oem4f                524     0         0      
       Core-mem.oem4f             358     0         0      
       Startup.oem4f              328     0         0      
       SysMin.oem4f               248     0         0      
       Core-smem.oem4f            204     0         0      
       Memory.oem4f               176     0         0      
       Assert.oem4f               84      0         0      
       Core-params.oem4f          70      0         0      
       Core-label.oem4f           52      0         0      
       Registry.oem4f             32      0         0      
       Gate.oem4f                 28      0         0      
    +--+--------------------------+-------+---------+---------+
       Total:                     4745    0         0      
                                                           
    C:\ti\tirtos_tivac_2_16_01_14\products\uia_2_00_05_50\packages\ti\uia\loggers\lib\release\ti.uia.loggers.aem4f
       LoggerStopMode.oem4f       552     0         0      
    +--+--------------------------+-------+---------+---------+
       Total:                     552     0         0      
                                                           
    C:\ti\tirtos_tivac_2_16_01_14\products\uia_2_00_05_50\packages\ti\uia\runtime\lib\release\ti.uia.runtime.aem4f
       QueueDescriptor.oem4f      116     0         8      
    +--+--------------------------+-------+---------+---------+
       Total:                     116     0         8      
                                                           
       Stack:                     0       0         1024   
       Linker Generated:          0       1053      0      
    +--+--------------------------+-------+---------+---------+
       Grand Total:               29087   10125     8054   


LINKER GENERATED COPY TABLES

__TI_cinit_table @ 00009994 records: 3, size/record: 8, table size: 24
	.data: load addr=00009588, load size=000003e7 bytes, run addr=20001630, run size=0000067e bytes, compression=rle
	.bss: load addr=00009970, load size=0000000b bytes, run addr=20000380, run size=000012b0 bytes, compression=rle
	.vecs: load addr=00009980, load size=0000000b bytes, run addr=20000000, run size=00000360 bytes, compression=rle


LINKER GENERATED HANDLER TABLE

__TI_handler_table @ 0000998c records: 2, size/record: 4, table size: 8
	index: 0, handler: __TI_decompress_rle24
	index: 1, handler: __TI_decompress_none


GLOBAL SYMBOLS: SORTED ALPHABETICALLY BY Name 

address   name                                                              
-------   ----                                                              
00007191  ADCIntClear                                                       
00006621  ADCIntStatus                                                      
00006d07  ADCProcessorTrigger                                               
000060c1  ADCSequenceConfigure                                              
00006aa9  ADCSequenceDataGet                                                
00007089  ADCSequenceEnable                                                 
00004f85  ADCSequenceStepConfigure                                          
00005995  C$$EXIT                                                           
0000548f  C$$IO$$                                                           
000092ec  Field_Navigation                                                  
[...]
00009308  ti_sysbios_family_arm_lm4_Timer_startupNeeded__C                  
0000930c  ti_sysbios_family_arm_m3_Hwi_E_NMI__C                             
00009310  ti_sysbios_family_arm_m3_Hwi_E_busFault__C                        
00009314  ti_sysbios_family_arm_m3_Hwi_E_debugMon__C                        
00009318  ti_sysbios_family_arm_m3_Hwi_E_hardFault__C                       
0000931c  ti_sysbios_family_arm_m3_Hwi_E_memFault__C                        
00009320  ti_sysbios_family_arm_m3_Hwi_E_noIsr__C                           
00009324  ti_sysbios_family_arm_m3_Hwi_E_reserved__C                        
00009328  ti_sysbios_family_arm_m3_Hwi_E_svCall__C                          
0000932c  ti_sysbios_family_arm_m3_Hwi_E_usageFault__C                      
00009330  ti_sysbios_family_arm_m3_Hwi_LD_end__C                            
00009334  ti_sysbios_family_arm_m3_Hwi_LM_begin__C                          
00009338  ti_sysbios_family_arm_m3_Hwi_Module__diagsEnabled__C              
0000933c  ti_sysbios_family_arm_m3_Hwi_Module__diagsIncluded__C             
00009340  ti_sysbios_family_arm_m3_Hwi_Module__diagsMask__C                 
00009344  ti_sysbios_family_arm_m3_Hwi_Module__loggerFxn1__C                
00009348  ti_sysbios_family_arm_m3_Hwi_Module__loggerFxn8__C                
0000934c  ti_sysbios_family_arm_m3_Hwi_Module__loggerObj__C                 
00009350  ti_sysbios_family_arm_m3_Hwi_NUM_INTERRUPTS__C                    
00009354  ti_sysbios_family_arm_m3_Hwi_Object__count__C                     
00009358  ti_sysbios_family_arm_m3_Hwi_ccr__C                               
0000935c  ti_sysbios_family_arm_m3_Hwi_excHandlerFunc__C                    
00009360  ti_sysbios_family_arm_m3_Hwi_excHookFuncs__C                      
00009364  ti_sysbios_family_arm_m3_Hwi_nullIsrFunc__C                       
00009368  ti_sysbios_family_arm_m3_Hwi_priGroup__C                          
0000936c  ti_sysbios_gates_GateMutex_A_badContext__C                        
00009370  ti_sysbios_gates_GateMutex_Instance_State_sem__O                  
00009374  ti_sysbios_gates_GateMutex_Module__diagsEnabled__C                
00009378  ti_sysbios_gates_GateMutex_Module__diagsIncluded__C               
0000937c  ti_sysbios_gates_GateMutex_Module__diagsMask__C                   
00009380  ti_sysbios_hal_Hwi_E_stackOverflow__C                             
00009384  ti_sysbios_knl_Clock_LM_begin__C                                  
00009388  ti_sysbios_knl_Clock_LM_tick__C                                   
0000938c  ti_sysbios_knl_Clock_LW_delayed__C                                
00009390  ti_sysbios_knl_Clock_Module_State_clockQ__O                       
00009394  ti_sysbios_knl_Clock_Module__diagsEnabled__C                      
00009398  ti_sysbios_knl_Clock_Module__diagsIncluded__C                     
0000939c  ti_sysbios_knl_Clock_Module__diagsMask__C                         
000093a0  ti_sysbios_knl_Clock_Module__loggerFxn1__C                        
000093a4  ti_sysbios_knl_Clock_Module__loggerFxn2__C                        
000093a8  ti_sysbios_knl_Clock_Module__loggerObj__C                         
000093ac  ti_sysbios_knl_Semaphore_A_badContext__C                          
000093b0  ti_sysbios_knl_Semaphore_A_noEvents__C                            
000093b4  ti_sysbios_knl_Semaphore_A_overflow__C                            
000093b8  ti_sysbios_knl_Semaphore_A_pendTaskDisabled__C                    
000093bc  ti_sysbios_knl_Semaphore_Instance_State_pendQ__O                  
000093c0  ti_sysbios_knl_Semaphore_LM_pend__C                               
000093c4  ti_sysbios_knl_Semaphore_LM_post__C                               
000093c8  ti_sysbios_knl_Semaphore_Module__diagsEnabled__C                  
000093cc  ti_sysbios_knl_Semaphore_Module__diagsIncluded__C                 
000093d0  ti_sysbios_knl_Semaphore_Module__diagsMask__C                     
000093d4  ti_sysbios_knl_Semaphore_Module__loggerFxn2__C                    
000093d8  ti_sysbios_knl_Semaphore_Module__loggerFxn4__C                    
000093dc  ti_sysbios_knl_Semaphore_Module__loggerObj__C                     
000093e0  ti_sysbios_knl_Swi_LD_end__C                                      
000093e4  ti_sysbios_knl_Swi_LM_begin__C                                    
000093e8  ti_sysbios_knl_Swi_LM_post__C                                     
000093ec  ti_sysbios_knl_Swi_Module__diagsEnabled__C                        
000093f0  ti_sysbios_knl_Swi_Module__diagsIncluded__C                       
000093f4  ti_sysbios_knl_Swi_Module__diagsMask__C                           
000093f8  ti_sysbios_knl_Swi_Module__loggerFxn1__C                          
000093fc  ti_sysbios_knl_Swi_Module__loggerFxn4__C                          
00009400  ti_sysbios_knl_Swi_Module__loggerObj__C                           
00009404  ti_sysbios_knl_Swi_Object__count__C                               
00009408  ti_sysbios_knl_Task_E_spOutOfBounds__C                            
0000940c  ti_sysbios_knl_Task_E_stackOverflow__C                            
00009410  ti_sysbios_knl_Task_LD_block__C                                   
00009414  ti_sysbios_knl_Task_LD_exit__C                                    
00009418  ti_sysbios_knl_Task_LD_ready__C                                   
0000941c  ti_sysbios_knl_Task_LM_switch__C                                  
00009420  ti_sysbios_knl_Task_Module_State_inactiveQ__O                     
00009424  ti_sysbios_knl_Task_Module__diagsEnabled__C                       
00009428  ti_sysbios_knl_Task_Module__diagsIncluded__C                      
0000942c  ti_sysbios_knl_Task_Module__diagsMask__C                          
00009430  ti_sysbios_knl_Task_Module__loggerFxn2__C                         
00009434  ti_sysbios_knl_Task_Module__loggerFxn4__C                         
00009438  ti_sysbios_knl_Task_Module__loggerObj__C                          
0000943c  ti_sysbios_knl_Task_Object__count__C                              
00009440  ti_sysbios_knl_Task_allBlockedFunc__C                             
00009444  ti_sysbios_knl_Task_numConstructedTasks__C                        
00009448  ti_sysbios_utils_Load_LS_cpuLoad__C                               
0000944c  ti_sysbios_utils_Load_Module__diagsEnabled__C                     
00009450  ti_sysbios_utils_Load_Module__diagsIncluded__C                    
00009454  ti_sysbios_utils_Load_Module__diagsMask__C                        
00009458  ti_sysbios_utils_Load_Module__loggerFxn1__C                       
0000945c  ti_sysbios_utils_Load_Module__loggerObj__C                        
00009460  ti_sysbios_utils_Load_postUpdate__C                               
00009464  ti_sysbios_utils_Load_windowInMs__C                               
00009468  ti_uia_loggers_LoggerStopMode_Module__diagsEnabled__C             
0000946c  ti_uia_loggers_LoggerStopMode_Module__diagsIncluded__C            
00009470  ti_uia_loggers_LoggerStopMode_Module__diagsMask__C                
00009474  ti_uia_loggers_LoggerStopMode_Object__count__C                    
00009478  ti_uia_runtime_ILoggerSnapshot_Interface__BASE__C                 
0000947c  ti_uia_runtime_IUIATransfer_Interface__BASE__C                    
00009480  xdc_runtime_Assert_E_assertFailed__C                              
00009484  xdc_runtime_Core_A_initializedParams__C                           
00009488  xdc_runtime_Core_Module__diagsEnabled__C                          
0000948c  xdc_runtime_Core_Module__diagsIncluded__C                         
00009490  xdc_runtime_Core_Module__diagsMask__C                             
00009494  xdc_runtime_Error_E_memory__C                                     
00009498  xdc_runtime_Error_Module__diagsEnabled__C                         
0000949c  xdc_runtime_Error_Module__diagsIncluded__C                        
000094a0  xdc_runtime_Error_Module__diagsMask__C                            
000094a4  xdc_runtime_Error_Module__loggerFxn8__C                           
000094a8  xdc_runtime_Error_Module__loggerObj__C                            
000094ac  xdc_runtime_Error_policyFxn__C                                    
000094b0  xdc_runtime_Error_raiseHook__C                                    
000094b4  xdc_runtime_HeapStd_A_align__C                                    
000094b8  xdc_runtime_HeapStd_A_invalidTotalFreeSize__C                     
000094bc  xdc_runtime_HeapStd_A_zeroSize__C                                 
000094c0  xdc_runtime_HeapStd_E_noRTSMemory__C                              
000094c4  xdc_runtime_HeapStd_Module__diagsEnabled__C                       
000094c8  xdc_runtime_HeapStd_Module__diagsIncluded__C                      
000094cc  xdc_runtime_HeapStd_Module__diagsMask__C                          
000094d0  xdc_runtime_IFilterLogger_Interface__BASE__C                      
000094d4  xdc_runtime_IGateProvider_Interface__BASE__C                      
000094d8  xdc_runtime_IHeap_Interface__BASE__C                              
000094dc  xdc_runtime_ILogger_Interface__BASE__C                            
000094e0  xdc_runtime_IModule_Interface__BASE__C                            
000094e4  xdc_runtime_Log_L_error__C                                        
000094e8  xdc_runtime_Log_L_info__C                                         
000094ec  xdc_runtime_Main_Module__diagsEnabled__C                          
000094f0  xdc_runtime_Main_Module__diagsIncluded__C                         
000094f4  xdc_runtime_Main_Module__diagsMask__C                             
000094f8  xdc_runtime_Main_Module__loggerFxn4__C                            
000094fc  xdc_runtime_Main_Module__loggerObj__C                             
00009500  xdc_runtime_Memory_defaultHeapInstance__C                         
00009504  xdc_runtime_Startup_execImpl__C                                   
00009508  xdc_runtime_Startup_lastFxns__A                                   
0000950c  xdc_runtime_Startup_maxPasses__C                                  
00009510  xdc_runtime_Startup_sfxnRts__C                                    
00009514  xdc_runtime_Startup_sfxnTab__C                                    
00009518  xdc_runtime_SysMin_bufSize__C                                     
0000951c  xdc_runtime_SysMin_outputFunc__C                                  
00009520  xdc_runtime_System_Module__gateObj__C                             
00009524  xdc_runtime_System_abortFxn__C                                    
00009528  xdc_runtime_System_exitFxn__C                                     
0000952c  xdc_runtime_System_extendFxn__C                                   
00009530  xdc_runtime_System_maxAtexitHandlers__C                           
00009534  xdc_runtime_Text_charTab__C                                       
00009538  xdc_runtime_Text_nameEmpty__C                                     
0000953c  xdc_runtime_Text_nameStatic__C                                    
00009540  xdc_runtime_Text_nameUnknown__C                                   
00009544  xdc_runtime_Text_nodeTab__C                                       
00009548  xdc_runtime_Text_visitRopeFxn__C                                  
0000954c  ti_sysbios_family_arm_lm4_TimestampProvider_useClockTimer__C      
0000954e  ti_sysbios_family_arm_m3_Hwi_Module__id__C                        
00009550  ti_sysbios_family_arm_m3_Hwi_Module__loggerDefined__C             
00009552  ti_sysbios_gates_GateMutex_Module__id__C                          
00009554  ti_sysbios_hal_Hwi_Module__id__C                                  
00009556  ti_sysbios_knl_Clock_Module__id__C                                
00009558  ti_sysbios_knl_Clock_Module__loggerDefined__C                     
0000955a  ti_sysbios_knl_Semaphore_Module__id__C                            
0000955c  ti_sysbios_knl_Semaphore_Module__loggerDefined__C                 
0000955e  ti_sysbios_knl_Swi_Module__id__C                                  
00009560  ti_sysbios_knl_Swi_Module__loggerDefined__C                       
00009562  ti_sysbios_knl_Task_Module__id__C                                 
00009564  ti_sysbios_knl_Task_Module__loggerDefined__C                      
00009566  ti_sysbios_utils_Load_Module__id__C                               
00009568  ti_sysbios_utils_Load_Module__loggerDefined__C                    
0000956a  ti_sysbios_utils_Load_updateInIdle__C                             
0000956c  ti_uia_loggers_LoggerStopMode_Module__id__C                       
0000956e  ti_uia_loggers_LoggerStopMode_isTimestampEnabled__C               
00009570  xdc_runtime_Core_Module__id__C                                    
00009572  xdc_runtime_Error_Module__loggerDefined__C                        
00009574  xdc_runtime_Error_maxDepth__C                                     
00009576  xdc_runtime_HeapStd_Module__id__C                                 
00009578  xdc_runtime_Main_Module__id__C                                    
0000957a  xdc_runtime_Main_Module__loggerDefined__C                         
0000957c  xdc_runtime_Memory_Module__id__C                                  
0000957e  xdc_runtime_SysMin_flushAtExit__C                                 
00009580  xdc_runtime_Text_charCnt__C                                       
00009582  xdc_runtime_Text_isLoaded__C                                      
00009584  xdc_runtime_Text_registryModsLastId__C                            
00009586  xdc_runtime_Text_unnamedModsLastId__C                             
00009588  __TI_static_base__                                                
0000998c  __TI_Handler_Table_Base                                           
00009994  __TI_CINIT_Base                                                   
00009994  __TI_Handler_Table_Limit                                          
000099ac  __TI_CINIT_Limit                                                  
20000000  ti_sysbios_family_arm_m3_Hwi_ramVectors                           
20000380  ti_uia_loggers_LoggerStopMode_Instance_State_1_packetArray__A     
20000780  ti_uia_loggers_LoggerStopMode_Instance_State_2_packetArray__A     
20000b80  ti_sysbios_family_arm_m3_Hwi_dispatchTable                        
20000ee0  ti_sysbios_knl_Task_Instance_State_0_stack__A                     
20001100  ti_uia_loggers_LoggerStopMode_Instance_State_0_packetArray__A     
20001300  __CIOBUF_                                                         
20001420  xdc_runtime_SysMin_Module_State_0_outbuf__A                       
20001500  ti_uia_loggers_LoggerStopMode_Instance_State_0_hdr__A             
20001580  ti_uia_loggers_LoggerStopMode_Instance_State_1_hdr__A             
20001600  ti_uia_loggers_LoggerStopMode_Instance_State_2_hdr__A             
20001630  game_field                                                        
200016f4  ti_uia_loggers_LoggerStopMode_Object__table__V                    
20001790  ti_sysbios_utils_Load_Module__state__V                            
20001828  ti_sysbios_family_arm_lm4_Timer_Object__table__V                  
200018a8  ti_sysbios_knl_Swi_Module_State_0_readyQ__A                       
20001928  ti_sysbios_knl_Task_Module_State_0_readyQ__A                      
200019a8  ti_sysbios_knl_Swi_Object__table__V                               
20001a08  ti_sysbios_knl_Task_Object__table__V                              
20001a54  ti_sysbios_knl_Task_Module__state__V                              
20001a98  ti_sysbios_family_arm_m3_Hwi_Module__state__V                     
20001acc  ti_sysbios_family_arm_lm4_Timer_Module_State_0_device__A          
20001afc  ti_sysbios_family_arm_m3_Hwi_Object__table__V                     
20001b2c  ti_sysbios_knl_Clock_Module__state__V                             
20001b58  ti_sysbios_BIOS_Module__state__V                                  
20001b7c  ti_sysbios_gates_GateMutex_Object__table__V                       
20001b98  ti_sysbios_knl_Swi_Module__state__V                               
20001bb4  ti_sysbios_family_arm_lm4_Timer_Module_State_0_handles__A         
20001bcc  __TI_cleanup_ptr                                                  
20001bd0  __TI_dtors_ptr                                                    
20001bd4  __TI_enable_exit_profile_output                                   
20001bd8  ti_sysbios_family_arm_lm4_Timer_Module__state__V                  
20001be4  ti_sysbios_knl_Task_Module__root__V                               
20001bf0  ti_uia_runtime_QueueDescriptor_Module__state__V                   
20001bfc  xdc_runtime_HeapStd_Object__table__V                              
20001c08  xdc_runtime_SysMin_Module__state__V                               
20001c14  _lock                                                             
20001c18  _unlock                                                           
20001c1c  i16ToggleCount                                                    
20001c20  grid_orientation                                                  
20001c24  ti_uia_runtime_QueueDescriptor_gPtrToFirstDescriptor              
20001c28  ti_uia_runtime_QueueDescriptor_gUpdateCount                       
20001c2c  ti_sysbios_family_arm_lm4_TimestampProvider_Module__state__V      
20001c34  ti_sysbios_gates_GateHwi_Module__root__V                          
20001c3c  ti_sysbios_gates_GateMutex_Module__root__V                        
20001c44  ti_sysbios_knl_Queue_Module__root__V                              
20001c4c  ti_sysbios_knl_Semaphore_Module__root__V                          
20001c54  ti_uia_loggers_LoggerStopMode_Module__root__V                     
20001c5c  xdc_runtime_HeapStd_Module__root__V                               
20001c64  xdc_runtime_Registry_Module__state__V                             
20001c6c  xdc_runtime_Startup_Module__state__V                              
20001c74  xdc_runtime_System_Module_State_0_atexitHandlers__A               
20001c7c  xdc_runtime_System_Module__state__V                               
20001c84  main_func_sp                                                      
20001c88  ti_sysbios_family_arm_m3_Hwi_Module_State_0_excContext__A         
20001c8c  ti_sysbios_family_arm_m3_Hwi_Module_State_0_excStack__A           
20001c90  ti_sysbios_gates_GateHwi_Object__table__V                         
20001c94  ti_sysbios_knl_Task_Module_State_0_idleTask__A                    
20001c98  ti_sysbios_utils_Load_Module_State_0_runningTask__A               
20001c9c  ti_sysbios_utils_Load_Module_State_0_taskStartTime__A             
20001ca0  xdc_runtime_HeapStd_Module__state__V                              
20001ca4  xdc_runtime_Memory_Module__state__V                               
20001ca8  ti_sysbios_family_arm_m3_Hwi_Module_State_0_excActive__A          
20001caa  xdc_runtime_Error_Module__state__V                                
20001cac  xdc_runtime_Main_Module__root__V                                  
20001cb0  __stack                                                           
200020b0  __STACK_END                                                       
e000e000  ti_sysbios_family_arm_m3_Hwi_nvic                                 
ffffffff  __TI_pprof_out_hndl                                               
ffffffff  __TI_prof_data_size                                               
ffffffff  __TI_prof_data_start                                              
ffffffff  __binit__                                                         
ffffffff  __c_args__                                                        
ffffffff  binit                                                             
UNDEFED   SHT$$INIT_ARRAY$$Base                                             
UNDEFED   SHT$$INIT_ARRAY$$Limit                                            

[687 symbols]
